[2026-09-05 23:48:30] =========================================
[2026-09-05 23:48:30] GPU监控脚本启动 (Random任务)
[2026-09-05 23:48:30] =========================================
[2026-09-05 23:48:30] 配置信息:
[2026-09-05 23:48:30]   - 初始等待时间: 4 小时
[2026-09-05 23:48:30]   - 检查间隔: 20 分钟
[2026-09-05 23:48:30]   - 目标GPU: 0
[2026-09-05 23:48:30]   - 显存阈值: 5000MiB
[2026-09-05 23:48:30]   - 启动脚本: personal/work2/duibi/train_and_eval_scripts/launch_random.sh
[2026-09-05 23:48:30]   - 启动参数: 42 1 pick_place-v3_corner
[2026-09-05 23:48:30]   - 日志文件: /data/zhonglinye/jun/lerobot/personal/work2/gpu_monitor_logs/monitor_random_20260905_234830.log
[2026-09-05 23:48:30] =========================================
[2026-09-05 23:48:30] === 当前GPU状态 ===
Sat Sep  5 23:48:30 2026       
+-----------------------------------------------------------------------------------------+
| NVIDIA-SMI 580.173.02             Driver Version: 580.173.02     CUDA Version: 13.0     |
+-----------------------------------------+------------------------+----------------------+
| GPU  Name                 Persistence-M | Bus-Id          Disp.A | Volatile Uncorr. ECC |
| Fan  Temp   Perf          Pwr:Usage/Cap |           Memory-Usage | GPU-Util  Compute M. |
|                                         |                        |               MIG M. |
|=========================================+========================+======================|
|   0  NVIDIA GeForce RTX 3090        Off |   00000000:1A:00.0 Off |                  N/A |
| 75%   57C    P2            121W /  350W |   15456MiB /  24576MiB |      0%      Default |
|                                         |                        |                  N/A |
+-----------------------------------------+------------------------+----------------------+
|   1  NVIDIA GeForce RTX 3090        Off |   00000000:3D:00.0 Off |                  N/A |
| 42%   52C    P2            119W /  350W |   17050MiB /  24576MiB |      0%      Default |
|                                         |                        |                  N/A |
+-----------------------------------------+------------------------+----------------------+
|   2  NVIDIA GeForce RTX 3090        Off |   00000000:5E:00.0 Off |                  N/A |
| 46%   56C    P2            252W /  350W |   24078MiB /  24576MiB |     53%      Default |
|                                         |                        |                  N/A |
+-----------------------------------------+------------------------+----------------------+
|   3  NVIDIA GeForce RTX 3090        Off |   00000000:89:00.0 Off |                  N/A |
| 33%   52C    P2            223W /  350W |   24074MiB /  24576MiB |     65%      Default |
|                                         |                        |                  N/A |
+-----------------------------------------+------------------------+----------------------+
|   4  NVIDIA GeForce RTX 3090        Off |   00000000:B2:00.0 Off |                  N/A |
| 34%   48C    P2            105W /  350W |   22002MiB /  24576MiB |      0%      Default |
|                                         |                        |                  N/A |
+-----------------------------------------+------------------------+----------------------+

+-----------------------------------------------------------------------------------------+
| Processes:                                                                              |
|  GPU   GI   CI              PID   Type   Process name                        GPU Memory |
|        ID   ID                                                               Usage      |
|=========================================================================================|
|    0   N/A  N/A         4069536      C   ...envs/lb_server/bin/python3.12      15430MiB |
|    1   N/A  N/A         4068552      C   ...envs/lb_server/bin/python3.12      17024MiB |
|    2   N/A  N/A          649812      C   python                                24066MiB |
|    3   N/A  N/A         2564238      C   python                                24062MiB |
|    4   N/A  N/A         1726127      C   python                                21990MiB |
+-----------------------------------------------------------------------------------------+
[2026-09-05 23:48:30] ===================
[2026-09-05 23:48:30] 开始等待 4 小时...
[2026-09-05 23:48:30] 预计开始检查时间: 2026-09-06 03:48:30
[2026-09-05 23:48:30] 等待期间脚本将持续运行，请勿关闭终端
[2026-09-05 23:48:30] 
[2026-09-05 23:48:30] 倒计时: 4小时 0分钟 0秒
[2026-09-05 23:51:30] 
[2026-09-05 23:51:30] =========================================
[2026-09-05 23:51:30] 收到中断信号，监控脚本退出
[2026-09-05 23:51:30] 日志已保存到: /data/zhonglinye/jun/lerobot/personal/work2/gpu_monitor_logs/monitor_random_20260905_234830.log
[2026-09-05 23:51:30] =========================================
