[2026-09-08 22:59:20] =========================================
[2026-09-08 22:59:20] GPU监控脚本启动
[2026-09-08 22:59:20] =========================================
[2026-09-08 22:59:20] 配置信息:
[2026-09-08 22:59:20]   - 初始等待时间: 2 小时
[2026-09-08 22:59:20]   - 检查间隔: 20 分钟
[2026-09-08 22:59:20]   - 目标GPU: 0
[2026-09-08 22:59:20]   - 显存阈值: 5000MiB
[2026-09-08 22:59:20]   - 日志文件: /data/zhonglinye/jun/lerobot/personal/work2/gpu_monitor_logs/monitor_grid_uniform_20260908_225920.log
[2026-09-08 22:59:20] =========================================
[2026-09-08 22:59:20] === 当前GPU状态 ===
Tue Sep  8 22:59:20 2026       
+-----------------------------------------------------------------------------------------+
| NVIDIA-SMI 580.173.02             Driver Version: 580.173.02     CUDA Version: 13.0     |
+-----------------------------------------+------------------------+----------------------+
| GPU  Name                 Persistence-M | Bus-Id          Disp.A | Volatile Uncorr. ECC |
| Fan  Temp   Perf          Pwr:Usage/Cap |           Memory-Usage | GPU-Util  Compute M. |
|                                         |                        |               MIG M. |
|=========================================+========================+======================|
|   0  NVIDIA GeForce RTX 3090        Off |   00000000:1A:00.0 Off |                  N/A |
| 83%   69C    P2            332W /  350W |    3740MiB /  24576MiB |    100%      Default |
|                                         |                        |                  N/A |
+-----------------------------------------+------------------------+----------------------+
|   1  NVIDIA GeForce RTX 3090        Off |   00000000:3D:00.0 Off |                  N/A |
| 44%   72C    P2            228W /  350W |    5758MiB /  24576MiB |    100%      Default |
|                                         |                        |                  N/A |
+-----------------------------------------+------------------------+----------------------+
|   2  NVIDIA GeForce RTX 3090        Off |   00000000:5E:00.0 Off |                  N/A |
| 82%   72C    P2            312W /  350W |   11922MiB /  24576MiB |    100%      Default |
|                                         |                        |                  N/A |
+-----------------------------------------+------------------------+----------------------+
|   3  NVIDIA GeForce RTX 3090        Off |   00000000:89:00.0 Off |                  N/A |
| 30%   30C    P8             23W /  350W |       1MiB /  24576MiB |      0%      Default |
|                                         |                        |                  N/A |
+-----------------------------------------+------------------------+----------------------+
|   4  NVIDIA GeForce RTX 3090        Off |   00000000:B2:00.0 Off |                  N/A |
| 36%   63C    P2            262W /  350W |   22016MiB /  24576MiB |    100%      Default |
|                                         |                        |                  N/A |
+-----------------------------------------+------------------------+----------------------+

+-----------------------------------------------------------------------------------------+
| Processes:                                                                              |
|  GPU   GI   CI              PID   Type   Process name                        GPU Memory |
|        ID   ID                                                               Usage      |
|=========================================================================================|
|    0   N/A  N/A         3935411      C   ...envs/lb_server/bin/python3.12       4498MiB |
|    1   N/A  N/A         1489844      C   ...envs/lb_server/bin/python3.12       8402MiB |
|    2   N/A  N/A         1570489      C   ...envs/lb_server/bin/python3.12       9904MiB |
|    4   N/A  N/A          283432      C   python                                22004MiB |
+-----------------------------------------------------------------------------------------+
[2026-09-08 22:59:20] ===================
[2026-09-08 22:59:20] 开始等待 2 小时...
[2026-09-08 22:59:20] 预计开始检查时间: 2026-09-09 00:59:20
[2026-09-08 22:59:20] 等待期间脚本将持续运行，请勿关闭终端
[2026-09-08 22:59:20] 
[2026-09-08 22:59:20] 倒计时: 2小时 0分钟 0秒
[2026-09-08 23:04:20] 倒计时: 1小时 55分钟 0秒
[2026-09-08 23:09:20] 倒计时: 1小时 50分钟 0秒
[2026-09-08 23:14:20] 倒计时: 1小时 45分钟 0秒
[2026-09-08 23:19:20] 倒计时: 1小时 40分钟 0秒
[2026-09-08 23:24:20] 倒计时: 1小时 35分钟 0秒
[2026-09-08 23:29:20] 倒计时: 1小时 30分钟 0秒
[2026-09-08 23:34:20] 倒计时: 1小时 25分钟 0秒
[2026-09-08 23:39:20] 倒计时: 1小时 20分钟 0秒
[2026-09-08 23:44:20] 倒计时: 1小时 15分钟 0秒
[2026-09-08 23:49:20] 倒计时: 1小时 10分钟 0秒
[2026-09-08 23:54:20] 倒计时: 1小时 5分钟 0秒
[2026-09-08 23:59:20] 倒计时: 1小时 0分钟 0秒
[2026-09-09 00:04:20] 倒计时: 0小时 55分钟 0秒
[2026-09-09 00:09:20] 倒计时: 0小时 50分钟 0秒
[2026-09-09 00:14:20] 倒计时: 0小时 45分钟 0秒
[2026-09-09 00:19:20] 倒计时: 0小时 40分钟 0秒
[2026-09-09 00:24:20] 倒计时: 0小时 35分钟 0秒
[2026-09-09 00:29:20] 倒计时: 0小时 30分钟 0秒
[2026-09-09 00:34:20] 倒计时: 0小时 25分钟 0秒
[2026-09-09 00:39:20] 倒计时: 0小时 20分钟 0秒
[2026-09-09 00:44:20] 倒计时: 0小时 15分钟 0秒
[2026-09-09 00:49:20] 倒计时: 0小时 10分钟 0秒
[2026-09-09 00:54:20] 倒计时: 0小时 5分钟 0秒
[2026-09-09 00:58:20] 倒计时: 0小时 1分钟 0秒
[2026-09-09 00:59:20] 
[2026-09-09 00:59:21] =========================================
[2026-09-09 00:59:21] 等待结束！开始检查GPU状态...
[2026-09-09 00:59:21] =========================================
[2026-09-09 00:59:21] 
[2026-09-09 00:59:21] --- 第 1 次检查 [2026-09-09 00:59:21] ---
[2026-09-09 00:59:22] GPU 0 当前显存使用: 2957MiB
[2026-09-09 00:59:22] 阈值: 5000MiB
[2026-09-09 00:59:22] === 当前GPU状态 ===
Wed Sep  9 00:59:22 2026       
+-----------------------------------------------------------------------------------------+
| NVIDIA-SMI 580.173.02             Driver Version: 580.173.02     CUDA Version: 13.0     |
+-----------------------------------------+------------------------+----------------------+
| GPU  Name                 Persistence-M | Bus-Id          Disp.A | Volatile Uncorr. ECC |
| Fan  Temp   Perf          Pwr:Usage/Cap |           Memory-Usage | GPU-Util  Compute M. |
|                                         |                        |               MIG M. |
|=========================================+========================+======================|
|   0  NVIDIA GeForce RTX 3090        Off |   00000000:1A:00.0 Off |                  N/A |
| 78%   62C    P2            163W /  350W |    3020MiB /  24576MiB |      1%      Default |
|                                         |                        |                  N/A |
+-----------------------------------------+------------------------+----------------------+
|   1  NVIDIA GeForce RTX 3090        Off |   00000000:3D:00.0 Off |                  N/A |
| 44%   64C    P2            252W /  350W |   14766MiB /  24576MiB |      9%      Default |
|                                         |                        |                  N/A |
+-----------------------------------------+------------------------+----------------------+
|   2  NVIDIA GeForce RTX 3090        Off |   00000000:5E:00.0 Off |                  N/A |
| 49%   37C    P8             29W /  350W |    2655MiB /  24576MiB |      0%      Default |
|                                         |                        |                  N/A |
+-----------------------------------------+------------------------+----------------------+
|   3  NVIDIA GeForce RTX 3090        Off |   00000000:89:00.0 Off |                  N/A |
| 30%   26C    P8             22W /  350W |       2MiB /  24576MiB |      0%      Default |
|                                         |                        |                  N/A |
+-----------------------------------------+------------------------+----------------------+
|   4  NVIDIA GeForce RTX 3090        Off |   00000000:B2:00.0 Off |                  N/A |
| 33%   40C    P5             23W /  350W |   21992MiB /  24576MiB |      0%      Default |
|                                         |                        |                  N/A |
+-----------------------------------------+------------------------+----------------------+

+-----------------------------------------------------------------------------------------+
| Processes:                                                                              |
|  GPU   GI   CI              PID   Type   Process name                        GPU Memory |
|        ID   ID                                                               Usage      |
|=========================================================================================|
|    0   N/A  N/A         2379083      G   ...envs/lb_server/bin/python3.12          4MiB |
|    0   N/A  N/A         2379084      G   ...envs/lb_server/bin/python3.12          4MiB |
|    0   N/A  N/A         2379085      G   ...envs/lb_server/bin/python3.12          4MiB |
|    0   N/A  N/A         2379086      G   ...envs/lb_server/bin/python3.12          4MiB |
|    0   N/A  N/A         2379087      G   ...envs/lb_server/bin/python3.12          4MiB |
|    0   N/A  N/A         2379088      G   ...envs/lb_server/bin/python3.12          4MiB |
|    0   N/A  N/A         2379089      G   ...envs/lb_server/bin/python3.12          4MiB |
|    0   N/A  N/A         2379090      G   ...envs/lb_server/bin/python3.12          4MiB |
|    0   N/A  N/A         2379091      G   ...envs/lb_server/bin/python3.12          4MiB |
|    0   N/A  N/A         2379092      G   ...envs/lb_server/bin/python3.12          4MiB |
|    0   N/A  N/A         2379093      G   ...envs/lb_server/bin/python3.12          4MiB |
|    0   N/A  N/A         2379094      G   ...envs/lb_server/bin/python3.12          4MiB |
|    0   N/A  N/A         2379095      G   ...envs/lb_server/bin/python3.12          4MiB |
|    0   N/A  N/A         2379096      G   ...envs/lb_server/bin/python3.12          3MiB |
|    0   N/A  N/A         2379097      G   ...envs/lb_server/bin/python3.12          4MiB |
|    0   N/A  N/A         2379098      G   ...envs/lb_server/bin/python3.12          4MiB |
|    0   N/A  N/A         3935411      C   ...envs/lb_server/bin/python3.12       2802MiB |
|    1   N/A  N/A         1489844      C   ...envs/lb_server/bin/python3.12      15260MiB |
|    2   N/A  N/A         1570489      C   ...envs/lb_server/bin/python3.12       2642MiB |
|    4   N/A  N/A         1294151      C   python                                21980MiB |
+-----------------------------------------------------------------------------------------+
[2026-09-09 00:59:22] ===================
[2026-09-09 00:59:22] >>> 条件满足！显存使用 2957MiB < 5000MiB
[2026-09-09 00:59:22] =========================================
[2026-09-09 00:59:22] 满足条件！开始启动训练任务...
[2026-09-09 00:59:22] GPU 0 显存使用: 2957MiB < 5000MiB
[2026-09-09 00:59:22] 执行命令: bash personal/work2/duibi/train_and_eval_scripts/launch_grid_uniform.sh 0 pick_place-v3_corner
[2026-09-09 00:59:22] =========================================
Dataset path saved: /data/zhonglinye/jun/lerobot/personal/work2/dataset_view/disassemble-v3_corner
Launched experiment: grid_uniform_pick_place-v3_corner_seed42
tmux session: grid_uniform_eppick_place-v3_corner_s42_disassemble-v3_corner
Output dir: /data/zhonglinye/jun/lerobot/personal/work2/duibi/grid_uniform_eppick_place-v3_corner_seed42_disassemble-v3_corner
Dataset: disassemble-v3_corner
Dataset Path: /data/zhonglinye/jun/lerobot/personal/work2/dataset_view/disassemble-v3_corner
Episodes: pick_place-v3_corner

Monitor with:
tmux attach -t grid_uniform_eppick_place-v3_corner_s42_disassemble-v3_corner

Check logs:
tail -f /data/zhonglinye/jun/lerobot/personal/work2/duibi/grid_uniform_eppick_place-v3_corner_seed42_disassemble-v3_corner/logs/grid_uniform_pick_place-v3_corner_seed42.log
[2026-09-09 00:59:22] =========================================
[2026-09-09 00:59:22] 训练任务已成功启动！
[2026-09-09 00:59:22] =========================================
[2026-09-09 00:59:22] 
[2026-09-09 00:59:22] =========================================
[2026-09-09 00:59:22] 监控任务完成！
[2026-09-09 00:59:22] 训练任务已启动，监控脚本退出
[2026-09-09 00:59:22] 完整日志保存在: /data/zhonglinye/jun/lerobot/personal/work2/gpu_monitor_logs/monitor_grid_uniform_20260908_225920.log
[2026-09-09 00:59:22] =========================================
