[2026-09-06 00:09:27] =========================================
[2026-09-06 00:09:27] GPU监控脚本启动 (TinyVLA-B任务)
[2026-09-06 00:09:27] =========================================
[2026-09-06 00:09:27] 配置信息:
[2026-09-06 00:09:27]   - 初始等待时间: 6 小时
[2026-09-06 00:09:27]   - 检查间隔: 20 分钟
[2026-09-06 00:09:27]   - 目标GPU: 1
[2026-09-06 00:09:27]   - 显存阈值: 5000MiB
[2026-09-06 00:09:27]   - 启动脚本: personal/work2/differentvlm/scripts/run_tinyvla.sh
[2026-09-06 00:09:27]   - 启动参数: tinyvla-b --dataset disassemble-v3_corner --gpu 1 --num_episodes 112
[2026-09-06 00:09:27]   - 日志文件: /data/zhonglinye/jun/lerobot/personal/work2/gpu_monitor_logs/monitor_tinyvla_b_20260906_000927.log
[2026-09-06 00:09:27] =========================================
[2026-09-06 00:09:27] === 当前GPU状态 ===
Sun Sep  6 00:09:27 2026       
+-----------------------------------------------------------------------------------------+
| NVIDIA-SMI 580.173.02             Driver Version: 580.173.02     CUDA Version: 13.0     |
+-----------------------------------------+------------------------+----------------------+
| GPU  Name                 Persistence-M | Bus-Id          Disp.A | Volatile Uncorr. ECC |
| Fan  Temp   Perf          Pwr:Usage/Cap |           Memory-Usage | GPU-Util  Compute M. |
|                                         |                        |               MIG M. |
|=========================================+========================+======================|
|   0  NVIDIA GeForce RTX 3090        Off |   00000000:1A:00.0 Off |                  N/A |
| 72%   66C    P2            321W /  350W |   15456MiB /  24576MiB |    100%      Default |
|                                         |                        |                  N/A |
+-----------------------------------------+------------------------+----------------------+
|   1  NVIDIA GeForce RTX 3090        Off |   00000000:3D:00.0 Off |                  N/A |
| 43%   68C    P2            325W /  350W |   17050MiB /  24576MiB |    100%      Default |
|                                         |                        |                  N/A |
+-----------------------------------------+------------------------+----------------------+
|   2  NVIDIA GeForce RTX 3090        Off |   00000000:5E:00.0 Off |                  N/A |
| 47%   55C    P2            246W /  350W |   24078MiB /  24576MiB |     45%      Default |
|                                         |                        |                  N/A |
+-----------------------------------------+------------------------+----------------------+
|   3  NVIDIA GeForce RTX 3090        Off |   00000000:89:00.0 Off |                  N/A |
| 33%   55C    P2            234W /  350W |   24074MiB /  24576MiB |     72%      Default |
|                                         |                        |                  N/A |
+-----------------------------------------+------------------------+----------------------+
|   4  NVIDIA GeForce RTX 3090        Off |   00000000:B2:00.0 Off |                  N/A |
| 33%   56C    P2            221W /  350W |   22002MiB /  24576MiB |     24%      Default |
|                                         |                        |                  N/A |
+-----------------------------------------+------------------------+----------------------+

+-----------------------------------------------------------------------------------------+
| Processes:                                                                              |
|  GPU   GI   CI              PID   Type   Process name                        GPU Memory |
|        ID   ID                                                               Usage      |
|=========================================================================================|
|    0   N/A  N/A         4069536      C   ...envs/lb_server/bin/python3.12      15430MiB |
|    1   N/A  N/A         4068552      C   ...envs/lb_server/bin/python3.12      17024MiB |
|    2   N/A  N/A          649812      C   python                                24066MiB |
|    3   N/A  N/A         2564238      C   python                                24062MiB |
|    4   N/A  N/A         1726127      C   python                                21990MiB |
+-----------------------------------------------------------------------------------------+
[2026-09-06 00:09:27] ===================
[2026-09-06 00:09:27] 开始等待 6 小时...
[2026-09-06 00:09:27] 预计开始检查时间: 2026-09-06 06:09:27
[2026-09-06 00:09:27] 等待期间脚本将持续运行，请勿关闭终端
[2026-09-06 00:09:27] 
[2026-09-06 00:09:27] 倒计时: 6小时 0分钟 0秒
[2026-09-06 00:14:27] 倒计时: 5小时 55分钟 0秒
[2026-09-06 00:19:27] 倒计时: 5小时 50分钟 0秒
[2026-09-06 00:24:27] 倒计时: 5小时 45分钟 0秒
[2026-09-06 00:29:28] 倒计时: 5小时 40分钟 0秒
[2026-09-06 00:34:28] 倒计时: 5小时 35分钟 0秒
[2026-09-06 00:39:28] 倒计时: 5小时 30分钟 0秒
[2026-09-06 00:44:28] 倒计时: 5小时 25分钟 0秒
[2026-09-06 00:49:28] 倒计时: 5小时 20分钟 0秒
[2026-09-06 00:54:28] 倒计时: 5小时 15分钟 0秒
[2026-09-06 00:59:28] 倒计时: 5小时 10分钟 0秒
[2026-09-06 01:04:28] 倒计时: 5小时 5分钟 0秒
[2026-09-06 01:09:28] 倒计时: 5小时 0分钟 0秒
[2026-09-06 01:14:28] 倒计时: 4小时 55分钟 0秒
[2026-09-06 01:19:28] 倒计时: 4小时 50分钟 0秒
[2026-09-06 01:24:28] 倒计时: 4小时 45分钟 0秒
[2026-09-06 01:29:28] 倒计时: 4小时 40分钟 0秒
[2026-09-06 01:34:28] 倒计时: 4小时 35分钟 0秒
[2026-09-06 01:39:28] 倒计时: 4小时 30分钟 0秒
[2026-09-06 01:44:28] 倒计时: 4小时 25分钟 0秒
[2026-09-06 01:49:28] 倒计时: 4小时 20分钟 0秒
[2026-09-06 01:54:28] 倒计时: 4小时 15分钟 0秒
[2026-09-06 01:59:29] 倒计时: 4小时 10分钟 0秒
[2026-09-06 02:04:29] 倒计时: 4小时 5分钟 0秒
[2026-09-06 02:09:29] 倒计时: 4小时 0分钟 0秒
[2026-09-06 02:14:29] 倒计时: 3小时 55分钟 0秒
[2026-09-06 02:19:29] 倒计时: 3小时 50分钟 0秒
[2026-09-06 02:24:29] 倒计时: 3小时 45分钟 0秒
[2026-09-06 02:29:29] 倒计时: 3小时 40分钟 0秒
[2026-09-06 02:34:29] 倒计时: 3小时 35分钟 0秒
[2026-09-06 02:39:29] 倒计时: 3小时 30分钟 0秒
[2026-09-06 02:44:29] 倒计时: 3小时 25分钟 0秒
[2026-09-06 02:49:29] 倒计时: 3小时 20分钟 0秒
[2026-09-06 02:54:29] 倒计时: 3小时 15分钟 0秒
[2026-09-06 02:59:29] 倒计时: 3小时 10分钟 0秒
[2026-09-06 03:04:29] 倒计时: 3小时 5分钟 0秒
[2026-09-06 03:09:29] 倒计时: 3小时 0分钟 0秒
[2026-09-06 03:14:29] 倒计时: 2小时 55分钟 0秒
[2026-09-06 03:19:30] 倒计时: 2小时 50分钟 0秒
[2026-09-06 03:24:30] 倒计时: 2小时 45分钟 0秒
[2026-09-06 03:29:30] 倒计时: 2小时 40分钟 0秒
[2026-09-06 03:34:30] 倒计时: 2小时 35分钟 0秒
[2026-09-06 03:39:30] 倒计时: 2小时 30分钟 0秒
[2026-09-06 03:44:30] 倒计时: 2小时 25分钟 0秒
[2026-09-06 03:49:30] 倒计时: 2小时 20分钟 0秒
[2026-09-06 03:54:30] 倒计时: 2小时 15分钟 0秒
[2026-09-06 03:59:30] 倒计时: 2小时 10分钟 0秒
[2026-09-06 04:04:30] 倒计时: 2小时 5分钟 0秒
[2026-09-06 04:09:30] 倒计时: 2小时 0分钟 0秒
[2026-09-06 04:14:30] 倒计时: 1小时 55分钟 0秒
[2026-09-06 04:19:30] 倒计时: 1小时 50分钟 0秒
[2026-09-06 04:24:30] 倒计时: 1小时 45分钟 0秒
[2026-09-06 04:29:30] 倒计时: 1小时 40分钟 0秒
[2026-09-06 04:34:30] 倒计时: 1小时 35分钟 0秒
[2026-09-06 04:39:30] 倒计时: 1小时 30分钟 0秒
[2026-09-06 04:44:30] 倒计时: 1小时 25分钟 0秒
[2026-09-06 04:49:30] 倒计时: 1小时 20分钟 0秒
[2026-09-06 04:54:30] 倒计时: 1小时 15分钟 0秒
[2026-09-06 04:59:30] 倒计时: 1小时 10分钟 0秒
[2026-09-06 05:04:30] 倒计时: 1小时 5分钟 0秒
[2026-09-06 05:09:30] 倒计时: 1小时 0分钟 0秒
[2026-09-06 05:14:30] 倒计时: 0小时 55分钟 0秒
[2026-09-06 05:19:30] 倒计时: 0小时 50分钟 0秒
[2026-09-06 05:24:30] 倒计时: 0小时 45分钟 0秒
[2026-09-06 05:29:30] 倒计时: 0小时 40分钟 0秒
[2026-09-06 05:34:30] 倒计时: 0小时 35分钟 0秒
[2026-09-06 05:39:31] 倒计时: 0小时 30分钟 0秒
[2026-09-06 05:44:31] 倒计时: 0小时 25分钟 0秒
[2026-09-06 05:49:31] 倒计时: 0小时 20分钟 0秒
[2026-09-06 05:54:31] 倒计时: 0小时 15分钟 0秒
[2026-09-06 05:59:31] 倒计时: 0小时 10分钟 0秒
[2026-09-06 06:04:31] 倒计时: 0小时 5分钟 0秒
[2026-09-06 06:08:31] 倒计时: 0小时 1分钟 0秒
[2026-09-06 06:09:31] 
[2026-09-06 06:09:31] =========================================
[2026-09-06 06:09:31] 等待结束！开始检查GPU状态...
[2026-09-06 06:09:31] =========================================
[2026-09-06 06:09:31] 
[2026-09-06 06:09:31] --- 第 1 次检查 [2026-09-06 06:09:31] ---
[2026-09-06 06:09:31] GPU 1 当前显存使用: 15502MiB
[2026-09-06 06:09:31] 阈值: 5000MiB
[2026-09-06 06:09:31] === 当前GPU状态 ===
Sun Sep  6 06:09:31 2026       
+-----------------------------------------------------------------------------------------+
| NVIDIA-SMI 580.173.02             Driver Version: 580.173.02     CUDA Version: 13.0     |
+-----------------------------------------+------------------------+----------------------+
| GPU  Name                 Persistence-M | Bus-Id          Disp.A | Volatile Uncorr. ECC |
| Fan  Temp   Perf          Pwr:Usage/Cap |           Memory-Usage | GPU-Util  Compute M. |
|                                         |                        |               MIG M. |
|=========================================+========================+======================|
|   0  NVIDIA GeForce RTX 3090        Off |   00000000:1A:00.0 Off |                  N/A |
| 77%   67C    P2            328W /  350W |   15666MiB /  24576MiB |     28%      Default |
|                                         |                        |                  N/A |
+-----------------------------------------+------------------------+----------------------+
|   1  NVIDIA GeForce RTX 3090        Off |   00000000:3D:00.0 Off |                  N/A |
| 44%   70C    P2            298W /  350W |   15502MiB /  24576MiB |    100%      Default |
|                                         |                        |                  N/A |
+-----------------------------------------+------------------------+----------------------+
|   2  NVIDIA GeForce RTX 3090        Off |   00000000:5E:00.0 Off |                  N/A |
| 47%   60C    P2            261W /  350W |   24078MiB /  24576MiB |     86%      Default |
|                                         |                        |                  N/A |
+-----------------------------------------+------------------------+----------------------+
|   3  NVIDIA GeForce RTX 3090        Off |   00000000:89:00.0 Off |                  N/A |
| 34%   54C    P2            244W /  350W |   24074MiB /  24576MiB |    100%      Default |
|                                         |                        |                  N/A |
+-----------------------------------------+------------------------+----------------------+
|   4  NVIDIA GeForce RTX 3090        Off |   00000000:B2:00.0 Off |                  N/A |
| 34%   48C    P2            104W /  350W |   22002MiB /  24576MiB |      0%      Default |
|                                         |                        |                  N/A |
+-----------------------------------------+------------------------+----------------------+

+-----------------------------------------------------------------------------------------+
| Processes:                                                                              |
|  GPU   GI   CI              PID   Type   Process name                        GPU Memory |
|        ID   ID                                                               Usage      |
|=========================================================================================|
|    0   N/A  N/A         3335654      C   ...envs/lb_server/bin/python3.12      15640MiB |
|    1   N/A  N/A         3166770      C   ...envs/lb_server/bin/python3.12      15468MiB |
|    2   N/A  N/A          649812      C   python                                24066MiB |
|    3   N/A  N/A         2564238      C   python                                24062MiB |
|    4   N/A  N/A         1726127      C   python                                21990MiB |
+-----------------------------------------------------------------------------------------+
[2026-09-06 06:09:31] ===================
[2026-09-06 06:09:31] >>> 条件不满足，显存使用 15502MiB >= 5000MiB
[2026-09-06 06:09:31] 将在 20 分钟后再次检查...
[2026-09-06 06:29:31] 
[2026-09-06 06:29:31] --- 第 2 次检查 [2026-09-06 06:29:31] ---
[2026-09-06 06:29:31] GPU 1 当前显存使用: 15502MiB
[2026-09-06 06:29:31] 阈值: 5000MiB
[2026-09-06 06:29:31] === 当前GPU状态 ===
Sun Sep  6 06:29:32 2026       
+-----------------------------------------------------------------------------------------+
| NVIDIA-SMI 580.173.02             Driver Version: 580.173.02     CUDA Version: 13.0     |
+-----------------------------------------+------------------------+----------------------+
| GPU  Name                 Persistence-M | Bus-Id          Disp.A | Volatile Uncorr. ECC |
| Fan  Temp   Perf          Pwr:Usage/Cap |           Memory-Usage | GPU-Util  Compute M. |
|                                         |                        |               MIG M. |
|=========================================+========================+======================|
|   0  NVIDIA GeForce RTX 3090        Off |   00000000:1A:00.0 Off |                  N/A |
| 75%   66C    P2            338W /  350W |   15666MiB /  24576MiB |     97%      Default |
|                                         |                        |                  N/A |
+-----------------------------------------+------------------------+----------------------+
|   1  NVIDIA GeForce RTX 3090        Off |   00000000:3D:00.0 Off |                  N/A |
| 43%   69C    P2            314W /  350W |   15502MiB /  24576MiB |     96%      Default |
|                                         |                        |                  N/A |
+-----------------------------------------+------------------------+----------------------+
|   2  NVIDIA GeForce RTX 3090        Off |   00000000:5E:00.0 Off |                  N/A |
| 47%   55C    P2            255W /  350W |   24078MiB /  24576MiB |     53%      Default |
|                                         |                        |                  N/A |
+-----------------------------------------+------------------------+----------------------+
|   3  NVIDIA GeForce RTX 3090        Off |   00000000:89:00.0 Off |                  N/A |
| 33%   53C    P2            251W /  350W |   24074MiB /  24576MiB |     83%      Default |
|                                         |                        |                  N/A |
+-----------------------------------------+------------------------+----------------------+
|   4  NVIDIA GeForce RTX 3090        Off |   00000000:B2:00.0 Off |                  N/A |
| 33%   53C    P2            238W /  350W |   22002MiB /  24576MiB |    100%      Default |
|                                         |                        |                  N/A |
+-----------------------------------------+------------------------+----------------------+

+-----------------------------------------------------------------------------------------+
| Processes:                                                                              |
|  GPU   GI   CI              PID   Type   Process name                        GPU Memory |
|        ID   ID                                                               Usage      |
|=========================================================================================|
|    0   N/A  N/A         3335654      C   ...envs/lb_server/bin/python3.12      15640MiB |
|    1   N/A  N/A         3166770      C   ...envs/lb_server/bin/python3.12      15468MiB |
|    2   N/A  N/A          649812      C   python                                24066MiB |
|    3   N/A  N/A         2564238      C   python                                24062MiB |
|    4   N/A  N/A         1726127      C   python                                21990MiB |
+-----------------------------------------------------------------------------------------+
[2026-09-06 06:29:32] ===================
[2026-09-06 06:29:32] >>> 条件不满足，显存使用 15502MiB >= 5000MiB
[2026-09-06 06:29:32] 将在 20 分钟后再次检查...
[2026-09-06 06:49:32] 
[2026-09-06 06:49:32] --- 第 3 次检查 [2026-09-06 06:49:32] ---
[2026-09-06 06:49:32] GPU 1 当前显存使用: 15502MiB
[2026-09-06 06:49:32] 阈值: 5000MiB
[2026-09-06 06:49:32] === 当前GPU状态 ===
Sun Sep  6 06:49:32 2026       
+-----------------------------------------------------------------------------------------+
| NVIDIA-SMI 580.173.02             Driver Version: 580.173.02     CUDA Version: 13.0     |
+-----------------------------------------+------------------------+----------------------+
| GPU  Name                 Persistence-M | Bus-Id          Disp.A | Volatile Uncorr. ECC |
| Fan  Temp   Perf          Pwr:Usage/Cap |           Memory-Usage | GPU-Util  Compute M. |
|                                         |                        |               MIG M. |
|=========================================+========================+======================|
|   0  NVIDIA GeForce RTX 3090        Off |   00000000:1A:00.0 Off |                  N/A |
| 74%   64C    P2            296W /  350W |   15666MiB /  24576MiB |     68%      Default |
|                                         |                        |                  N/A |
+-----------------------------------------+------------------------+----------------------+
|   1  NVIDIA GeForce RTX 3090        Off |   00000000:3D:00.0 Off |                  N/A |
| 43%   68C    P2            321W /  350W |   15502MiB /  24576MiB |     69%      Default |
|                                         |                        |                  N/A |
+-----------------------------------------+------------------------+----------------------+
|   2  NVIDIA GeForce RTX 3090        Off |   00000000:5E:00.0 Off |                  N/A |
| 46%   55C    P2            250W /  350W |   24078MiB /  24576MiB |     80%      Default |
|                                         |                        |                  N/A |
+-----------------------------------------+------------------------+----------------------+
|   3  NVIDIA GeForce RTX 3090        Off |   00000000:89:00.0 Off |                  N/A |
| 33%   51C    P2            241W /  350W |   24074MiB /  24576MiB |     43%      Default |
|                                         |                        |                  N/A |
+-----------------------------------------+------------------------+----------------------+
|   4  NVIDIA GeForce RTX 3090        Off |   00000000:B2:00.0 Off |                  N/A |
| 33%   46C    P2            103W /  350W |   22002MiB /  24576MiB |      0%      Default |
|                                         |                        |                  N/A |
+-----------------------------------------+------------------------+----------------------+

+-----------------------------------------------------------------------------------------+
| Processes:                                                                              |
|  GPU   GI   CI              PID   Type   Process name                        GPU Memory |
|        ID   ID                                                               Usage      |
|=========================================================================================|
|    0   N/A  N/A         3335654      C   ...envs/lb_server/bin/python3.12      15640MiB |
|    1   N/A  N/A         3166770      C   ...envs/lb_server/bin/python3.12      15468MiB |
|    2   N/A  N/A          649812      C   python                                24066MiB |
|    3   N/A  N/A         2564238      C   python                                24062MiB |
|    4   N/A  N/A         1726127      C   python                                21990MiB |
+-----------------------------------------------------------------------------------------+
[2026-09-06 06:49:32] ===================
[2026-09-06 06:49:32] >>> 条件不满足，显存使用 15502MiB >= 5000MiB
[2026-09-06 06:49:32] 将在 20 分钟后再次检查...
[2026-09-06 07:09:32] 
[2026-09-06 07:09:32] --- 第 4 次检查 [2026-09-06 07:09:32] ---
[2026-09-06 07:09:33] GPU 1 当前显存使用: 15502MiB
[2026-09-06 07:09:33] 阈值: 5000MiB
[2026-09-06 07:09:33] === 当前GPU状态 ===
Sun Sep  6 07:09:33 2026       
+-----------------------------------------------------------------------------------------+
| NVIDIA-SMI 580.173.02             Driver Version: 580.173.02     CUDA Version: 13.0     |
+-----------------------------------------+------------------------+----------------------+
| GPU  Name                 Persistence-M | Bus-Id          Disp.A | Volatile Uncorr. ECC |
| Fan  Temp   Perf          Pwr:Usage/Cap |           Memory-Usage | GPU-Util  Compute M. |
|                                         |                        |               MIG M. |
|=========================================+========================+======================|
|   0  NVIDIA GeForce RTX 3090        Off |   00000000:1A:00.0 Off |                  N/A |
| 82%   71C    P2            321W /  350W |   15666MiB /  24576MiB |    100%      Default |
|                                         |                        |                  N/A |
+-----------------------------------------+------------------------+----------------------+
|   1  NVIDIA GeForce RTX 3090        Off |   00000000:3D:00.0 Off |                  N/A |
| 43%   68C    P2            248W /  350W |   15502MiB /  24576MiB |    100%      Default |
|                                         |                        |                  N/A |
+-----------------------------------------+------------------------+----------------------+
|   2  NVIDIA GeForce RTX 3090        Off |   00000000:5E:00.0 Off |                  N/A |
| 48%   62C    P2            241W /  350W |   24078MiB /  24576MiB |     70%      Default |
|                                         |                        |                  N/A |
+-----------------------------------------+------------------------+----------------------+
|   3  NVIDIA GeForce RTX 3090        Off |   00000000:89:00.0 Off |                  N/A |
| 35%   57C    P2            247W /  350W |   24074MiB /  24576MiB |     56%      Default |
|                                         |                        |                  N/A |
+-----------------------------------------+------------------------+----------------------+
|   4  NVIDIA GeForce RTX 3090        Off |   00000000:B2:00.0 Off |                  N/A |
| 36%   61C    P2            248W /  350W |   22002MiB /  24576MiB |     59%      Default |
|                                         |                        |                  N/A |
+-----------------------------------------+------------------------+----------------------+

+-----------------------------------------------------------------------------------------+
| Processes:                                                                              |
|  GPU   GI   CI              PID   Type   Process name                        GPU Memory |
|        ID   ID                                                               Usage      |
|=========================================================================================|
|    0   N/A  N/A         3335654      C   ...envs/lb_server/bin/python3.12      15640MiB |
|    1   N/A  N/A         3166770      C   ...envs/lb_server/bin/python3.12      15468MiB |
|    2   N/A  N/A          649812      C   python                                24066MiB |
|    3   N/A  N/A         2564238      C   python                                24062MiB |
|    4   N/A  N/A         1726127      C   python                                21990MiB |
+-----------------------------------------------------------------------------------------+
[2026-09-06 07:09:33] ===================
[2026-09-06 07:09:33] >>> 条件不满足，显存使用 15502MiB >= 5000MiB
[2026-09-06 07:09:33] 将在 20 分钟后再次检查...
[2026-09-06 07:29:33] 
[2026-09-06 07:29:33] --- 第 5 次检查 [2026-09-06 07:29:33] ---
[2026-09-06 07:29:33] GPU 1 当前显存使用: 15502MiB
[2026-09-06 07:29:33] 阈值: 5000MiB
[2026-09-06 07:29:33] === 当前GPU状态 ===
Sun Sep  6 07:29:33 2026       
+-----------------------------------------------------------------------------------------+
| NVIDIA-SMI 580.173.02             Driver Version: 580.173.02     CUDA Version: 13.0     |
+-----------------------------------------+------------------------+----------------------+
| GPU  Name                 Persistence-M | Bus-Id          Disp.A | Volatile Uncorr. ECC |
| Fan  Temp   Perf          Pwr:Usage/Cap |           Memory-Usage | GPU-Util  Compute M. |
|                                         |                        |               MIG M. |
|=========================================+========================+======================|
|   0  NVIDIA GeForce RTX 3090        Off |   00000000:1A:00.0 Off |                  N/A |
| 88%   73C    P2            326W /  350W |   15666MiB /  24576MiB |     81%      Default |
|                                         |                        |                  N/A |
+-----------------------------------------+------------------------+----------------------+
|   1  NVIDIA GeForce RTX 3090        Off |   00000000:3D:00.0 Off |                  N/A |
| 44%   72C    P2            233W /  350W |   15502MiB /  24576MiB |    100%      Default |
|                                         |                        |                  N/A |
+-----------------------------------------+------------------------+----------------------+
|   2  NVIDIA GeForce RTX 3090        Off |   00000000:5E:00.0 Off |                  N/A |
| 56%   65C    P2            256W /  350W |   24078MiB /  24576MiB |     60%      Default |
|                                         |                        |                  N/A |
+-----------------------------------------+------------------------+----------------------+
|   3  NVIDIA GeForce RTX 3090        Off |   00000000:89:00.0 Off |                  N/A |
| 36%   59C    P2            249W /  350W |   24074MiB /  24576MiB |     86%      Default |
|                                         |                        |                  N/A |
+-----------------------------------------+------------------------+----------------------+
|   4  NVIDIA GeForce RTX 3090        Off |   00000000:B2:00.0 Off |                  N/A |
| 36%   60C    P2            237W /  350W |   22002MiB /  24576MiB |     34%      Default |
|                                         |                        |                  N/A |
+-----------------------------------------+------------------------+----------------------+

+-----------------------------------------------------------------------------------------+
| Processes:                                                                              |
|  GPU   GI   CI              PID   Type   Process name                        GPU Memory |
|        ID   ID                                                               Usage      |
|=========================================================================================|
|    0   N/A  N/A         3335654      C   ...envs/lb_server/bin/python3.12      15640MiB |
|    1   N/A  N/A         3166770      C   ...envs/lb_server/bin/python3.12      15468MiB |
|    2   N/A  N/A          649812      C   python                                24066MiB |
|    3   N/A  N/A         2564238      C   python                                24062MiB |
|    4   N/A  N/A         1726127      C   python                                21990MiB |
+-----------------------------------------------------------------------------------------+
[2026-09-06 07:29:34] ===================
[2026-09-06 07:29:34] >>> 条件不满足，显存使用 15502MiB >= 5000MiB
[2026-09-06 07:29:34] 将在 20 分钟后再次检查...
[2026-09-06 07:49:34] 
[2026-09-06 07:49:34] --- 第 6 次检查 [2026-09-06 07:49:34] ---
[2026-09-06 07:49:34] GPU 1 当前显存使用: 15502MiB
[2026-09-06 07:49:34] 阈值: 5000MiB
[2026-09-06 07:49:34] === 当前GPU状态 ===
Sun Sep  6 07:49:34 2026       
+-----------------------------------------------------------------------------------------+
| NVIDIA-SMI 580.173.02             Driver Version: 580.173.02     CUDA Version: 13.0     |
+-----------------------------------------+------------------------+----------------------+
| GPU  Name                 Persistence-M | Bus-Id          Disp.A | Volatile Uncorr. ECC |
| Fan  Temp   Perf          Pwr:Usage/Cap |           Memory-Usage | GPU-Util  Compute M. |
|                                         |                        |               MIG M. |
|=========================================+========================+======================|
|   0  NVIDIA GeForce RTX 3090        Off |   00000000:1A:00.0 Off |                  N/A |
| 75%   66C    P2            329W /  350W |   15666MiB /  24576MiB |    100%      Default |
|                                         |                        |                  N/A |
+-----------------------------------------+------------------------+----------------------+
|   1  NVIDIA GeForce RTX 3090        Off |   00000000:3D:00.0 Off |                  N/A |
| 40%   68C    P2            306W /  350W |   15502MiB /  24576MiB |     76%      Default |
|                                         |                        |                  N/A |
+-----------------------------------------+------------------------+----------------------+
|   2  NVIDIA GeForce RTX 3090        Off |   00000000:5E:00.0 Off |                  N/A |
| 47%   56C    P2            254W /  350W |   24078MiB /  24576MiB |    100%      Default |
|                                         |                        |                  N/A |
+-----------------------------------------+------------------------+----------------------+
|   3  NVIDIA GeForce RTX 3090        Off |   00000000:89:00.0 Off |                  N/A |
| 33%   53C    P2            235W /  350W |   24074MiB /  24576MiB |    100%      Default |
|                                         |                        |                  N/A |
+-----------------------------------------+------------------------+----------------------+
|   4  NVIDIA GeForce RTX 3090        Off |   00000000:B2:00.0 Off |                  N/A |
| 33%   46C    P2            103W /  350W |   22002MiB /  24576MiB |      0%      Default |
|                                         |                        |                  N/A |
+-----------------------------------------+------------------------+----------------------+

+-----------------------------------------------------------------------------------------+
| Processes:                                                                              |
|  GPU   GI   CI              PID   Type   Process name                        GPU Memory |
|        ID   ID                                                               Usage      |
|=========================================================================================|
|    0   N/A  N/A         3335654      C   ...envs/lb_server/bin/python3.12      15640MiB |
|    1   N/A  N/A         3166770      C   ...envs/lb_server/bin/python3.12      15468MiB |
|    2   N/A  N/A          649812      C   python                                24066MiB |
|    3   N/A  N/A         2564238      C   python                                24062MiB |
|    4   N/A  N/A         1726127      C   python                                21990MiB |
+-----------------------------------------------------------------------------------------+
[2026-09-06 07:49:34] ===================
[2026-09-06 07:49:34] >>> 条件不满足，显存使用 15502MiB >= 5000MiB
[2026-09-06 07:49:34] 将在 20 分钟后再次检查...
[2026-09-06 08:09:34] 
[2026-09-06 08:09:34] --- 第 7 次检查 [2026-09-06 08:09:34] ---
[2026-09-06 08:09:34] GPU 1 当前显存使用: 15502MiB
[2026-09-06 08:09:34] 阈值: 5000MiB
[2026-09-06 08:09:34] === 当前GPU状态 ===
Sun Sep  6 08:09:34 2026       
+-----------------------------------------------------------------------------------------+
| NVIDIA-SMI 580.173.02             Driver Version: 580.173.02     CUDA Version: 13.0     |
+-----------------------------------------+------------------------+----------------------+
| GPU  Name                 Persistence-M | Bus-Id          Disp.A | Volatile Uncorr. ECC |
| Fan  Temp   Perf          Pwr:Usage/Cap |           Memory-Usage | GPU-Util  Compute M. |
|                                         |                        |               MIG M. |
|=========================================+========================+======================|
|   0  NVIDIA GeForce RTX 3090        Off |   00000000:1A:00.0 Off |                  N/A |
| 75%   65C    P2            328W /  350W |   15666MiB /  24576MiB |     92%      Default |
|                                         |                        |                  N/A |
+-----------------------------------------+------------------------+----------------------+
|   1  NVIDIA GeForce RTX 3090        Off |   00000000:3D:00.0 Off |                  N/A |
| 43%   70C    P2            313W /  350W |   15502MiB /  24576MiB |    100%      Default |
|                                         |                        |                  N/A |
+-----------------------------------------+------------------------+----------------------+
|   2  NVIDIA GeForce RTX 3090        Off |   00000000:5E:00.0 Off |                  N/A |
| 47%   56C    P2            256W /  350W |   24078MiB /  24576MiB |    100%      Default |
|                                         |                        |                  N/A |
+-----------------------------------------+------------------------+----------------------+
|   3  NVIDIA GeForce RTX 3090        Off |   00000000:89:00.0 Off |                  N/A |
| 33%   55C    P2            241W /  350W |   24074MiB /  24576MiB |    100%      Default |
|                                         |                        |                  N/A |
+-----------------------------------------+------------------------+----------------------+
|   4  NVIDIA GeForce RTX 3090        Off |   00000000:B2:00.0 Off |                  N/A |
| 33%   53C    P2            239W /  350W |   22002MiB /  24576MiB |     50%      Default |
|                                         |                        |                  N/A |
+-----------------------------------------+------------------------+----------------------+

+-----------------------------------------------------------------------------------------+
| Processes:                                                                              |
|  GPU   GI   CI              PID   Type   Process name                        GPU Memory |
|        ID   ID                                                               Usage      |
|=========================================================================================|
|    0   N/A  N/A         3335654      C   ...envs/lb_server/bin/python3.12      15640MiB |
|    1   N/A  N/A         3166770      C   ...envs/lb_server/bin/python3.12      15468MiB |
|    2   N/A  N/A          649812      C   python                                24066MiB |
|    3   N/A  N/A         2564238      C   python                                24062MiB |
|    4   N/A  N/A         1726127      C   python                                21990MiB |
+-----------------------------------------------------------------------------------------+
[2026-09-06 08:09:35] ===================
[2026-09-06 08:09:35] >>> 条件不满足，显存使用 15502MiB >= 5000MiB
[2026-09-06 08:09:35] 将在 20 分钟后再次检查...
[2026-09-06 08:29:35] 
[2026-09-06 08:29:35] --- 第 8 次检查 [2026-09-06 08:29:35] ---
[2026-09-06 08:29:35] GPU 1 当前显存使用: 15502MiB
[2026-09-06 08:29:35] 阈值: 5000MiB
[2026-09-06 08:29:35] === 当前GPU状态 ===
Sun Sep  6 08:29:35 2026       
+-----------------------------------------------------------------------------------------+
| NVIDIA-SMI 580.173.02             Driver Version: 580.173.02     CUDA Version: 13.0     |
+-----------------------------------------+------------------------+----------------------+
| GPU  Name                 Persistence-M | Bus-Id          Disp.A | Volatile Uncorr. ECC |
| Fan  Temp   Perf          Pwr:Usage/Cap |           Memory-Usage | GPU-Util  Compute M. |
|                                         |                        |               MIG M. |
|=========================================+========================+======================|
|   0  NVIDIA GeForce RTX 3090        Off |   00000000:1A:00.0 Off |                  N/A |
| 76%   67C    P2            321W /  350W |   15666MiB /  24576MiB |     58%      Default |
|                                         |                        |                  N/A |
+-----------------------------------------+------------------------+----------------------+
|   1  NVIDIA GeForce RTX 3090        Off |   00000000:3D:00.0 Off |                  N/A |
| 39%   66C    P2            312W /  350W |   15502MiB /  24576MiB |     87%      Default |
|                                         |                        |                  N/A |
+-----------------------------------------+------------------------+----------------------+
|   2  NVIDIA GeForce RTX 3090        Off |   00000000:5E:00.0 Off |                  N/A |
| 47%   60C    P2            258W /  350W |   24078MiB /  24576MiB |     92%      Default |
|                                         |                        |                  N/A |
+-----------------------------------------+------------------------+----------------------+
|   3  NVIDIA GeForce RTX 3090        Off |   00000000:89:00.0 Off |                  N/A |
| 34%   52C    P2            247W /  350W |   24074MiB /  24576MiB |     35%      Default |
|                                         |                        |                  N/A |
+-----------------------------------------+------------------------+----------------------+
|   4  NVIDIA GeForce RTX 3090        Off |   00000000:B2:00.0 Off |                  N/A |
| 34%   45C    P5             94W /  350W |   22002MiB /  24576MiB |      0%      Default |
|                                         |                        |                  N/A |
+-----------------------------------------+------------------------+----------------------+

+-----------------------------------------------------------------------------------------+
| Processes:                                                                              |
|  GPU   GI   CI              PID   Type   Process name                        GPU Memory |
|        ID   ID                                                               Usage      |
|=========================================================================================|
|    0   N/A  N/A         3335654      C   ...envs/lb_server/bin/python3.12      15640MiB |
|    1   N/A  N/A         3166770      C   ...envs/lb_server/bin/python3.12      15468MiB |
|    2   N/A  N/A          649812      C   python                                24066MiB |
|    3   N/A  N/A         2564238      C   python                                24062MiB |
|    4   N/A  N/A         1726127      C   python                                21990MiB |
+-----------------------------------------------------------------------------------------+
[2026-09-06 08:29:35] ===================
[2026-09-06 08:29:35] >>> 条件不满足，显存使用 15502MiB >= 5000MiB
[2026-09-06 08:29:35] 将在 20 分钟后再次检查...
[2026-09-06 08:49:35] 
[2026-09-06 08:49:35] --- 第 9 次检查 [2026-09-06 08:49:35] ---
[2026-09-06 08:49:35] GPU 1 当前显存使用: 15502MiB
[2026-09-06 08:49:35] 阈值: 5000MiB
[2026-09-06 08:49:35] === 当前GPU状态 ===
Sun Sep  6 08:49:36 2026       
+-----------------------------------------------------------------------------------------+
| NVIDIA-SMI 580.173.02             Driver Version: 580.173.02     CUDA Version: 13.0     |
+-----------------------------------------+------------------------+----------------------+
| GPU  Name                 Persistence-M | Bus-Id          Disp.A | Volatile Uncorr. ECC |
| Fan  Temp   Perf          Pwr:Usage/Cap |           Memory-Usage | GPU-Util  Compute M. |
|                                         |                        |               MIG M. |
|=========================================+========================+======================|
|   0  NVIDIA GeForce RTX 3090        Off |   00000000:1A:00.0 Off |                  N/A |
| 83%   71C    P2            321W /  350W |   15666MiB /  24576MiB |     91%      Default |
|                                         |                        |                  N/A |
+-----------------------------------------+------------------------+----------------------+
|   1  NVIDIA GeForce RTX 3090        Off |   00000000:3D:00.0 Off |                  N/A |
| 33%   41C    P8             18W /  350W |   15502MiB /  24576MiB |      0%      Default |
|                                         |                        |                  N/A |
+-----------------------------------------+------------------------+----------------------+
|   2  NVIDIA GeForce RTX 3090        Off |   00000000:5E:00.0 Off |                  N/A |
| 48%   66C    P2            261W /  350W |   24078MiB /  24576MiB |     91%      Default |
|                                         |                        |                  N/A |
+-----------------------------------------+------------------------+----------------------+
|   3  NVIDIA GeForce RTX 3090        Off |   00000000:89:00.0 Off |                  N/A |
| 35%   58C    P2            243W /  350W |   24074MiB /  24576MiB |     90%      Default |
|                                         |                        |                  N/A |
+-----------------------------------------+------------------------+----------------------+
|   4  NVIDIA GeForce RTX 3090        Off |   00000000:B2:00.0 Off |                  N/A |
| 36%   61C    P2            234W /  350W |   22002MiB /  24576MiB |     35%      Default |
|                                         |                        |                  N/A |
+-----------------------------------------+------------------------+----------------------+

+-----------------------------------------------------------------------------------------+
| Processes:                                                                              |
|  GPU   GI   CI              PID   Type   Process name                        GPU Memory |
|        ID   ID                                                               Usage      |
|=========================================================================================|
|    0   N/A  N/A         3335654      C   ...envs/lb_server/bin/python3.12      15640MiB |
|    1   N/A  N/A         3166770      C   ...envs/lb_server/bin/python3.12      15468MiB |
|    2   N/A  N/A          649812      C   python                                24066MiB |
|    3   N/A  N/A         2564238      C   python                                24062MiB |
|    4   N/A  N/A         1726127      C   python                                21990MiB |
+-----------------------------------------------------------------------------------------+
[2026-09-06 08:49:36] ===================
[2026-09-06 08:49:36] >>> 条件不满足，显存使用 15502MiB >= 5000MiB
[2026-09-06 08:49:36] 将在 20 分钟后再次检查...
[2026-09-06 09:09:36] 
[2026-09-06 09:09:36] --- 第 10 次检查 [2026-09-06 09:09:36] ---
[2026-09-06 09:09:36] GPU 1 当前显存使用: 3312MiB
[2026-09-06 09:09:36] 阈值: 5000MiB
[2026-09-06 09:09:36] === 当前GPU状态 ===
Sun Sep  6 09:09:36 2026       
+-----------------------------------------------------------------------------------------+
| NVIDIA-SMI 580.173.02             Driver Version: 580.173.02     CUDA Version: 13.0     |
+-----------------------------------------+------------------------+----------------------+
| GPU  Name                 Persistence-M | Bus-Id          Disp.A | Volatile Uncorr. ECC |
| Fan  Temp   Perf          Pwr:Usage/Cap |           Memory-Usage | GPU-Util  Compute M. |
|                                         |                        |               MIG M. |
|=========================================+========================+======================|
|   0  NVIDIA GeForce RTX 3090        Off |   00000000:1A:00.0 Off |                  N/A |
| 40%   32C    P8             21W /  350W |    3280MiB /  24576MiB |      0%      Default |
|                                         |                        |                  N/A |
+-----------------------------------------+------------------------+----------------------+
|   1  NVIDIA GeForce RTX 3090        Off |   00000000:3D:00.0 Off |                  N/A |
| 30%   32C    P8             14W /  350W |    3312MiB /  24576MiB |      0%      Default |
|                                         |                        |                  N/A |
+-----------------------------------------+------------------------+----------------------+
|   2  NVIDIA GeForce RTX 3090        Off |   00000000:5E:00.0 Off |                  N/A |
| 51%   64C    P2            262W /  350W |   24078MiB /  24576MiB |    100%      Default |
|                                         |                        |                  N/A |
+-----------------------------------------+------------------------+----------------------+
|   3  NVIDIA GeForce RTX 3090        Off |   00000000:89:00.0 Off |                  N/A |
| 36%   56C    P2            157W /  350W |   24074MiB /  24576MiB |      0%      Default |
|                                         |                        |                  N/A |
+-----------------------------------------+------------------------+----------------------+
|   4  NVIDIA GeForce RTX 3090        Off |   00000000:B2:00.0 Off |                  N/A |
| 36%   59C    P2            249W /  350W |   22002MiB /  24576MiB |     77%      Default |
|                                         |                        |                  N/A |
+-----------------------------------------+------------------------+----------------------+

+-----------------------------------------------------------------------------------------+
| Processes:                                                                              |
|  GPU   GI   CI              PID   Type   Process name                        GPU Memory |
|        ID   ID                                                               Usage      |
|=========================================================================================|
|    0   N/A  N/A         3335654      C   ...envs/lb_server/bin/python3.12       3254MiB |
|    1   N/A  N/A         3166770      C   ...envs/lb_server/bin/python3.12       3278MiB |
|    2   N/A  N/A          649812      C   python                                24066MiB |
|    3   N/A  N/A         2564238      C   python                                24062MiB |
|    4   N/A  N/A         1726127      C   python                                21990MiB |
+-----------------------------------------------------------------------------------------+
[2026-09-06 09:09:36] ===================
[2026-09-06 09:09:36] >>> 条件满足！显存使用 3312MiB < 5000MiB
[2026-09-06 09:09:36] =========================================
[2026-09-06 09:09:36] 满足条件！开始启动训练任务...
[2026-09-06 09:09:36] GPU 1 显存使用: 3312MiB < 5000MiB
[2026-09-06 09:09:36] 执行命令: bash personal/work2/differentvlm/scripts/run_tinyvla.sh tinyvla-b --dataset disassemble-v3_corner --gpu 1 --num_episodes 112
[2026-09-06 09:09:36] =========================================
==============================================
  TinyVLA Experiment Launcher
==============================================
  Policy Type:  tinyvla_b
  Dataset:      disassemble-v3_corner
  GPU:          1
  Num Episodes: 112
  Tmux Session: tinyvla_tinyvla_b_disassemble-v3_corner
  Log File:     /data/zhonglinye/jun/lerobot/personal/work2/differentvlm/experiments/tinyvla_b_disassemble-v3_corner/logs/experiment.log
  Project Root: /data/zhonglinye/jun/lerobot
==============================================

Starting experiment in tmux session: tinyvla_tinyvla_b_disassemble-v3_corner
To attach: tmux attach -t tinyvla_tinyvla_b_disassemble-v3_corner
To detach: Ctrl+B, then D
To kill:   tmux kill-session -t tinyvla_tinyvla_b_disassemble-v3_corner

Experiment started successfully.
Monitor progress: tail -f /data/zhonglinye/jun/lerobot/personal/work2/differentvlm/experiments/tinyvla_b_disassemble-v3_corner/logs/experiment.log
[2026-09-06 09:09:37] =========================================
[2026-09-06 09:09:37] 训练任务已成功启动！
[2026-09-06 09:09:37] =========================================
[2026-09-06 09:09:37] 
[2026-09-06 09:09:37] =========================================
[2026-09-06 09:09:37] 监控任务完成！
[2026-09-06 09:09:37] 训练任务已启动，监控脚本退出
[2026-09-06 09:09:37] 完整日志保存在: /data/zhonglinye/jun/lerobot/personal/work2/gpu_monitor_logs/monitor_tinyvla_b_20260906_000927.log
[2026-09-06 09:09:37] =========================================
