[2026-09-07 02:32:46] =========================================
[2026-09-07 02:32:46] GPU监控脚本启动
[2026-09-07 02:32:46] =========================================
[2026-09-07 02:32:46] 配置信息:
[2026-09-07 02:32:46]   - 初始等待时间: 2 小时
[2026-09-07 02:32:46]   - 检查间隔: 20 分钟
[2026-09-07 02:32:46]   - 目标GPU: 0
[2026-09-07 02:32:46]   - 显存阈值: 5000MiB
[2026-09-07 02:32:46]   - 日志文件: /data/zhonglinye/jun/lerobot/personal/work2/gpu_monitor_logs/monitor_grid_uniform_20260907_023246.log
[2026-09-07 02:32:46] =========================================
[2026-09-07 02:32:46] === 当前GPU状态 ===
Mon Sep  7 02:32:46 2026       
+-----------------------------------------------------------------------------------------+
| NVIDIA-SMI 580.173.02             Driver Version: 580.173.02     CUDA Version: 13.0     |
+-----------------------------------------+------------------------+----------------------+
| GPU  Name                 Persistence-M | Bus-Id          Disp.A | Volatile Uncorr. ECC |
| Fan  Temp   Perf          Pwr:Usage/Cap |           Memory-Usage | GPU-Util  Compute M. |
|                                         |                        |               MIG M. |
|=========================================+========================+======================|
|   0  NVIDIA GeForce RTX 3090        Off |   00000000:1A:00.0 Off |                  N/A |
| 80%   68C    P2            326W /  350W |   18405MiB /  24576MiB |    100%      Default |
|                                         |                        |                  N/A |
+-----------------------------------------+------------------------+----------------------+
|   1  NVIDIA GeForce RTX 3090        Off |   00000000:3D:00.0 Off |                  N/A |
| 32%   49C    P2            125W /  350W |    3501MiB /  24576MiB |     10%      Default |
|                                         |                        |                  N/A |
+-----------------------------------------+------------------------+----------------------+
|   2  NVIDIA GeForce RTX 3090        Off |   00000000:5E:00.0 Off |                  N/A |
| 48%   55C    P2            141W /  350W |   24078MiB /  24576MiB |      0%      Default |
|                                         |                        |                  N/A |
+-----------------------------------------+------------------------+----------------------+
|   3  NVIDIA GeForce RTX 3090        Off |   00000000:89:00.0 Off |                  N/A |
| 34%   56C    P2            260W /  350W |   24074MiB /  24576MiB |     88%      Default |
|                                         |                        |                  N/A |
+-----------------------------------------+------------------------+----------------------+
|   4  NVIDIA GeForce RTX 3090        Off |   00000000:B2:00.0 Off |                  N/A |
| 33%   55C    P2            254W /  350W |   22002MiB /  24576MiB |     69%      Default |
|                                         |                        |                  N/A |
+-----------------------------------------+------------------------+----------------------+

+-----------------------------------------------------------------------------------------+
| Processes:                                                                              |
|  GPU   GI   CI              PID   Type   Process name                        GPU Memory |
|        ID   ID                                                               Usage      |
|=========================================================================================|
|    0   N/A  N/A         3497341      G   ...envs/lb_server/bin/python3.12        252MiB |
|    0   N/A  N/A         3497348      G   ...envs/lb_server/bin/python3.12        252MiB |
|    0   N/A  N/A         3497351      G   ...envs/lb_server/bin/python3.12        252MiB |
|    0   N/A  N/A         3497353      G   ...envs/lb_server/bin/python3.12        252MiB |
|    0   N/A  N/A         3497355      G   ...envs/lb_server/bin/python3.12        252MiB |
|    0   N/A  N/A         3497357      G   ...envs/lb_server/bin/python3.12        252MiB |
|    0   N/A  N/A         3497359      G   ...envs/lb_server/bin/python3.12        252MiB |
|    0   N/A  N/A         3497362      G   ...envs/lb_server/bin/python3.12        252MiB |
|    0   N/A  N/A         3514387      C   ...envs/lb_server/bin/python3.12      16288MiB |
|    1   N/A  N/A         3494551      C   ...envs/lb_server/bin/python3.12       1596MiB |
|    1   N/A  N/A         3573686      C   ...envs/lb_server/bin/python3.12       1890MiB |
|    2   N/A  N/A          649812      C   python                                24066MiB |
|    3   N/A  N/A         2564238      C   python                                24062MiB |
|    4   N/A  N/A         1726127      C   python                                21990MiB |
+-----------------------------------------------------------------------------------------+
[2026-09-07 02:32:47] ===================
[2026-09-07 02:32:47] 开始等待 2 小时...
[2026-09-07 02:32:47] 预计开始检查时间: 2026-09-07 04:32:47
[2026-09-07 02:32:47] 等待期间脚本将持续运行，请勿关闭终端
[2026-09-07 02:32:47] 
[2026-09-07 02:32:47] 倒计时: 2小时 0分钟 0秒
[2026-09-07 02:37:47] 倒计时: 1小时 55分钟 0秒
[2026-09-07 02:42:47] 倒计时: 1小时 50分钟 0秒
[2026-09-07 02:47:47] 倒计时: 1小时 45分钟 0秒
[2026-09-07 02:52:47] 倒计时: 1小时 40分钟 0秒
[2026-09-07 02:57:47] 倒计时: 1小时 35分钟 0秒
[2026-09-07 03:02:47] 倒计时: 1小时 30分钟 0秒
[2026-09-07 03:07:47] 倒计时: 1小时 25分钟 0秒
[2026-09-07 03:12:47] 倒计时: 1小时 20分钟 0秒
[2026-09-07 03:17:47] 倒计时: 1小时 15分钟 0秒
[2026-09-07 03:22:47] 倒计时: 1小时 10分钟 0秒
[2026-09-07 03:27:47] 倒计时: 1小时 5分钟 0秒
[2026-09-07 03:32:47] 倒计时: 1小时 0分钟 0秒
[2026-09-07 03:37:47] 倒计时: 0小时 55分钟 0秒
[2026-09-07 03:42:47] 倒计时: 0小时 50分钟 0秒
[2026-09-07 03:47:47] 倒计时: 0小时 45分钟 0秒
[2026-09-07 03:52:47] 倒计时: 0小时 40分钟 0秒
[2026-09-07 03:57:47] 倒计时: 0小时 35分钟 0秒
[2026-09-07 04:02:47] 倒计时: 0小时 30分钟 0秒
[2026-09-07 04:07:47] 倒计时: 0小时 25分钟 0秒
[2026-09-07 04:12:47] 倒计时: 0小时 20分钟 0秒
[2026-09-07 04:17:47] 倒计时: 0小时 15分钟 0秒
[2026-09-07 04:22:48] 倒计时: 0小时 10分钟 0秒
[2026-09-07 04:27:48] 倒计时: 0小时 5分钟 0秒
[2026-09-07 04:31:48] 倒计时: 0小时 1分钟 0秒
[2026-09-07 04:32:48] 
[2026-09-07 04:32:48] =========================================
[2026-09-07 04:32:48] 等待结束！开始检查GPU状态...
[2026-09-07 04:32:48] =========================================
[2026-09-07 04:32:48] 
[2026-09-07 04:32:48] --- 第 1 次检查 [2026-09-07 04:32:48] ---
[2026-09-07 04:32:48] GPU 0 当前显存使用: 2801MiB
[2026-09-07 04:32:48] 阈值: 5000MiB
[2026-09-07 04:32:48] === 当前GPU状态 ===
Mon Sep  7 04:32:48 2026       
+-----------------------------------------------------------------------------------------+
| NVIDIA-SMI 580.173.02             Driver Version: 580.173.02     CUDA Version: 13.0     |
+-----------------------------------------+------------------------+----------------------+
| GPU  Name                 Persistence-M | Bus-Id          Disp.A | Volatile Uncorr. ECC |
| Fan  Temp   Perf          Pwr:Usage/Cap |           Memory-Usage | GPU-Util  Compute M. |
|                                         |                        |               MIG M. |
|=========================================+========================+======================|
|   0  NVIDIA GeForce RTX 3090        Off |   00000000:1A:00.0 Off |                  N/A |
| 39%   24C    P8             21W /  350W |    2801MiB /  24576MiB |      0%      Default |
|                                         |                        |                  N/A |
+-----------------------------------------+------------------------+----------------------+
|   1  NVIDIA GeForce RTX 3090        Off |   00000000:3D:00.0 Off |                  N/A |
| 43%   68C    P2            328W /  350W |   18030MiB /  24576MiB |    100%      Default |
|                                         |                        |                  N/A |
+-----------------------------------------+------------------------+----------------------+
|   2  NVIDIA GeForce RTX 3090        Off |   00000000:5E:00.0 Off |                  N/A |
| 47%   55C    P2            269W /  350W |   24078MiB /  24576MiB |     99%      Default |
|                                         |                        |                  N/A |
+-----------------------------------------+------------------------+----------------------+
|   3  NVIDIA GeForce RTX 3090        Off |   00000000:89:00.0 Off |                  N/A |
| 31%   48C    P2            245W /  350W |   24074MiB /  24576MiB |    100%      Default |
|                                         |                        |                  N/A |
+-----------------------------------------+------------------------+----------------------+
|   4  NVIDIA GeForce RTX 3090        Off |   00000000:B2:00.0 Off |                  N/A |
| 32%   38C    P8             22W /  350W |   22002MiB /  24576MiB |      0%      Default |
|                                         |                        |                  N/A |
+-----------------------------------------+------------------------+----------------------+

+-----------------------------------------------------------------------------------------+
| Processes:                                                                              |
|  GPU   GI   CI              PID   Type   Process name                        GPU Memory |
|        ID   ID                                                               Usage      |
|=========================================================================================|
|    0   N/A  N/A         3514387      C   ...envs/lb_server/bin/python3.12       2774MiB |
|    1   N/A  N/A         3604096      C   ...envs/lb_server/bin/python3.12      18020MiB |
|    2   N/A  N/A          649812      C   python                                24066MiB |
|    3   N/A  N/A         2564238      C   python                                24062MiB |
|    4   N/A  N/A         1726127      C   python                                21990MiB |
+-----------------------------------------------------------------------------------------+
[2026-09-07 04:32:48] ===================
[2026-09-07 04:32:48] >>> 条件满足！显存使用 2801MiB < 5000MiB
[2026-09-07 04:32:48] =========================================
[2026-09-07 04:32:48] 满足条件！开始启动训练任务...
[2026-09-07 04:32:48] GPU 0 显存使用: 2801MiB < 5000MiB
[2026-09-07 04:32:48] 执行命令: bash personal/work2/duibi/train_and_eval_scripts/launch_grid_uniform.sh 0 pick_place-v3_corner
[2026-09-07 04:32:48] =========================================
Dataset path saved: /data/zhonglinye/jun/lerobot/personal/work2/dataset_view/pick_place-v3_corner
Launched experiment: grid_uniform_112_seed42
tmux session: grid_uniform_112_s42_pick_place-v3_corner
Output dir: /data/zhonglinye/jun/lerobot/personal/work2/duibi/grid_uniform_42_pick_place-v3_corner
Dataset: pick_place-v3_corner
Dataset Path: /data/zhonglinye/jun/lerobot/personal/work2/dataset_view/pick_place-v3_corner

Monitor with:
tmux attach -t grid_uniform_112_s42_pick_place-v3_corner

Check logs:
tail -f /data/zhonglinye/jun/lerobot/personal/work2/duibi/grid_uniform_42_pick_place-v3_corner/logs/grid_uniform_112_seed42.log
[2026-09-07 04:32:48] =========================================
[2026-09-07 04:32:48] 训练任务已成功启动！
[2026-09-07 04:32:48] =========================================
[2026-09-07 04:32:48] 
[2026-09-07 04:32:48] =========================================
[2026-09-07 04:32:48] 监控任务完成！
[2026-09-07 04:32:48] 训练任务已启动，监控脚本退出
[2026-09-07 04:32:48] 完整日志保存在: /data/zhonglinye/jun/lerobot/personal/work2/gpu_monitor_logs/monitor_grid_uniform_20260907_023246.log
[2026-09-07 04:32:48] =========================================
