[2026-09-07 02:31:21] =========================================
[2026-09-07 02:31:21] GPU监控脚本启动
[2026-09-07 02:31:21] =========================================
[2026-09-07 02:31:21] 配置信息:
[2026-09-07 02:31:21]   - 初始等待时间: 2 小时
[2026-09-07 02:31:21]   - 检查间隔: 20 分钟
[2026-09-07 02:31:21]   - 目标GPU: 0
[2026-09-07 02:31:21]   - 显存阈值: 5000MiB
[2026-09-07 02:31:21]   - 日志文件: /data/zhonglinye/jun/lerobot/personal/work2/gpu_monitor_logs/monitor_grid_uniform_20260907_023121.log
[2026-09-07 02:31:21] =========================================
[2026-09-07 02:31:21] === 当前GPU状态 ===
Mon Sep  7 02:31:21 2026       
+-----------------------------------------------------------------------------------------+
| NVIDIA-SMI 580.173.02             Driver Version: 580.173.02     CUDA Version: 13.0     |
+-----------------------------------------+------------------------+----------------------+
| GPU  Name                 Persistence-M | Bus-Id          Disp.A | Volatile Uncorr. ECC |
| Fan  Temp   Perf          Pwr:Usage/Cap |           Memory-Usage | GPU-Util  Compute M. |
|                                         |                        |               MIG M. |
|=========================================+========================+======================|
|   0  NVIDIA GeForce RTX 3090        Off |   00000000:1A:00.0 Off |                  N/A |
| 80%   68C    P2            324W /  350W |   18405MiB /  24576MiB |    100%      Default |
|                                         |                        |                  N/A |
+-----------------------------------------+------------------------+----------------------+
|   1  NVIDIA GeForce RTX 3090        Off |   00000000:3D:00.0 Off |                  N/A |
| 32%   48C    P2            104W /  350W |    3501MiB /  24576MiB |      7%      Default |
|                                         |                        |                  N/A |
+-----------------------------------------+------------------------+----------------------+
|   2  NVIDIA GeForce RTX 3090        Off |   00000000:5E:00.0 Off |                  N/A |
| 48%   57C    P2            155W /  350W |   24078MiB /  24576MiB |      0%      Default |
|                                         |                        |                  N/A |
+-----------------------------------------+------------------------+----------------------+
|   3  NVIDIA GeForce RTX 3090        Off |   00000000:89:00.0 Off |                  N/A |
| 34%   55C    P2            247W /  350W |   24074MiB /  24576MiB |     99%      Default |
|                                         |                        |                  N/A |
+-----------------------------------------+------------------------+----------------------+
|   4  NVIDIA GeForce RTX 3090        Off |   00000000:B2:00.0 Off |                  N/A |
| 34%   51C    P2            105W /  350W |   22002MiB /  24576MiB |      0%      Default |
|                                         |                        |                  N/A |
+-----------------------------------------+------------------------+----------------------+

+-----------------------------------------------------------------------------------------+
| Processes:                                                                              |
|  GPU   GI   CI              PID   Type   Process name                        GPU Memory |
|        ID   ID                                                               Usage      |
|=========================================================================================|
|    0   N/A  N/A         3497341      G   ...envs/lb_server/bin/python3.12        252MiB |
|    0   N/A  N/A         3497348      G   ...envs/lb_server/bin/python3.12        252MiB |
|    0   N/A  N/A         3497351      G   ...envs/lb_server/bin/python3.12        252MiB |
|    0   N/A  N/A         3497353      G   ...envs/lb_server/bin/python3.12        252MiB |
|    0   N/A  N/A         3497355      G   ...envs/lb_server/bin/python3.12        252MiB |
|    0   N/A  N/A         3497357      G   ...envs/lb_server/bin/python3.12        252MiB |
|    0   N/A  N/A         3497359      G   ...envs/lb_server/bin/python3.12        252MiB |
|    0   N/A  N/A         3497362      G   ...envs/lb_server/bin/python3.12        252MiB |
|    0   N/A  N/A         3514387      C   ...envs/lb_server/bin/python3.12      16288MiB |
|    1   N/A  N/A         3494551      C   ...envs/lb_server/bin/python3.12       1596MiB |
|    1   N/A  N/A         3573686      C   ...envs/lb_server/bin/python3.12       1890MiB |
|    2   N/A  N/A          649812      C   python                                24066MiB |
|    3   N/A  N/A         2564238      C   python                                24062MiB |
|    4   N/A  N/A         1726127      C   python                                21990MiB |
+-----------------------------------------------------------------------------------------+
[2026-09-07 02:31:21] ===================
[2026-09-07 02:31:21] 开始等待 2 小时...
[2026-09-07 02:31:21] 预计开始检查时间: 2026-09-07 04:31:21
[2026-09-07 02:31:21] 等待期间脚本将持续运行，请勿关闭终端
[2026-09-07 02:31:21] 
[2026-09-07 02:31:21] 倒计时: 2小时 0分钟 0秒
[2026-09-07 02:31:35] 
[2026-09-07 02:31:35] =========================================
[2026-09-07 02:31:35] 收到中断信号，监控脚本退出
[2026-09-07 02:31:35] 日志已保存到: /data/zhonglinye/jun/lerobot/personal/work2/gpu_monitor_logs/monitor_grid_uniform_20260907_023121.log
[2026-09-07 02:31:35] =========================================
