[2026-09-07 02:37:47] =========================================
[2026-09-07 02:37:47] GPU监控脚本启动
[2026-09-07 02:37:47] =========================================
[2026-09-07 02:37:47] 配置信息:
[2026-09-07 02:37:47]   - 初始等待时间: 2 小时
[2026-09-07 02:37:47]   - 检查间隔: 20 分钟
[2026-09-07 02:37:47]   - 目标GPU: 1
[2026-09-07 02:37:47]   - 显存阈值: 5000MiB
[2026-09-07 02:37:47]   - 日志文件: /data/zhonglinye/jun/lerobot/personal/work2/gpu_monitor_logs/monitor_tinyvla_20260907_023747.log
[2026-09-07 02:37:47] =========================================
[2026-09-07 02:37:47] === 当前GPU状态 ===
Mon Sep  7 02:37:48 2026       
+-----------------------------------------------------------------------------------------+
| NVIDIA-SMI 580.173.02             Driver Version: 580.173.02     CUDA Version: 13.0     |
+-----------------------------------------+------------------------+----------------------+
| GPU  Name                 Persistence-M | Bus-Id          Disp.A | Volatile Uncorr. ECC |
| Fan  Temp   Perf          Pwr:Usage/Cap |           Memory-Usage | GPU-Util  Compute M. |
|                                         |                        |               MIG M. |
|=========================================+========================+======================|
|   0  NVIDIA GeForce RTX 3090        Off |   00000000:1A:00.0 Off |                  N/A |
| 77%   67C    P2            324W /  350W |   18405MiB /  24576MiB |     78%      Default |
|                                         |                        |                  N/A |
+-----------------------------------------+------------------------+----------------------+
|   1  NVIDIA GeForce RTX 3090        Off |   00000000:3D:00.0 Off |                  N/A |
| 31%   46C    P2            105W /  350W |   18483MiB /  24576MiB |      8%      Default |
|                                         |                        |                  N/A |
+-----------------------------------------+------------------------+----------------------+
|   2  NVIDIA GeForce RTX 3090        Off |   00000000:5E:00.0 Off |                  N/A |
| 47%   57C    P2            254W /  350W |   24078MiB /  24576MiB |    100%      Default |
|                                         |                        |                  N/A |
+-----------------------------------------+------------------------+----------------------+
|   3  NVIDIA GeForce RTX 3090        Off |   00000000:89:00.0 Off |                  N/A |
| 33%   53C    P2            242W /  350W |   24074MiB /  24576MiB |     64%      Default |
|                                         |                        |                  N/A |
+-----------------------------------------+------------------------+----------------------+
|   4  NVIDIA GeForce RTX 3090        Off |   00000000:B2:00.0 Off |                  N/A |
| 32%   53C    P2            239W /  350W |   22002MiB /  24576MiB |     46%      Default |
|                                         |                        |                  N/A |
+-----------------------------------------+------------------------+----------------------+

+-----------------------------------------------------------------------------------------+
| Processes:                                                                              |
|  GPU   GI   CI              PID   Type   Process name                        GPU Memory |
|        ID   ID                                                               Usage      |
|=========================================================================================|
|    0   N/A  N/A         3497341      G   ...envs/lb_server/bin/python3.12        252MiB |
|    0   N/A  N/A         3497348      G   ...envs/lb_server/bin/python3.12        252MiB |
|    0   N/A  N/A         3497351      G   ...envs/lb_server/bin/python3.12        252MiB |
|    0   N/A  N/A         3497353      G   ...envs/lb_server/bin/python3.12        252MiB |
|    0   N/A  N/A         3497355      G   ...envs/lb_server/bin/python3.12        252MiB |
|    0   N/A  N/A         3497357      G   ...envs/lb_server/bin/python3.12        252MiB |
|    0   N/A  N/A         3497359      G   ...envs/lb_server/bin/python3.12        252MiB |
|    0   N/A  N/A         3497362      G   ...envs/lb_server/bin/python3.12        252MiB |
|    0   N/A  N/A         3514387      C   ...envs/lb_server/bin/python3.12      16288MiB |
|    1   N/A  N/A         3494551      C   ...envs/lb_server/bin/python3.12       1596MiB |
|    1   N/A  N/A         3604096      C   ...envs/lb_server/bin/python3.12      16872MiB |
|    2   N/A  N/A          649812      C   python                                24066MiB |
|    3   N/A  N/A         2564238      C   python                                24062MiB |
|    4   N/A  N/A         1726127      C   python                                21990MiB |
+-----------------------------------------------------------------------------------------+
[2026-09-07 02:37:48] ===================
[2026-09-07 02:37:48] 开始等待 2 小时...
[2026-09-07 02:37:48] 预计开始检查时间: 2026-09-07 04:37:48
[2026-09-07 02:37:48] 等待期间脚本将持续运行，请勿关闭终端
[2026-09-07 02:37:48] 
[2026-09-07 02:37:48] 倒计时: 2小时 0分钟 0秒
[2026-09-07 02:42:48] 倒计时: 1小时 55分钟 0秒
[2026-09-07 02:47:48] 倒计时: 1小时 50分钟 0秒
[2026-09-07 02:52:48] 倒计时: 1小时 45分钟 0秒
[2026-09-07 02:57:48] 倒计时: 1小时 40分钟 0秒
[2026-09-07 03:02:48] 倒计时: 1小时 35分钟 0秒
[2026-09-07 03:07:48] 倒计时: 1小时 30分钟 0秒
[2026-09-07 03:12:48] 倒计时: 1小时 25分钟 0秒
[2026-09-07 03:17:48] 倒计时: 1小时 20分钟 0秒
[2026-09-07 03:22:48] 倒计时: 1小时 15分钟 0秒
[2026-09-07 03:27:48] 倒计时: 1小时 10分钟 0秒
[2026-09-07 03:32:48] 倒计时: 1小时 5分钟 0秒
[2026-09-07 03:37:48] 倒计时: 1小时 0分钟 0秒
[2026-09-07 03:42:48] 倒计时: 0小时 55分钟 0秒
[2026-09-07 03:47:48] 倒计时: 0小时 50分钟 0秒
[2026-09-07 03:52:48] 倒计时: 0小时 45分钟 0秒
[2026-09-07 03:57:48] 倒计时: 0小时 40分钟 0秒
[2026-09-07 04:02:48] 倒计时: 0小时 35分钟 0秒
[2026-09-07 04:07:48] 倒计时: 0小时 30分钟 0秒
[2026-09-07 04:12:48] 倒计时: 0小时 25分钟 0秒
[2026-09-07 04:17:49] 倒计时: 0小时 20分钟 0秒
[2026-09-07 04:22:49] 倒计时: 0小时 15分钟 0秒
[2026-09-07 04:27:49] 倒计时: 0小时 10分钟 0秒
[2026-09-07 04:32:49] 倒计时: 0小时 5分钟 0秒
[2026-09-07 04:36:49] 倒计时: 0小时 1分钟 0秒
[2026-09-07 04:37:49] 
[2026-09-07 04:37:49] =========================================
[2026-09-07 04:37:49] 等待结束！开始检查GPU状态...
[2026-09-07 04:37:49] =========================================
[2026-09-07 04:37:49] 
[2026-09-07 04:37:49] --- 第 1 次检查 [2026-09-07 04:37:49] ---
[2026-09-07 04:37:49] GPU 1 当前显存使用: 18030MiB
[2026-09-07 04:37:49] 阈值: 5000MiB
[2026-09-07 04:37:49] === 当前GPU状态 ===
Mon Sep  7 04:37:49 2026       
+-----------------------------------------------------------------------------------------+
| NVIDIA-SMI 580.173.02             Driver Version: 580.173.02     CUDA Version: 13.0     |
+-----------------------------------------+------------------------+----------------------+
| GPU  Name                 Persistence-M | Bus-Id          Disp.A | Volatile Uncorr. ECC |
| Fan  Temp   Perf          Pwr:Usage/Cap |           Memory-Usage | GPU-Util  Compute M. |
|                                         |                        |               MIG M. |
|=========================================+========================+======================|
|   0  NVIDIA GeForce RTX 3090        Off |   00000000:1A:00.0 Off |                  N/A |
| 64%   65C    P2            340W /  350W |   18174MiB /  24576MiB |     87%      Default |
|                                         |                        |                  N/A |
+-----------------------------------------+------------------------+----------------------+
|   1  NVIDIA GeForce RTX 3090        Off |   00000000:3D:00.0 Off |                  N/A |
| 36%   67C    P2            326W /  350W |   18030MiB /  24576MiB |    100%      Default |
|                                         |                        |                  N/A |
+-----------------------------------------+------------------------+----------------------+
|   2  NVIDIA GeForce RTX 3090        Off |   00000000:5E:00.0 Off |                  N/A |
| 48%   55C    P2            161W /  350W |   24078MiB /  24576MiB |      0%      Default |
|                                         |                        |                  N/A |
+-----------------------------------------+------------------------+----------------------+
|   3  NVIDIA GeForce RTX 3090        Off |   00000000:89:00.0 Off |                  N/A |
| 33%   54C    P2            261W /  350W |   24074MiB /  24576MiB |     99%      Default |
|                                         |                        |                  N/A |
+-----------------------------------------+------------------------+----------------------+
|   4  NVIDIA GeForce RTX 3090        Off |   00000000:B2:00.0 Off |                  N/A |
| 34%   49C    P2            104W /  350W |   22002MiB /  24576MiB |      0%      Default |
|                                         |                        |                  N/A |
+-----------------------------------------+------------------------+----------------------+

+-----------------------------------------------------------------------------------------+
| Processes:                                                                              |
|  GPU   GI   CI              PID   Type   Process name                        GPU Memory |
|        ID   ID                                                               Usage      |
|=========================================================================================|
|    0   N/A  N/A          198741      C   ...envs/lb_server/bin/python3.12      15352MiB |
|    0   N/A  N/A         3514387      C   ...envs/lb_server/bin/python3.12       2774MiB |
|    1   N/A  N/A         3604096      C   ...envs/lb_server/bin/python3.12      18020MiB |
|    2   N/A  N/A          649812      C   python                                24066MiB |
|    3   N/A  N/A         2564238      C   python                                24062MiB |
|    4   N/A  N/A         1726127      C   python                                21990MiB |
+-----------------------------------------------------------------------------------------+
[2026-09-07 04:37:49] ===================
[2026-09-07 04:37:49] >>> 条件不满足，显存使用 18030MiB >= 5000MiB
[2026-09-07 04:37:49] 将在 20 分钟后再次检查...
[2026-09-07 04:57:49] 
[2026-09-07 04:57:49] --- 第 2 次检查 [2026-09-07 04:57:49] ---
[2026-09-07 04:57:49] GPU 1 当前显存使用: 18030MiB
[2026-09-07 04:57:49] 阈值: 5000MiB
[2026-09-07 04:57:49] === 当前GPU状态 ===
Mon Sep  7 04:57:49 2026       
+-----------------------------------------------------------------------------------------+
| NVIDIA-SMI 580.173.02             Driver Version: 580.173.02     CUDA Version: 13.0     |
+-----------------------------------------+------------------------+----------------------+
| GPU  Name                 Persistence-M | Bus-Id          Disp.A | Volatile Uncorr. ECC |
| Fan  Temp   Perf          Pwr:Usage/Cap |           Memory-Usage | GPU-Util  Compute M. |
|                                         |                        |               MIG M. |
|=========================================+========================+======================|
|   0  NVIDIA GeForce RTX 3090        Off |   00000000:1A:00.0 Off |                  N/A |
| 89%   74C    P2            340W /  350W |   18390MiB /  24576MiB |     95%      Default |
|                                         |                        |                  N/A |
+-----------------------------------------+------------------------+----------------------+
|   1  NVIDIA GeForce RTX 3090        Off |   00000000:3D:00.0 Off |                  N/A |
| 44%   71C    P2            225W /  350W |   18030MiB /  24576MiB |     74%      Default |
|                                         |                        |                  N/A |
+-----------------------------------------+------------------------+----------------------+
|   2  NVIDIA GeForce RTX 3090        Off |   00000000:5E:00.0 Off |                  N/A |
| 53%   69C    P2            269W /  350W |   24078MiB /  24576MiB |    100%      Default |
|                                         |                        |                  N/A |
+-----------------------------------------+------------------------+----------------------+
|   3  NVIDIA GeForce RTX 3090        Off |   00000000:89:00.0 Off |                  N/A |
| 30%   30C    P8             23W /  350W |       1MiB /  24576MiB |      0%      Default |
|                                         |                        |                  N/A |
+-----------------------------------------+------------------------+----------------------+
|   4  NVIDIA GeForce RTX 3090        Off |   00000000:B2:00.0 Off |                  N/A |
| 37%   63C    P2            250W /  350W |   22002MiB /  24576MiB |     71%      Default |
|                                         |                        |                  N/A |
+-----------------------------------------+------------------------+----------------------+

+-----------------------------------------------------------------------------------------+
| Processes:                                                                              |
|  GPU   GI   CI              PID   Type   Process name                        GPU Memory |
|        ID   ID                                                               Usage      |
|=========================================================================================|
|    0   N/A  N/A          198741      C   ...envs/lb_server/bin/python3.12      15568MiB |
|    0   N/A  N/A         3514387      C   ...envs/lb_server/bin/python3.12       2774MiB |
|    1   N/A  N/A         3604096      C   ...envs/lb_server/bin/python3.12      18020MiB |
|    2   N/A  N/A          649812      C   python                                24066MiB |
|    4   N/A  N/A         1726127      C   python                                21990MiB |
+-----------------------------------------------------------------------------------------+
[2026-09-07 04:57:49] ===================
[2026-09-07 04:57:49] >>> 条件不满足，显存使用 18030MiB >= 5000MiB
[2026-09-07 04:57:49] 将在 20 分钟后再次检查...
[2026-09-07 05:17:49] 
[2026-09-07 05:17:49] --- 第 3 次检查 [2026-09-07 05:17:49] ---
[2026-09-07 05:17:49] GPU 1 当前显存使用: 18030MiB
[2026-09-07 05:17:49] 阈值: 5000MiB
[2026-09-07 05:17:49] === 当前GPU状态 ===
Mon Sep  7 05:17:49 2026       
+-----------------------------------------------------------------------------------------+
| NVIDIA-SMI 580.173.02             Driver Version: 580.173.02     CUDA Version: 13.0     |
+-----------------------------------------+------------------------+----------------------+
| GPU  Name                 Persistence-M | Bus-Id          Disp.A | Volatile Uncorr. ECC |
| Fan  Temp   Perf          Pwr:Usage/Cap |           Memory-Usage | GPU-Util  Compute M. |
|                                         |                        |               MIG M. |
|=========================================+========================+======================|
|   0  NVIDIA GeForce RTX 3090        Off |   00000000:1A:00.0 Off |                  N/A |
| 79%   67C    P2            347W /  350W |   18390MiB /  24576MiB |    100%      Default |
|                                         |                        |                  N/A |
+-----------------------------------------+------------------------+----------------------+
|   1  NVIDIA GeForce RTX 3090        Off |   00000000:3D:00.0 Off |                  N/A |
| 43%   67C    P2            303W /  350W |   18030MiB /  24576MiB |    100%      Default |
|                                         |                        |                  N/A |
+-----------------------------------------+------------------------+----------------------+
|   2  NVIDIA GeForce RTX 3090        Off |   00000000:5E:00.0 Off |                  N/A |
| 47%   58C    P2            267W /  350W |   24078MiB /  24576MiB |    100%      Default |
|                                         |                        |                  N/A |
+-----------------------------------------+------------------------+----------------------+
|   3  NVIDIA GeForce RTX 3090        Off |   00000000:89:00.0 Off |                  N/A |
| 30%   22C    P8             22W /  350W |       1MiB /  24576MiB |      0%      Default |
|                                         |                        |                  N/A |
+-----------------------------------------+------------------------+----------------------+
|   4  NVIDIA GeForce RTX 3090        Off |   00000000:B2:00.0 Off |                  N/A |
| 30%   33C    P8             20W /  350W |       1MiB /  24576MiB |      0%      Default |
|                                         |                        |                  N/A |
+-----------------------------------------+------------------------+----------------------+

+-----------------------------------------------------------------------------------------+
| Processes:                                                                              |
|  GPU   GI   CI              PID   Type   Process name                        GPU Memory |
|        ID   ID                                                               Usage      |
|=========================================================================================|
|    0   N/A  N/A          198741      C   ...envs/lb_server/bin/python3.12      15568MiB |
|    0   N/A  N/A         3514387      C   ...envs/lb_server/bin/python3.12       2774MiB |
|    1   N/A  N/A         3604096      C   ...envs/lb_server/bin/python3.12      18020MiB |
|    2   N/A  N/A          649812      C   python                                24066MiB |
+-----------------------------------------------------------------------------------------+
[2026-09-07 05:17:50] ===================
[2026-09-07 05:17:50] >>> 条件不满足，显存使用 18030MiB >= 5000MiB
[2026-09-07 05:17:50] 将在 20 分钟后再次检查...
[2026-09-07 05:37:50] 
[2026-09-07 05:37:50] --- 第 4 次检查 [2026-09-07 05:37:50] ---
[2026-09-07 05:37:50] GPU 1 当前显存使用: 3270MiB
[2026-09-07 05:37:50] 阈值: 5000MiB
[2026-09-07 05:37:50] === 当前GPU状态 ===
Mon Sep  7 05:37:50 2026       
+-----------------------------------------------------------------------------------------+
| NVIDIA-SMI 580.173.02             Driver Version: 580.173.02     CUDA Version: 13.0     |
+-----------------------------------------+------------------------+----------------------+
| GPU  Name                 Persistence-M | Bus-Id          Disp.A | Volatile Uncorr. ECC |
| Fan  Temp   Perf          Pwr:Usage/Cap |           Memory-Usage | GPU-Util  Compute M. |
|                                         |                        |               MIG M. |
|=========================================+========================+======================|
|   0  NVIDIA GeForce RTX 3090        Off |   00000000:1A:00.0 Off |                  N/A |
| 78%   69C    P2            347W /  350W |   18390MiB /  24576MiB |     98%      Default |
|                                         |                        |                  N/A |
+-----------------------------------------+------------------------+----------------------+
|   1  NVIDIA GeForce RTX 3090        Off |   00000000:3D:00.0 Off |                  N/A |
| 30%   27C    P8             15W /  350W |    3270MiB /  24576MiB |      0%      Default |
|                                         |                        |                  N/A |
+-----------------------------------------+------------------------+----------------------+
|   2  NVIDIA GeForce RTX 3090        Off |   00000000:5E:00.0 Off |                  N/A |
| 48%   60C    P2            261W /  350W |   24078MiB /  24576MiB |    100%      Default |
|                                         |                        |                  N/A |
+-----------------------------------------+------------------------+----------------------+
|   3  NVIDIA GeForce RTX 3090        Off |   00000000:89:00.0 Off |                  N/A |
| 30%   24C    P8             23W /  350W |       1MiB /  24576MiB |      0%      Default |
|                                         |                        |                  N/A |
+-----------------------------------------+------------------------+----------------------+
|   4  NVIDIA GeForce RTX 3090        Off |   00000000:B2:00.0 Off |                  N/A |
| 30%   25C    P8             18W /  350W |       1MiB /  24576MiB |      0%      Default |
|                                         |                        |                  N/A |
+-----------------------------------------+------------------------+----------------------+

+-----------------------------------------------------------------------------------------+
| Processes:                                                                              |
|  GPU   GI   CI              PID   Type   Process name                        GPU Memory |
|        ID   ID                                                               Usage      |
|=========================================================================================|
|    0   N/A  N/A          198741      C   ...envs/lb_server/bin/python3.12      15568MiB |
|    0   N/A  N/A         3514387      C   ...envs/lb_server/bin/python3.12       2774MiB |
|    1   N/A  N/A         3604096      C   ...envs/lb_server/bin/python3.12       3260MiB |
|    2   N/A  N/A          649812      C   python                                24066MiB |
+-----------------------------------------------------------------------------------------+
[2026-09-07 05:37:50] ===================
[2026-09-07 05:37:50] >>> 条件满足！显存使用 3270MiB < 5000MiB
[2026-09-07 05:37:50] =========================================
[2026-09-07 05:37:50] 满足条件！开始启动训练任务...
[2026-09-07 05:37:50] GPU 1 显存使用: 3270MiB < 5000MiB
[2026-09-07 05:37:50] 执行命令: bash personal/work2/differentvlm/scripts/run_tinyvla.sh tinyvla-s --dataset disassemble-v3_corner --gpu 0 --num_episodes 112
[2026-09-07 05:37:50] =========================================
==============================================
  TinyVLA Experiment Launcher
==============================================
  Policy Type:  tinyvla_s
  Dataset:      disassemble-v3_corner
  GPU:          0
  Num Episodes: 112
  Tmux Session: tinyvla_tinyvla_s_disassemble-v3_corner
  Log File:     /data/zhonglinye/jun/lerobot/personal/work2/differentvlm/experiments/tinyvla_s_disassemble-v3_corner/logs/experiment.log
  Project Root: /data/zhonglinye/jun/lerobot
==============================================

Starting experiment in tmux session: tinyvla_tinyvla_s_disassemble-v3_corner
To attach: tmux attach -t tinyvla_tinyvla_s_disassemble-v3_corner
To detach: Ctrl+B, then D
To kill:   tmux kill-session -t tinyvla_tinyvla_s_disassemble-v3_corner

Experiment started successfully.
Monitor progress: tail -f /data/zhonglinye/jun/lerobot/personal/work2/differentvlm/experiments/tinyvla_s_disassemble-v3_corner/logs/experiment.log
[2026-09-07 05:37:50] =========================================
[2026-09-07 05:37:50] 训练任务已成功启动！
[2026-09-07 05:37:50] =========================================
[2026-09-07 05:37:50] 
[2026-09-07 05:37:50] =========================================
[2026-09-07 05:37:50] 监控任务完成！
[2026-09-07 05:37:50] 训练任务已启动，监控脚本退出
[2026-09-07 05:37:50] 完整日志保存在: /data/zhonglinye/jun/lerobot/personal/work2/gpu_monitor_logs/monitor_tinyvla_20260907_023747.log
[2026-09-07 05:37:50] =========================================
