[2026-09-05 23:44:20] =========================================
[2026-09-05 23:44:20] GPU监控脚本启动
[2026-09-05 23:44:20] =========================================
[2026-09-05 23:44:20] 配置信息:
[2026-09-05 23:44:20]   - 初始等待时间: 4 小时
[2026-09-05 23:44:20]   - 检查间隔: 20 分钟
[2026-09-05 23:44:20]   - 目标GPU: 0
[2026-09-05 23:44:20]   - 显存阈值: 5000MiB
[2026-09-05 23:44:20]   - 日志文件: /data/zhonglinye/jun/lerobot/personal/work2/gpu_monitor_logs/monitor_20260905_234420.log
[2026-09-05 23:44:20] =========================================
[2026-09-05 23:44:20] === 当前GPU状态 ===
Sat Sep  5 23:44:20 2026       
+-----------------------------------------------------------------------------------------+
| NVIDIA-SMI 580.173.02             Driver Version: 580.173.02     CUDA Version: 13.0     |
+-----------------------------------------+------------------------+----------------------+
| GPU  Name                 Persistence-M | Bus-Id          Disp.A | Volatile Uncorr. ECC |
| Fan  Temp   Perf          Pwr:Usage/Cap |           Memory-Usage | GPU-Util  Compute M. |
|                                         |                        |               MIG M. |
|=========================================+========================+======================|
|   0  NVIDIA GeForce RTX 3090        Off |   00000000:1A:00.0 Off |                  N/A |
| 75%   65C    P2            290W /  350W |   15456MiB /  24576MiB |     54%      Default |
|                                         |                        |                  N/A |
+-----------------------------------------+------------------------+----------------------+
|   1  NVIDIA GeForce RTX 3090        Off |   00000000:3D:00.0 Off |                  N/A |
| 43%   68C    P2            310W /  350W |   17050MiB /  24576MiB |    100%      Default |
|                                         |                        |                  N/A |
+-----------------------------------------+------------------------+----------------------+
|   2  NVIDIA GeForce RTX 3090        Off |   00000000:5E:00.0 Off |                  N/A |
| 47%   56C    P2            251W /  350W |   24078MiB /  24576MiB |     82%      Default |
|                                         |                        |                  N/A |
+-----------------------------------------+------------------------+----------------------+
|   3  NVIDIA GeForce RTX 3090        Off |   00000000:89:00.0 Off |                  N/A |
| 33%   54C    P2            234W /  350W |   24074MiB /  24576MiB |     52%      Default |
|                                         |                        |                  N/A |
+-----------------------------------------+------------------------+----------------------+
|   4  NVIDIA GeForce RTX 3090        Off |   00000000:B2:00.0 Off |                  N/A |
| 33%   53C    P2            235W /  350W |   22002MiB /  24576MiB |     62%      Default |
|                                         |                        |                  N/A |
+-----------------------------------------+------------------------+----------------------+

+-----------------------------------------------------------------------------------------+
| Processes:                                                                              |
|  GPU   GI   CI              PID   Type   Process name                        GPU Memory |
|        ID   ID                                                               Usage      |
|=========================================================================================|
|    0   N/A  N/A         4069536      C   ...envs/lb_server/bin/python3.12      15430MiB |
|    1   N/A  N/A         4068552      C   ...envs/lb_server/bin/python3.12      17024MiB |
|    2   N/A  N/A          649812      C   python                                24066MiB |
|    3   N/A  N/A         2564238      C   python                                24062MiB |
|    4   N/A  N/A         1726127      C   python                                21990MiB |
+-----------------------------------------------------------------------------------------+
[2026-09-05 23:44:20] ===================
[2026-09-05 23:44:20] 开始等待 4 小时...
[2026-09-05 23:44:20] 预计开始检查时间: 2026-09-06 03:44:20
[2026-09-05 23:44:20] 等待期间脚本将持续运行，请勿关闭终端
[2026-09-05 23:44:20] 
[2026-09-05 23:44:20] 倒计时: 4小时 0分钟 0秒
[2026-09-05 23:49:20] 倒计时: 3小时 55分钟 0秒
[2026-09-05 23:54:20] 倒计时: 3小时 50分钟 0秒
[2026-09-05 23:59:20] 倒计时: 3小时 45分钟 0秒
[2026-09-06 00:04:20] 倒计时: 3小时 40分钟 0秒
[2026-09-06 00:09:20] 倒计时: 3小时 35分钟 0秒
[2026-09-06 00:14:20] 倒计时: 3小时 30分钟 0秒
[2026-09-06 00:19:20] 倒计时: 3小时 25分钟 0秒
[2026-09-06 00:24:21] 倒计时: 3小时 20分钟 0秒
[2026-09-06 00:29:21] 倒计时: 3小时 15分钟 0秒
[2026-09-06 00:34:21] 倒计时: 3小时 10分钟 0秒
[2026-09-06 00:39:21] 倒计时: 3小时 5分钟 0秒
[2026-09-06 00:44:21] 倒计时: 3小时 0分钟 0秒
[2026-09-06 00:49:21] 倒计时: 2小时 55分钟 0秒
[2026-09-06 00:54:21] 倒计时: 2小时 50分钟 0秒
[2026-09-06 00:59:21] 倒计时: 2小时 45分钟 0秒
[2026-09-06 01:04:21] 倒计时: 2小时 40分钟 0秒
[2026-09-06 01:09:21] 倒计时: 2小时 35分钟 0秒
[2026-09-06 01:14:21] 倒计时: 2小时 30分钟 0秒
[2026-09-06 01:19:21] 倒计时: 2小时 25分钟 0秒
[2026-09-06 01:24:21] 倒计时: 2小时 20分钟 0秒
[2026-09-06 01:29:21] 倒计时: 2小时 15分钟 0秒
[2026-09-06 01:34:21] 倒计时: 2小时 10分钟 0秒
[2026-09-06 01:39:21] 倒计时: 2小时 5分钟 0秒
[2026-09-06 01:44:21] 倒计时: 2小时 0分钟 0秒
[2026-09-06 01:49:21] 倒计时: 1小时 55分钟 0秒
[2026-09-06 01:54:21] 倒计时: 1小时 50分钟 0秒
[2026-09-06 01:59:22] 倒计时: 1小时 45分钟 0秒
[2026-09-06 02:04:22] 倒计时: 1小时 40分钟 0秒
[2026-09-06 02:09:22] 倒计时: 1小时 35分钟 0秒
[2026-09-06 02:14:22] 倒计时: 1小时 30分钟 0秒
[2026-09-06 02:19:22] 倒计时: 1小时 25分钟 0秒
[2026-09-06 02:24:22] 倒计时: 1小时 20分钟 0秒
[2026-09-06 02:29:22] 倒计时: 1小时 15分钟 0秒
[2026-09-06 02:34:22] 倒计时: 1小时 10分钟 0秒
[2026-09-06 02:39:22] 倒计时: 1小时 5分钟 0秒
[2026-09-06 02:44:22] 倒计时: 1小时 0分钟 0秒
[2026-09-06 02:49:22] 倒计时: 0小时 55分钟 0秒
[2026-09-06 02:54:22] 倒计时: 0小时 50分钟 0秒
[2026-09-06 02:59:22] 倒计时: 0小时 45分钟 0秒
[2026-09-06 03:04:22] 倒计时: 0小时 40分钟 0秒
[2026-09-06 03:09:22] 倒计时: 0小时 35分钟 0秒
[2026-09-06 03:14:22] 倒计时: 0小时 30分钟 0秒
[2026-09-06 03:19:22] 倒计时: 0小时 25分钟 0秒
[2026-09-06 03:24:22] 倒计时: 0小时 20分钟 0秒
[2026-09-06 03:29:22] 倒计时: 0小时 15分钟 0秒
[2026-09-06 03:34:22] 倒计时: 0小时 10分钟 0秒
[2026-09-06 03:39:23] 倒计时: 0小时 5分钟 0秒
[2026-09-06 03:43:23] 倒计时: 0小时 1分钟 0秒
[2026-09-06 03:44:23] 
[2026-09-06 03:44:23] =========================================
[2026-09-06 03:44:23] 等待结束！开始检查GPU状态...
[2026-09-06 03:44:23] =========================================
[2026-09-06 03:44:23] 
[2026-09-06 03:44:23] --- 第 1 次检查 [2026-09-06 03:44:23] ---
[2026-09-06 03:44:23] GPU 0 当前显存使用: 15457MiB
[2026-09-06 03:44:23] 阈值: 5000MiB
[2026-09-06 03:44:23] === 当前GPU状态 ===
Sun Sep  6 03:44:23 2026       
+-----------------------------------------------------------------------------------------+
| NVIDIA-SMI 580.173.02             Driver Version: 580.173.02     CUDA Version: 13.0     |
+-----------------------------------------+------------------------+----------------------+
| GPU  Name                 Persistence-M | Bus-Id          Disp.A | Volatile Uncorr. ECC |
| Fan  Temp   Perf          Pwr:Usage/Cap |           Memory-Usage | GPU-Util  Compute M. |
|                                         |                        |               MIG M. |
|=========================================+========================+======================|
|   0  NVIDIA GeForce RTX 3090        Off |   00000000:1A:00.0 Off |                  N/A |
| 39%   25C    P8             22W /  350W |   15457MiB /  24576MiB |      0%      Default |
|                                         |                        |                  N/A |
+-----------------------------------------+------------------------+----------------------+
|   1  NVIDIA GeForce RTX 3090        Off |   00000000:3D:00.0 Off |                  N/A |
| 30%   23C    P8             14W /  350W |    3254MiB /  24576MiB |      0%      Default |
|                                         |                        |                  N/A |
+-----------------------------------------+------------------------+----------------------+
|   2  NVIDIA GeForce RTX 3090        Off |   00000000:5E:00.0 Off |                  N/A |
| 47%   53C    P2            259W /  350W |   24078MiB /  24576MiB |     99%      Default |
|                                         |                        |                  N/A |
+-----------------------------------------+------------------------+----------------------+
|   3  NVIDIA GeForce RTX 3090        Off |   00000000:89:00.0 Off |                  N/A |
| 32%   43C    P2            108W /  350W |   24074MiB /  24576MiB |      0%      Default |
|                                         |                        |                  N/A |
+-----------------------------------------+------------------------+----------------------+
|   4  NVIDIA GeForce RTX 3090        Off |   00000000:B2:00.0 Off |                  N/A |
| 32%   45C    P2            104W /  350W |   22002MiB /  24576MiB |      0%      Default |
|                                         |                        |                  N/A |
+-----------------------------------------+------------------------+----------------------+

+-----------------------------------------------------------------------------------------+
| Processes:                                                                              |
|  GPU   GI   CI              PID   Type   Process name                        GPU Memory |
|        ID   ID                                                               Usage      |
|=========================================================================================|
|    0   N/A  N/A         4069536      C   ...envs/lb_server/bin/python3.12      15430MiB |
|    1   N/A  N/A         4068552      C   ...envs/lb_server/bin/python3.12       3228MiB |
|    2   N/A  N/A          649812      C   python                                24066MiB |
|    3   N/A  N/A         2564238      C   python                                24062MiB |
|    4   N/A  N/A         1726127      C   python                                21990MiB |
+-----------------------------------------------------------------------------------------+
[2026-09-06 03:44:23] ===================
[2026-09-06 03:44:23] >>> 条件不满足，显存使用 15457MiB >= 5000MiB
[2026-09-06 03:44:23] 将在 20 分钟后再次检查...
[2026-09-06 04:04:23] 
[2026-09-06 04:04:23] --- 第 2 次检查 [2026-09-06 04:04:23] ---
[2026-09-06 04:04:23] GPU 0 当前显存使用: 15457MiB
[2026-09-06 04:04:23] 阈值: 5000MiB
[2026-09-06 04:04:23] === 当前GPU状态 ===
Sun Sep  6 04:04:23 2026       
+-----------------------------------------------------------------------------------------+
| NVIDIA-SMI 580.173.02             Driver Version: 580.173.02     CUDA Version: 13.0     |
+-----------------------------------------+------------------------+----------------------+
| GPU  Name                 Persistence-M | Bus-Id          Disp.A | Volatile Uncorr. ECC |
| Fan  Temp   Perf          Pwr:Usage/Cap |           Memory-Usage | GPU-Util  Compute M. |
|                                         |                        |               MIG M. |
|=========================================+========================+======================|
|   0  NVIDIA GeForce RTX 3090        Off |   00000000:1A:00.0 Off |                  N/A |
| 39%   29C    P8             21W /  350W |   15457MiB /  24576MiB |      0%      Default |
|                                         |                        |                  N/A |
+-----------------------------------------+------------------------+----------------------+
|   1  NVIDIA GeForce RTX 3090        Off |   00000000:3D:00.0 Off |                  N/A |
| 30%   30C    P8             14W /  350W |    3254MiB /  24576MiB |      0%      Default |
|                                         |                        |                  N/A |
+-----------------------------------------+------------------------+----------------------+
|   2  NVIDIA GeForce RTX 3090        Off |   00000000:5E:00.0 Off |                  N/A |
| 48%   63C    P2            259W /  350W |   24078MiB /  24576MiB |    100%      Default |
|                                         |                        |                  N/A |
+-----------------------------------------+------------------------+----------------------+
|   3  NVIDIA GeForce RTX 3090        Off |   00000000:89:00.0 Off |                  N/A |
| 34%   57C    P2            248W /  350W |   24074MiB /  24576MiB |    100%      Default |
|                                         |                        |                  N/A |
+-----------------------------------------+------------------------+----------------------+
|   4  NVIDIA GeForce RTX 3090        Off |   00000000:B2:00.0 Off |                  N/A |
| 36%   60C    P2            239W /  350W |   22002MiB /  24576MiB |    100%      Default |
|                                         |                        |                  N/A |
+-----------------------------------------+------------------------+----------------------+

+-----------------------------------------------------------------------------------------+
| Processes:                                                                              |
|  GPU   GI   CI              PID   Type   Process name                        GPU Memory |
|        ID   ID                                                               Usage      |
|=========================================================================================|
|    0   N/A  N/A         4069536      C   ...envs/lb_server/bin/python3.12      15430MiB |
|    1   N/A  N/A         4068552      C   ...envs/lb_server/bin/python3.12       3228MiB |
|    2   N/A  N/A          649812      C   python                                24066MiB |
|    3   N/A  N/A         2564238      C   python                                24062MiB |
|    4   N/A  N/A         1726127      C   python                                21990MiB |
+-----------------------------------------------------------------------------------------+
[2026-09-06 04:04:23] ===================
[2026-09-06 04:04:23] >>> 条件不满足，显存使用 15457MiB >= 5000MiB
[2026-09-06 04:04:23] 将在 20 分钟后再次检查...
[2026-09-06 04:24:23] 
[2026-09-06 04:24:23] --- 第 3 次检查 [2026-09-06 04:24:23] ---
[2026-09-06 04:24:23] GPU 0 当前显存使用: 15457MiB
[2026-09-06 04:24:23] 阈值: 5000MiB
[2026-09-06 04:24:23] === 当前GPU状态 ===
Sun Sep  6 04:24:24 2026       
+-----------------------------------------------------------------------------------------+
| NVIDIA-SMI 580.173.02             Driver Version: 580.173.02     CUDA Version: 13.0     |
+-----------------------------------------+------------------------+----------------------+
| GPU  Name                 Persistence-M | Bus-Id          Disp.A | Volatile Uncorr. ECC |
| Fan  Temp   Perf          Pwr:Usage/Cap |           Memory-Usage | GPU-Util  Compute M. |
|                                         |                        |               MIG M. |
|=========================================+========================+======================|
|   0  NVIDIA GeForce RTX 3090        Off |   00000000:1A:00.0 Off |                  N/A |
| 40%   33C    P8             21W /  350W |   15457MiB /  24576MiB |      0%      Default |
|                                         |                        |                  N/A |
+-----------------------------------------+------------------------+----------------------+
|   1  NVIDIA GeForce RTX 3090        Off |   00000000:3D:00.0 Off |                  N/A |
| 44%   71C    P2            250W /  350W |   18745MiB /  24576MiB |    100%      Default |
|                                         |                        |                  N/A |
+-----------------------------------------+------------------------+----------------------+
|   2  NVIDIA GeForce RTX 3090        Off |   00000000:5E:00.0 Off |                  N/A |
| 53%   63C    P2            261W /  350W |   24078MiB /  24576MiB |    100%      Default |
|                                         |                        |                  N/A |
+-----------------------------------------+------------------------+----------------------+
|   3  NVIDIA GeForce RTX 3090        Off |   00000000:89:00.0 Off |                  N/A |
| 36%   60C    P2            256W /  350W |   24074MiB /  24576MiB |     76%      Default |
|                                         |                        |                  N/A |
+-----------------------------------------+------------------------+----------------------+
|   4  NVIDIA GeForce RTX 3090        Off |   00000000:B2:00.0 Off |                  N/A |
| 36%   54C    P2            109W /  350W |   22002MiB /  24576MiB |      0%      Default |
|                                         |                        |                  N/A |
+-----------------------------------------+------------------------+----------------------+

+-----------------------------------------------------------------------------------------+
| Processes:                                                                              |
|  GPU   GI   CI              PID   Type   Process name                        GPU Memory |
|        ID   ID                                                               Usage      |
|=========================================================================================|
|    0   N/A  N/A         4069536      C   ...envs/lb_server/bin/python3.12      15430MiB |
|    1   N/A  N/A         3166770      C   ...envs/lb_server/bin/python3.12      15468MiB |
|    1   N/A  N/A         4068552      C   ...envs/lb_server/bin/python3.12       3228MiB |
|    2   N/A  N/A          649812      C   python                                24066MiB |
|    3   N/A  N/A         2564238      C   python                                24062MiB |
|    4   N/A  N/A         1726127      C   python                                21990MiB |
+-----------------------------------------------------------------------------------------+
[2026-09-06 04:24:24] ===================
[2026-09-06 04:24:24] >>> 条件不满足，显存使用 15457MiB >= 5000MiB
[2026-09-06 04:24:24] 将在 20 分钟后再次检查...
[2026-09-06 04:44:24] 
[2026-09-06 04:44:24] --- 第 4 次检查 [2026-09-06 04:44:24] ---
[2026-09-06 04:44:24] GPU 0 当前显存使用: 1MiB
[2026-09-06 04:44:24] 阈值: 5000MiB
[2026-09-06 04:44:24] === 当前GPU状态 ===
Sun Sep  6 04:44:24 2026       
+-----------------------------------------------------------------------------------------+
| NVIDIA-SMI 580.173.02             Driver Version: 580.173.02     CUDA Version: 13.0     |
+-----------------------------------------+------------------------+----------------------+
| GPU  Name                 Persistence-M | Bus-Id          Disp.A | Volatile Uncorr. ECC |
| Fan  Temp   Perf          Pwr:Usage/Cap |           Memory-Usage | GPU-Util  Compute M. |
|                                         |                        |               MIG M. |
|=========================================+========================+======================|
|   0  NVIDIA GeForce RTX 3090        Off |   00000000:1A:00.0 Off |                  N/A |
| 39%   25C    P8             21W /  350W |       1MiB /  24576MiB |      0%      Default |
|                                         |                        |                  N/A |
+-----------------------------------------+------------------------+----------------------+
|   1  NVIDIA GeForce RTX 3090        Off |   00000000:3D:00.0 Off |                  N/A |
| 44%   67C    P2            313W /  350W |   18745MiB /  24576MiB |     92%      Default |
|                                         |                        |                  N/A |
+-----------------------------------------+------------------------+----------------------+
|   2  NVIDIA GeForce RTX 3090        Off |   00000000:5E:00.0 Off |                  N/A |
| 47%   58C    P2            252W /  350W |   24078MiB /  24576MiB |     84%      Default |
|                                         |                        |                  N/A |
+-----------------------------------------+------------------------+----------------------+
|   3  NVIDIA GeForce RTX 3090        Off |   00000000:89:00.0 Off |                  N/A |
| 34%   55C    P2            251W /  350W |   24074MiB /  24576MiB |    100%      Default |
|                                         |                        |                  N/A |
+-----------------------------------------+------------------------+----------------------+
|   4  NVIDIA GeForce RTX 3090        Off |   00000000:B2:00.0 Off |                  N/A |
| 34%   55C    P2            240W /  350W |   22002MiB /  24576MiB |     27%      Default |
|                                         |                        |                  N/A |
+-----------------------------------------+------------------------+----------------------+

+-----------------------------------------------------------------------------------------+
| Processes:                                                                              |
|  GPU   GI   CI              PID   Type   Process name                        GPU Memory |
|        ID   ID                                                               Usage      |
|=========================================================================================|
|    1   N/A  N/A         3166770      C   ...envs/lb_server/bin/python3.12      15468MiB |
|    1   N/A  N/A         4068552      C   ...envs/lb_server/bin/python3.12       3228MiB |
|    2   N/A  N/A          649812      C   python                                24066MiB |
|    3   N/A  N/A         2564238      C   python                                24062MiB |
|    4   N/A  N/A         1726127      C   python                                21990MiB |
+-----------------------------------------------------------------------------------------+
[2026-09-06 04:44:24] ===================
[2026-09-06 04:44:24] >>> 条件满足！显存使用 1MiB < 5000MiB
[2026-09-06 04:44:24] =========================================
[2026-09-06 04:44:24] 满足条件！开始启动训练任务...
[2026-09-06 04:44:24] GPU 0 显存使用: 1MiB < 5000MiB
[2026-09-06 04:44:24] 执行命令: bash personal/work2/duibi/train_and_eval_scripts/launch_deminf.sh 0 disassemble-v3_corner
[2026-09-06 04:44:24] =========================================
Launched experiment: deminf_112_seed42
tmux session: deminf_112_s42_disassemble-v3_corner
Output dir: /data/zhonglinye/jun/lerobot/personal/work2/duibi/deminf_112_seed42_disassemble-v3_corner
Dataset: disassemble-v3_corner
Dataset dir: /data/zhonglinye/jun/lerobot/personal/work2/dataset_view/disassemble-v3_corner

Monitor with: tmux attach -t deminf_112_s42_disassemble-v3_corner
Check logs: tail -f /data/zhonglinye/jun/lerobot/personal/work2/duibi/deminf_112_seed42_disassemble-v3_corner/logs/deminf_112_seed42.log
[2026-09-06 04:44:24] =========================================
[2026-09-06 04:44:24] 训练任务已成功启动！
[2026-09-06 04:44:24] =========================================
[2026-09-06 04:44:24] 
[2026-09-06 04:44:24] =========================================
[2026-09-06 04:44:24] 监控任务完成！
[2026-09-06 04:44:24] 训练任务已启动，监控脚本退出
[2026-09-06 04:44:24] 完整日志保存在: /data/zhonglinye/jun/lerobot/personal/work2/gpu_monitor_logs/monitor_20260905_234420.log
[2026-09-06 04:44:24] =========================================
