[2026-09-08 22:25:57] =========================================
[2026-09-08 22:25:57] GPU监控脚本启动
[2026-09-08 22:25:57] =========================================
[2026-09-08 22:25:57] 配置信息:
[2026-09-08 22:25:57]   - 初始等待时间: 2 小时
[2026-09-08 22:25:57]   - 检查间隔: 20 分钟
[2026-09-08 22:25:57]   - 目标GPU: 0
[2026-09-08 22:25:57]   - 显存阈值: 5000MiB
[2026-09-08 22:25:57]   - 日志文件: /data/zhonglinye/jun/lerobot/personal/work2/gpu_monitor_logs/monitor_grid_uniform_20260908_222557.log
[2026-09-08 22:25:57] =========================================
[2026-09-08 22:25:57] === 当前GPU状态 ===
Tue Sep  8 22:25:57 2026       
+-----------------------------------------------------------------------------------------+
| NVIDIA-SMI 580.173.02             Driver Version: 580.173.02     CUDA Version: 13.0     |
+-----------------------------------------+------------------------+----------------------+
| GPU  Name                 Persistence-M | Bus-Id          Disp.A | Volatile Uncorr. ECC |
| Fan  Temp   Perf          Pwr:Usage/Cap |           Memory-Usage | GPU-Util  Compute M. |
|                                         |                        |               MIG M. |
|=========================================+========================+======================|
|   0  NVIDIA GeForce RTX 3090        Off |   00000000:1A:00.0 Off |                  N/A |
| 79%   63C    P2            155W /  350W |    4500MiB /  24576MiB |      0%      Default |
|                                         |                        |                  N/A |
+-----------------------------------------+------------------------+----------------------+
|   1  NVIDIA GeForce RTX 3090        Off |   00000000:3D:00.0 Off |                  N/A |
| 44%   72C    P2            233W /  350W |    9884MiB /  24576MiB |    100%      Default |
|                                         |                        |                  N/A |
+-----------------------------------------+------------------------+----------------------+
|   2  NVIDIA GeForce RTX 3090        Off |   00000000:5E:00.0 Off |                  N/A |
| 59%   64C    P2            167W /  350W |    4362MiB /  24576MiB |      0%      Default |
|                                         |                        |                  N/A |
+-----------------------------------------+------------------------+----------------------+
|   3  NVIDIA GeForce RTX 3090        Off |   00000000:89:00.0 Off |                  N/A |
| 30%   26C    P8             23W /  350W |       1MiB /  24576MiB |      0%      Default |
|                                         |                        |                  N/A |
+-----------------------------------------+------------------------+----------------------+
|   4  NVIDIA GeForce RTX 3090        Off |   00000000:B2:00.0 Off |                  N/A |
| 36%   60C    P2            256W /  350W |   22016MiB /  24576MiB |    100%      Default |
|                                         |                        |                  N/A |
+-----------------------------------------+------------------------+----------------------+

+-----------------------------------------------------------------------------------------+
| Processes:                                                                              |
|  GPU   GI   CI              PID   Type   Process name                        GPU Memory |
|        ID   ID                                                               Usage      |
|=========================================================================================|
|    0   N/A  N/A         3935411      C   ...envs/lb_server/bin/python3.12       4488MiB |
|    1   N/A  N/A         1489844      C   ...envs/lb_server/bin/python3.12       5894MiB |
|    2   N/A  N/A         1570489      C   ...envs/lb_server/bin/python3.12       4350MiB |
|    4   N/A  N/A          283432      C   python                                22004MiB |
+-----------------------------------------------------------------------------------------+
[2026-09-08 22:25:57] ===================
[2026-09-08 22:25:57] 开始等待 2 小时...
[2026-09-08 22:25:57] 预计开始检查时间: 2026-09-09 00:25:57
[2026-09-08 22:25:57] 等待期间脚本将持续运行，请勿关闭终端
[2026-09-08 22:25:57] 
[2026-09-08 22:25:57] 倒计时: 2小时 0分钟 0秒
[2026-09-08 22:30:57] 倒计时: 1小时 55分钟 0秒
[2026-09-08 22:35:57] 倒计时: 1小时 50分钟 0秒
[2026-09-08 22:40:57] 倒计时: 1小时 45分钟 0秒
[2026-09-08 22:45:57] 倒计时: 1小时 40分钟 0秒
[2026-09-08 22:50:57] 倒计时: 1小时 35分钟 0秒
[2026-09-08 22:55:57] 倒计时: 1小时 30分钟 0秒
[2026-09-08 23:00:57] 倒计时: 1小时 25分钟 0秒
[2026-09-08 23:05:57] 倒计时: 1小时 20分钟 0秒
[2026-09-08 23:10:57] 倒计时: 1小时 15分钟 0秒
[2026-09-08 23:15:57] 倒计时: 1小时 10分钟 0秒
[2026-09-08 23:20:57] 倒计时: 1小时 5分钟 0秒
[2026-09-08 23:25:57] 倒计时: 1小时 0分钟 0秒
[2026-09-08 23:30:57] 倒计时: 0小时 55分钟 0秒
[2026-09-08 23:35:57] 倒计时: 0小时 50分钟 0秒
[2026-09-08 23:40:57] 倒计时: 0小时 45分钟 0秒
[2026-09-08 23:45:57] 倒计时: 0小时 40分钟 0秒
[2026-09-08 23:50:57] 倒计时: 0小时 35分钟 0秒
[2026-09-08 23:55:57] 倒计时: 0小时 30分钟 0秒
[2026-09-09 00:00:57] 倒计时: 0小时 25分钟 0秒
[2026-09-09 00:05:57] 倒计时: 0小时 20分钟 0秒
[2026-09-09 00:10:57] 倒计时: 0小时 15分钟 0秒
[2026-09-09 00:15:57] 倒计时: 0小时 10分钟 0秒
[2026-09-09 00:20:57] 倒计时: 0小时 5分钟 0秒
[2026-09-09 00:24:57] 倒计时: 0小时 1分钟 0秒
[2026-09-09 00:25:57] 
[2026-09-09 00:25:57] =========================================
[2026-09-09 00:25:57] 等待结束！开始检查GPU状态...
[2026-09-09 00:25:57] =========================================
[2026-09-09 00:25:57] 
[2026-09-09 00:25:57] --- 第 1 次检查 [2026-09-09 00:25:57] ---
[2026-09-09 00:25:57] GPU 0 当前显存使用: 4702MiB
[2026-09-09 00:25:57] 阈值: 5000MiB
[2026-09-09 00:25:57] === 当前GPU状态 ===
Wed Sep  9 00:25:57 2026       
+-----------------------------------------------------------------------------------------+
| NVIDIA-SMI 580.173.02             Driver Version: 580.173.02     CUDA Version: 13.0     |
+-----------------------------------------+------------------------+----------------------+
| GPU  Name                 Persistence-M | Bus-Id          Disp.A | Volatile Uncorr. ECC |
| Fan  Temp   Perf          Pwr:Usage/Cap |           Memory-Usage | GPU-Util  Compute M. |
|                                         |                        |               MIG M. |
|=========================================+========================+======================|
|   0  NVIDIA GeForce RTX 3090        Off |   00000000:1A:00.0 Off |                  N/A |
| 67%   65C    P2            326W /  350W |    4702MiB /  24576MiB |    100%      Default |
|                                         |                        |                  N/A |
+-----------------------------------------+------------------------+----------------------+
|   1  NVIDIA GeForce RTX 3090        Off |   00000000:3D:00.0 Off |                  N/A |
| 40%   66C    P2            251W /  350W |   12282MiB /  24576MiB |     96%      Default |
|                                         |                        |                  N/A |
+-----------------------------------------+------------------------+----------------------+
|   2  NVIDIA GeForce RTX 3090        Off |   00000000:5E:00.0 Off |                  N/A |
| 47%   59C    P2            329W /  350W |    4510MiB /  24576MiB |     99%      Default |
|                                         |                        |                  N/A |
+-----------------------------------------+------------------------+----------------------+
|   3  NVIDIA GeForce RTX 3090        Off |   00000000:89:00.0 Off |                  N/A |
| 30%   21C    P8             22W /  350W |       1MiB /  24576MiB |      0%      Default |
|                                         |                        |                  N/A |
+-----------------------------------------+------------------------+----------------------+
|   4  NVIDIA GeForce RTX 3090        Off |   00000000:B2:00.0 Off |                  N/A |
| 33%   56C    P2            262W /  350W |   21992MiB /  24576MiB |    100%      Default |
|                                         |                        |                  N/A |
+-----------------------------------------+------------------------+----------------------+

+-----------------------------------------------------------------------------------------+
| Processes:                                                                              |
|  GPU   GI   CI              PID   Type   Process name                        GPU Memory |
|        ID   ID                                                               Usage      |
|=========================================================================================|
|    0   N/A  N/A         3935411      C   ...envs/lb_server/bin/python3.12       4690MiB |
|    1   N/A  N/A         1489844      C   ...envs/lb_server/bin/python3.12       9292MiB |
|    2   N/A  N/A         1570489      C   ...envs/lb_server/bin/python3.12       4498MiB |
|    4   N/A  N/A         1294151      C   python                                21980MiB |
+-----------------------------------------------------------------------------------------+
[2026-09-09 00:25:57] ===================
[2026-09-09 00:25:57] >>> 条件满足！显存使用 4702MiB < 5000MiB
[2026-09-09 00:25:57] =========================================
[2026-09-09 00:25:57] 满足条件！开始启动训练任务...
[2026-09-09 00:25:57] GPU 0 显存使用: 4702MiB < 5000MiB
[2026-09-09 00:25:57] 执行命令: bash personal/work2/duibi/train_and_eval_scripts/launch_grid_uniform.sh 0 pick_place-v3_corner
[2026-09-09 00:25:57] =========================================
Dataset path saved: /data/zhonglinye/jun/lerobot/personal/work2/dataset_view/disassemble-v3_corner
Launched experiment: grid_uniform_pick_place-v3_corner_seed42
tmux session: grid_uniform_eppick_place-v3_corner_s42_disassemble-v3_corner
Output dir: /data/zhonglinye/jun/lerobot/personal/work2/duibi/grid_uniform_eppick_place-v3_corner_seed42_disassemble-v3_corner
Dataset: disassemble-v3_corner
Dataset Path: /data/zhonglinye/jun/lerobot/personal/work2/dataset_view/disassemble-v3_corner
Episodes: pick_place-v3_corner

Monitor with:
tmux attach -t grid_uniform_eppick_place-v3_corner_s42_disassemble-v3_corner

Check logs:
tail -f /data/zhonglinye/jun/lerobot/personal/work2/duibi/grid_uniform_eppick_place-v3_corner_seed42_disassemble-v3_corner/logs/grid_uniform_pick_place-v3_corner_seed42.log
[2026-09-09 00:25:58] =========================================
[2026-09-09 00:25:58] 训练任务已成功启动！
[2026-09-09 00:25:58] =========================================
[2026-09-09 00:25:58] 
[2026-09-09 00:25:58] =========================================
[2026-09-09 00:25:58] 监控任务完成！
[2026-09-09 00:25:58] 训练任务已启动，监控脚本退出
[2026-09-09 00:25:58] 完整日志保存在: /data/zhonglinye/jun/lerobot/personal/work2/gpu_monitor_logs/monitor_grid_uniform_20260908_222557.log
[2026-09-09 00:25:58] =========================================
