[2026-09-06 00:07:26] =========================================
[2026-09-06 00:07:26] GPU监控脚本启动 (Random任务)
[2026-09-06 00:07:26] =========================================
[2026-09-06 00:07:26] 配置信息:
[2026-09-06 00:07:26]   - 初始等待时间: 4 小时
[2026-09-06 00:07:26]   - 检查间隔: 20 分钟
[2026-09-06 00:07:26]   - 目标GPU: 1
[2026-09-06 00:07:26]   - 显存阈值: 5000MiB
[2026-09-06 00:07:26]   - 启动脚本: personal/work2/duibi/train_and_eval_scripts/launch_random.sh
[2026-09-06 00:07:26]   - 启动参数: 42 1 pick_place-v3_corner
[2026-09-06 00:07:26]   - 日志文件: /data/zhonglinye/jun/lerobot/personal/work2/gpu_monitor_logs/monitor_random_20260906_000726.log
[2026-09-06 00:07:26] =========================================
[2026-09-06 00:07:26] === 当前GPU状态 ===
Sun Sep  6 00:07:26 2026       
+-----------------------------------------------------------------------------------------+
| NVIDIA-SMI 580.173.02             Driver Version: 580.173.02     CUDA Version: 13.0     |
+-----------------------------------------+------------------------+----------------------+
| GPU  Name                 Persistence-M | Bus-Id          Disp.A | Volatile Uncorr. ECC |
| Fan  Temp   Perf          Pwr:Usage/Cap |           Memory-Usage | GPU-Util  Compute M. |
|                                         |                        |               MIG M. |
|=========================================+========================+======================|
|   0  NVIDIA GeForce RTX 3090        Off |   00000000:1A:00.0 Off |                  N/A |
| 72%   66C    P2            327W /  350W |   15456MiB /  24576MiB |    100%      Default |
|                                         |                        |                  N/A |
+-----------------------------------------+------------------------+----------------------+
|   1  NVIDIA GeForce RTX 3090        Off |   00000000:3D:00.0 Off |                  N/A |
| 43%   68C    P2            320W /  350W |   17050MiB /  24576MiB |     68%      Default |
|                                         |                        |                  N/A |
+-----------------------------------------+------------------------+----------------------+
|   2  NVIDIA GeForce RTX 3090        Off |   00000000:5E:00.0 Off |                  N/A |
| 46%   57C    P2            241W /  350W |   24078MiB /  24576MiB |    100%      Default |
|                                         |                        |                  N/A |
+-----------------------------------------+------------------------+----------------------+
|   3  NVIDIA GeForce RTX 3090        Off |   00000000:89:00.0 Off |                  N/A |
| 33%   53C    P2            248W /  350W |   24074MiB /  24576MiB |     67%      Default |
|                                         |                        |                  N/A |
+-----------------------------------------+------------------------+----------------------+
|   4  NVIDIA GeForce RTX 3090        Off |   00000000:B2:00.0 Off |                  N/A |
| 33%   52C    P2            239W /  350W |   22002MiB /  24576MiB |     43%      Default |
|                                         |                        |                  N/A |
+-----------------------------------------+------------------------+----------------------+

+-----------------------------------------------------------------------------------------+
| Processes:                                                                              |
|  GPU   GI   CI              PID   Type   Process name                        GPU Memory |
|        ID   ID                                                               Usage      |
|=========================================================================================|
|    0   N/A  N/A         4069536      C   ...envs/lb_server/bin/python3.12      15430MiB |
|    1   N/A  N/A         4068552      C   ...envs/lb_server/bin/python3.12      17024MiB |
|    2   N/A  N/A          649812      C   python                                24066MiB |
|    3   N/A  N/A         2564238      C   python                                24062MiB |
|    4   N/A  N/A         1726127      C   python                                21990MiB |
+-----------------------------------------------------------------------------------------+
[2026-09-06 00:07:26] ===================
[2026-09-06 00:07:26] 开始等待 4 小时...
[2026-09-06 00:07:26] 预计开始检查时间: 2026-09-06 04:07:26
[2026-09-06 00:07:26] 等待期间脚本将持续运行，请勿关闭终端
[2026-09-06 00:07:26] 
[2026-09-06 00:07:26] 倒计时: 4小时 0分钟 0秒
[2026-09-06 00:12:26] 倒计时: 3小时 55分钟 0秒
[2026-09-06 00:17:26] 倒计时: 3小时 50分钟 0秒
[2026-09-06 00:22:26] 倒计时: 3小时 45分钟 0秒
[2026-09-06 00:27:26] 倒计时: 3小时 40分钟 0秒
[2026-09-06 00:32:26] 倒计时: 3小时 35分钟 0秒
[2026-09-06 00:37:27] 倒计时: 3小时 30分钟 0秒
[2026-09-06 00:42:27] 倒计时: 3小时 25分钟 0秒
[2026-09-06 00:47:27] 倒计时: 3小时 20分钟 0秒
[2026-09-06 00:52:27] 倒计时: 3小时 15分钟 0秒
[2026-09-06 00:57:27] 倒计时: 3小时 10分钟 0秒
[2026-09-06 01:02:27] 倒计时: 3小时 5分钟 0秒
[2026-09-06 01:07:27] 倒计时: 3小时 0分钟 0秒
[2026-09-06 01:12:27] 倒计时: 2小时 55分钟 0秒
[2026-09-06 01:17:27] 倒计时: 2小时 50分钟 0秒
[2026-09-06 01:22:27] 倒计时: 2小时 45分钟 0秒
[2026-09-06 01:27:27] 倒计时: 2小时 40分钟 0秒
[2026-09-06 01:32:27] 倒计时: 2小时 35分钟 0秒
[2026-09-06 01:37:27] 倒计时: 2小时 30分钟 0秒
[2026-09-06 01:42:27] 倒计时: 2小时 25分钟 0秒
[2026-09-06 01:47:27] 倒计时: 2小时 20分钟 0秒
[2026-09-06 01:52:27] 倒计时: 2小时 15分钟 0秒
[2026-09-06 01:57:28] 倒计时: 2小时 10分钟 0秒
[2026-09-06 02:02:28] 倒计时: 2小时 5分钟 0秒
[2026-09-06 02:07:28] 倒计时: 2小时 0分钟 0秒
[2026-09-06 02:12:28] 倒计时: 1小时 55分钟 0秒
[2026-09-06 02:17:28] 倒计时: 1小时 50分钟 0秒
[2026-09-06 02:22:28] 倒计时: 1小时 45分钟 0秒
[2026-09-06 02:27:28] 倒计时: 1小时 40分钟 0秒
[2026-09-06 02:32:28] 倒计时: 1小时 35分钟 0秒
[2026-09-06 02:37:28] 倒计时: 1小时 30分钟 0秒
[2026-09-06 02:42:28] 倒计时: 1小时 25分钟 0秒
[2026-09-06 02:47:28] 倒计时: 1小时 20分钟 0秒
[2026-09-06 02:52:28] 倒计时: 1小时 15分钟 0秒
[2026-09-06 02:57:28] 倒计时: 1小时 10分钟 0秒
[2026-09-06 03:02:28] 倒计时: 1小时 5分钟 0秒
[2026-09-06 03:07:28] 倒计时: 1小时 0分钟 0秒
[2026-09-06 03:12:28] 倒计时: 0小时 55分钟 0秒
[2026-09-06 03:17:28] 倒计时: 0小时 50分钟 0秒
[2026-09-06 03:22:28] 倒计时: 0小时 45分钟 0秒
[2026-09-06 03:27:28] 倒计时: 0小时 40分钟 0秒
[2026-09-06 03:32:29] 倒计时: 0小时 35分钟 0秒
[2026-09-06 03:37:29] 倒计时: 0小时 30分钟 0秒
[2026-09-06 03:42:29] 倒计时: 0小时 25分钟 0秒
[2026-09-06 03:47:29] 倒计时: 0小时 20分钟 0秒
[2026-09-06 03:52:29] 倒计时: 0小时 15分钟 0秒
[2026-09-06 03:57:29] 倒计时: 0小时 10分钟 0秒
[2026-09-06 04:02:29] 倒计时: 0小时 5分钟 0秒
[2026-09-06 04:06:29] 倒计时: 0小时 1分钟 0秒
[2026-09-06 04:07:29] 
[2026-09-06 04:07:29] =========================================
[2026-09-06 04:07:29] 等待结束！开始检查GPU状态...
[2026-09-06 04:07:29] =========================================
[2026-09-06 04:07:29] 
[2026-09-06 04:07:29] --- 第 1 次检查 [2026-09-06 04:07:29] ---
[2026-09-06 04:07:29] GPU 1 当前显存使用: 3254MiB
[2026-09-06 04:07:29] 阈值: 5000MiB
[2026-09-06 04:07:29] === 当前GPU状态 ===
Sun Sep  6 04:07:29 2026       
+-----------------------------------------------------------------------------------------+
| NVIDIA-SMI 580.173.02             Driver Version: 580.173.02     CUDA Version: 13.0     |
+-----------------------------------------+------------------------+----------------------+
| GPU  Name                 Persistence-M | Bus-Id          Disp.A | Volatile Uncorr. ECC |
| Fan  Temp   Perf          Pwr:Usage/Cap |           Memory-Usage | GPU-Util  Compute M. |
|                                         |                        |               MIG M. |
|=========================================+========================+======================|
|   0  NVIDIA GeForce RTX 3090        Off |   00000000:1A:00.0 Off |                  N/A |
| 40%   30C    P8             21W /  350W |   15457MiB /  24576MiB |      0%      Default |
|                                         |                        |                  N/A |
+-----------------------------------------+------------------------+----------------------+
|   1  NVIDIA GeForce RTX 3090        Off |   00000000:3D:00.0 Off |                  N/A |
| 30%   32C    P8             14W /  350W |    3254MiB /  24576MiB |      0%      Default |
|                                         |                        |                  N/A |
+-----------------------------------------+------------------------+----------------------+
|   2  NVIDIA GeForce RTX 3090        Off |   00000000:5E:00.0 Off |                  N/A |
| 54%   67C    P2            262W /  350W |   24078MiB /  24576MiB |     57%      Default |
|                                         |                        |                  N/A |
+-----------------------------------------+------------------------+----------------------+
|   3  NVIDIA GeForce RTX 3090        Off |   00000000:89:00.0 Off |                  N/A |
| 35%   61C    P2            259W /  350W |   24074MiB /  24576MiB |    100%      Default |
|                                         |                        |                  N/A |
+-----------------------------------------+------------------------+----------------------+
|   4  NVIDIA GeForce RTX 3090        Off |   00000000:B2:00.0 Off |                  N/A |
| 36%   59C    P2            145W /  350W |   22002MiB /  24576MiB |      0%      Default |
|                                         |                        |                  N/A |
+-----------------------------------------+------------------------+----------------------+

+-----------------------------------------------------------------------------------------+
| Processes:                                                                              |
|  GPU   GI   CI              PID   Type   Process name                        GPU Memory |
|        ID   ID                                                               Usage      |
|=========================================================================================|
|    0   N/A  N/A         4069536      C   ...envs/lb_server/bin/python3.12      15430MiB |
|    1   N/A  N/A         4068552      C   ...envs/lb_server/bin/python3.12       3228MiB |
|    2   N/A  N/A          649812      C   python                                24066MiB |
|    3   N/A  N/A         2564238      C   python                                24062MiB |
|    4   N/A  N/A         1726127      C   python                                21990MiB |
+-----------------------------------------------------------------------------------------+
[2026-09-06 04:07:29] ===================
[2026-09-06 04:07:29] >>> 条件满足！显存使用 3254MiB < 5000MiB
[2026-09-06 04:07:29] =========================================
[2026-09-06 04:07:29] 满足条件！开始启动训练任务...
[2026-09-06 04:07:29] GPU 1 显存使用: 3254MiB < 5000MiB
[2026-09-06 04:07:29] 执行命令: bash personal/work2/duibi/train_and_eval_scripts/launch_random.sh 42 1 pick_place-v3_corner
[2026-09-06 04:07:29] =========================================
Launched experiment: random_112_seed42
tmux session: random_112_s42_pick_place-v3_corner
Output dir: /data/zhonglinye/jun/lerobot/personal/work2/duibi/random_42_pick_place-v3_corner
Dataset: pick_place-v3_corner
Dataset root: /data/zhonglinye/jun/lerobot/personal/work2/dataset_view/pick_place-v3_corner

Monitor with: tmux attach -t random_112_s42_pick_place-v3_corner
Check logs: tail -f /data/zhonglinye/jun/lerobot/personal/work2/duibi/random_42_pick_place-v3_corner/logs/random_112_seed42.log
[2026-09-06 04:07:30] =========================================
[2026-09-06 04:07:30] 训练任务已成功启动！
[2026-09-06 04:07:30] =========================================
[2026-09-06 04:07:30] 
[2026-09-06 04:07:30] =========================================
[2026-09-06 04:07:30] 监控任务完成！
[2026-09-06 04:07:30] 训练任务已启动，监控脚本退出
[2026-09-06 04:07:30] 完整日志保存在: /data/zhonglinye/jun/lerobot/personal/work2/gpu_monitor_logs/monitor_random_20260906_000726.log
[2026-09-06 04:07:30] =========================================
