nohup: 忽略输入
bash: /data/zhonglinye/application/miniconda3/envs/lb_server/lib/libtinfo.so.6: no version information available (required by bash)
============================================================
Our-V7 paper-faithful end-to-end pipeline
episodes/dataset: 112
total selected:   336
gpu:              1
seed:             42
visual variant:   l2
ablation:         full
mode:             full
raw visual cache: /data/zhonglinye/jun/lerobot/personal/work2/our_v7/shared_raw_embeddings
output:           /data/zhonglinye/jun/lerobot/personal/work2/our_v7/outputs/our_v7_l2_full_112x3_seed42
============================================================

=== V7 selecting coffee-button-v3_corner ===
============================================================================
Our-V7 paper-faithful causal demonstration acquisition
dataset=coffee-button-v3_corner
budget=112
visual_variant=l2
ablation=full
configuration normalization: predefined MetaWorld reset bounds
KMeans init: deterministic centroid-nearest + farthest-point traversal
B0 init: deterministic centroid-nearest + farthest-point traversal
priority: g_k + minmax(u_visual) + minmax(u_action)
============================================================================
V7 paper initialization: regions=40, B0=8, variant=l2, ablation=full
B0 region order: [0, 2, 1, 3, 7, 6, 38, 8]
加载模型: HuggingFaceTB/SmolVLM2-500M-Video-Instruct
处理器加载完成
`torch_dtype` is deprecated! Use `dtype` instead!
Loading weights:   0%|          | 0/489 [00:00<?, ?it/s]Loading weights:  27%|██▋       | 134/489 [00:00<00:00, 1337.00it/s]Loading weights:  55%|█████▍    | 268/489 [00:00<00:00, 1272.53it/s]Loading weights:  94%|█████████▍| 459/489 [00:00<00:00, 1552.64it/s]Loading weights: 100%|██████████| 489/489 [00:00<00:00, 1509.69it/s]
模型权重加载完成，正在初始化...
模型加载完成，设备: cuda
    → 处理 5 帧...
    → 批次进度: 1/1 (已处理 5/5 帧, 当前批耗时: 127.09s, 平均: 127.09s)
    ✓ 所有批次完成: 总耗时 127.09s, 平均 127.09s/批
    → 批量处理 22 帧 (共3批)...
    → 批次进度: 3/3 (已处理 22/22 帧, 当前批耗时: 7.43s, 平均: 47.44s)
    ✓ 所有批次完成: 总耗时 142.31s, 平均 47.44s/批
[001/112] initial: region=0, ep=370, variant=l2, map=selected_region
    → 处理 5 帧...
    → 批次进度: 1/1 (已处理 5/5 帧, 当前批耗时: 9.34s, 平均: 9.34s)
    ✓ 所有批次完成: 总耗时 9.34s, 平均 9.34s/批
    → 批量处理 22 帧 (共3批)...
    → 批次进度: 3/3 (已处理 22/22 帧, 当前批耗时: 7.33s, 平均: 9.02s)
    ✓ 所有批次完成: 总耗时 27.07s, 平均 9.02s/批
[002/112] initial: region=2, ep=275, variant=l2, map=selected_region
    → 处理 5 帧...
    → 批次进度: 1/1 (已处理 5/5 帧, 当前批耗时: 7.23s, 平均: 7.23s)
    ✓ 所有批次完成: 总耗时 7.23s, 平均 7.23s/批
    → 批量处理 21 帧 (共3批)...
    → 批次进度: 3/3 (已处理 21/21 帧, 当前批耗时: 6.06s, 平均: 8.61s)
    ✓ 所有批次完成: 总耗时 25.82s, 平均 8.61s/批
[003/112] initial: region=1, ep=125, variant=l2, map=selected_region
    → 处理 5 帧...
    → 批次进度: 1/1 (已处理 5/5 帧, 当前批耗时: 6.06s, 平均: 6.06s)
    ✓ 所有批次完成: 总耗时 6.06s, 平均 6.06s/批
    → 批量处理 22 帧 (共3批)...
    → 批次进度: 3/3 (已处理 22/22 帧, 当前批耗时: 7.36s, 平均: 8.96s)
    ✓ 所有批次完成: 总耗时 26.87s, 平均 8.96s/批
[004/112] initial: region=3, ep=65, variant=l2, map=selected_region
    → 处理 5 帧...
    → 批次进度: 1/1 (已处理 5/5 帧, 当前批耗时: 5.96s, 平均: 5.96s)
    ✓ 所有批次完成: 总耗时 5.96s, 平均 5.96s/批
    → 批量处理 25 帧 (共4批)...
    → 批次进度: 4/4 (已处理 25/25 帧, 当前批耗时: 1.21s, 平均: 7.45s)
    ✓ 所有批次完成: 总耗时 29.82s, 平均 7.45s/批
[005/112] initial: region=7, ep=135, variant=l2, map=selected_region
    → 处理 5 帧...
    → 批次进度: 1/1 (已处理 5/5 帧, 当前批耗时: 7.38s, 平均: 7.38s)
    ✓ 所有批次完成: 总耗时 7.38s, 平均 7.38s/批
    → 批量处理 22 帧 (共3批)...
    → 批次进度: 3/3 (已处理 22/22 帧, 当前批耗时: 7.24s, 平均: 9.56s)
    ✓ 所有批次完成: 总耗时 28.68s, 平均 9.56s/批
[006/112] initial: region=6, ep=237, variant=l2, map=selected_region
    → 处理 5 帧...
    → 批次进度: 1/1 (已处理 5/5 帧, 当前批耗时: 6.10s, 平均: 6.10s)
    ✓ 所有批次完成: 总耗时 6.10s, 平均 6.10s/批
    → 批量处理 27 帧 (共4批)...
    → 批次进度: 4/4 (已处理 27/27 帧, 当前批耗时: 3.66s, 平均: 8.44s)
    ✓ 所有批次完成: 总耗时 33.74s, 平均 8.44s/批
[007/112] initial: region=38, ep=204, variant=l2, map=selected_region
    → 处理 5 帧...
    → 批次进度: 1/1 (已处理 5/5 帧, 当前批耗时: 6.27s, 平均: 6.27s)
    ✓ 所有批次完成: 总耗时 6.27s, 平均 6.27s/批
    → 批量处理 25 帧 (共4批)...
    → 批次进度: 4/4 (已处理 25/25 帧, 当前批耗时: 1.20s, 平均: 10.13s)
    ✓ 所有批次完成: 总耗时 40.52s, 平均 10.13s/批
[008/112] initial: region=8, ep=36, variant=l2, map=selected_region
    → 处理 5 帧...
    → 批次进度: 1/1 (已处理 5/5 帧, 当前批耗时: 6.13s, 平均: 6.13s)
    ✓ 所有批次完成: 总耗时 6.13s, 平均 6.13s/批
    → 批量处理 25 帧 (共4批)...
    → 批次进度: 4/4 (已处理 25/25 帧, 当前批耗时: 1.22s, 平均: 7.67s)
    ✓ 所有批次完成: 总耗时 30.67s, 平均 7.67s/批
[009/112] adaptive: region=4, ep=245, variant=l2, map=selected_region
    → 处理 5 帧...
    → 批次进度: 1/1 (已处理 5/5 帧, 当前批耗时: 6.11s, 平均: 6.11s)
    ✓ 所有批次完成: 总耗时 6.11s, 平均 6.11s/批
    → 批量处理 25 帧 (共4批)...
    → 批次进度: 4/4 (已处理 25/25 帧, 当前批耗时: 1.22s, 平均: 7.66s)
    ✓ 所有批次完成: 总耗时 30.63s, 平均 7.66s/批
[010/112] adaptive: region=5, ep=176, variant=l2, map=selected_region
    → 处理 5 帧...
    → 批次进度: 1/1 (已处理 5/5 帧, 当前批耗时: 6.05s, 平均: 6.05s)
    ✓ 所有批次完成: 总耗时 6.05s, 平均 6.05s/批
    → 批量处理 22 帧 (共3批)...
    → 批次进度: 3/3 (已处理 22/22 帧, 当前批耗时: 7.29s, 平均: 8.88s)
    ✓ 所有批次完成: 总耗时 26.65s, 平均 8.88s/批
[011/112] adaptive: region=9, ep=169, variant=l2, map=selected_region
    → 处理 5 帧...
    → 批次进度: 1/1 (已处理 5/5 帧, 当前批耗时: 6.10s, 平均: 6.10s)
    ✓ 所有批次完成: 总耗时 6.10s, 平均 6.10s/批
    → 批量处理 23 帧 (共3批)...
    → 批次进度: 3/3 (已处理 23/23 帧, 当前批耗时: 8.60s, 平均: 9.38s)
    ✓ 所有批次完成: 总耗时 28.15s, 平均 9.38s/批
[012/112] adaptive: region=10, ep=35, variant=l2, map=selected_region
    → 处理 5 帧...
    → 批次进度: 1/1 (已处理 5/5 帧, 当前批耗时: 5.96s, 平均: 5.96s)
    ✓ 所有批次完成: 总耗时 5.96s, 平均 5.96s/批
    → 批量处理 23 帧 (共3批)...
    → 批次进度: 3/3 (已处理 23/23 帧, 当前批耗时: 8.76s, 平均: 9.33s)
    ✓ 所有批次完成: 总耗时 27.98s, 平均 9.33s/批
[013/112] adaptive: region=11, ep=362, variant=l2, map=selected_region
    → 处理 5 帧...
    → 批次进度: 1/1 (已处理 5/5 帧, 当前批耗时: 6.04s, 平均: 6.04s)
    ✓ 所有批次完成: 总耗时 6.04s, 平均 6.04s/批
    → 批量处理 19 帧 (共3批)...
    → 批次进度: 3/3 (已处理 19/19 帧, 当前批耗时: 3.71s, 平均: 7.73s)
    ✓ 所有批次完成: 总耗时 23.18s, 平均 7.73s/批
[014/112] adaptive: region=12, ep=113, variant=l2, map=selected_region
    → 处理 5 帧...
    → 批次进度: 1/1 (已处理 5/5 帧, 当前批耗时: 12.18s, 平均: 12.18s)
    ✓ 所有批次完成: 总耗时 12.18s, 平均 12.18s/批
    → 批量处理 25 帧 (共4批)...
    → 批次进度: 4/4 (已处理 25/25 帧, 当前批耗时: 1.24s, 平均: 11.93s)
    ✓ 所有批次完成: 总耗时 47.72s, 平均 11.93s/批
[015/112] adaptive: region=13, ep=289, variant=l2, map=selected_region
    → 处理 5 帧...
    → 批次进度: 1/1 (已处理 5/5 帧, 当前批耗时: 5.97s, 平均: 5.97s)
    ✓ 所有批次完成: 总耗时 5.97s, 平均 5.97s/批
    → 批量处理 23 帧 (共3批)...
    → 批次进度: 3/3 (已处理 23/23 帧, 当前批耗时: 8.38s, 平均: 9.29s)
    ✓ 所有批次完成: 总耗时 27.86s, 平均 9.29s/批
[016/112] adaptive: region=14, ep=247, variant=l2, map=selected_region
    → 处理 5 帧...
    → 批次进度: 1/1 (已处理 5/5 帧, 当前批耗时: 9.68s, 平均: 9.68s)
    ✓ 所有批次完成: 总耗时 9.68s, 平均 9.68s/批
    → 批量处理 23 帧 (共3批)...
    → 批次进度: 3/3 (已处理 23/23 帧, 当前批耗时: 8.43s, 平均: 9.31s)
    ✓ 所有批次完成: 总耗时 27.92s, 平均 9.31s/批
[017/112] adaptive: region=15, ep=382, variant=l2, map=selected_region
    → 处理 5 帧...
    → 批次进度: 1/1 (已处理 5/5 帧, 当前批耗时: 6.08s, 平均: 6.08s)
    ✓ 所有批次完成: 总耗时 6.08s, 平均 6.08s/批
    → 批量处理 20 帧 (共3批)...
    → 批次进度: 3/3 (已处理 20/20 帧, 当前批耗时: 4.85s, 平均: 8.09s)
    ✓ 所有批次完成: 总耗时 24.27s, 平均 8.09s/批
[018/112] adaptive: region=16, ep=242, variant=l2, map=selected_region
    → 处理 5 帧...
    → 批次进度: 1/1 (已处理 5/5 帧, 当前批耗时: 6.10s, 平均: 6.10s)
    ✓ 所有批次完成: 总耗时 6.10s, 平均 6.10s/批
    → 批量处理 22 帧 (共3批)...
    → 批次进度: 3/3 (已处理 22/22 帧, 当前批耗时: 7.16s, 平均: 8.70s)
    ✓ 所有批次完成: 总耗时 26.11s, 平均 8.70s/批
[019/112] adaptive: region=17, ep=284, variant=l2, map=selected_region
    → 处理 5 帧...
    → 批次进度: 1/1 (已处理 5/5 帧, 当前批耗时: 7.38s, 平均: 7.38s)
    ✓ 所有批次完成: 总耗时 7.38s, 平均 7.38s/批
    → 批量处理 20 帧 (共3批)...
    → 批次进度: 3/3 (已处理 20/20 帧, 当前批耗时: 4.85s, 平均: 8.20s)
    ✓ 所有批次完成: 总耗时 24.59s, 平均 8.20s/批
[020/112] adaptive: region=18, ep=319, variant=l2, map=selected_region
    → 处理 5 帧...
    → 批次进度: 1/1 (已处理 5/5 帧, 当前批耗时: 11.72s, 平均: 11.72s)
    ✓ 所有批次完成: 总耗时 11.72s, 平均 11.72s/批
    → 批量处理 25 帧 (共4批)...
    → 批次进度: 4/4 (已处理 25/25 帧, 当前批耗时: 1.22s, 平均: 9.58s)
    ✓ 所有批次完成: 总耗时 38.32s, 平均 9.58s/批
[021/112] adaptive: region=19, ep=376, variant=l2, map=selected_region
    → 处理 5 帧...
    → 批次进度: 1/1 (已处理 5/5 帧, 当前批耗时: 7.17s, 平均: 7.17s)
    ✓ 所有批次完成: 总耗时 7.17s, 平均 7.17s/批
    → 批量处理 23 帧 (共3批)...
    → 批次进度: 3/3 (已处理 23/23 帧, 当前批耗时: 8.38s, 平均: 9.26s)
    ✓ 所有批次完成: 总耗时 27.79s, 平均 9.26s/批
[022/112] adaptive: region=20, ep=105, variant=l2, map=selected_region
    → 处理 5 帧...
    → 批次进度: 1/1 (已处理 5/5 帧, 当前批耗时: 6.68s, 平均: 6.68s)
    ✓ 所有批次完成: 总耗时 6.68s, 平均 6.68s/批
    → 批量处理 18 帧 (共3批)...
    → 批次进度: 3/3 (已处理 18/18 帧, 当前批耗时: 2.42s, 平均: 7.24s)
    ✓ 所有批次完成: 总耗时 21.73s, 平均 7.24s/批
[023/112] adaptive: region=21, ep=12, variant=l2, map=selected_region
    → 处理 5 帧...
    → 批次进度: 1/1 (已处理 5/5 帧, 当前批耗时: 9.54s, 平均: 9.54s)
    ✓ 所有批次完成: 总耗时 9.54s, 平均 9.54s/批
    → 批量处理 23 帧 (共3批)...
    → 批次进度: 3/3 (已处理 23/23 帧, 当前批耗时: 8.62s, 平均: 10.31s)
    ✓ 所有批次完成: 总耗时 30.92s, 平均 10.31s/批
[024/112] adaptive: region=22, ep=168, variant=l2, map=selected_region
    → 处理 5 帧...
    → 批次进度: 1/1 (已处理 5/5 帧, 当前批耗时: 6.10s, 平均: 6.10s)
    ✓ 所有批次完成: 总耗时 6.10s, 平均 6.10s/批
    → 批量处理 24 帧 (共3批)...
    → 批次进度: 3/3 (已处理 24/24 帧, 当前批耗时: 9.77s, 平均: 9.75s)
    ✓ 所有批次完成: 总耗时 29.26s, 平均 9.75s/批
[025/112] adaptive: region=23, ep=84, variant=l2, map=selected_region
    → 处理 5 帧...
    → 批次进度: 1/1 (已处理 5/5 帧, 当前批耗时: 8.70s, 平均: 8.70s)
    ✓ 所有批次完成: 总耗时 8.70s, 平均 8.70s/批
    → 批量处理 19 帧 (共3批)...
    → 批次进度: 3/3 (已处理 19/19 帧, 当前批耗时: 3.66s, 平均: 7.66s)
    ✓ 所有批次完成: 总耗时 22.97s, 平均 7.66s/批
[026/112] adaptive: region=24, ep=155, variant=l2, map=selected_region
    → 处理 5 帧...
    → 批次进度: 1/1 (已处理 5/5 帧, 当前批耗时: 6.12s, 平均: 6.12s)
    ✓ 所有批次完成: 总耗时 6.12s, 平均 6.12s/批
    → 批量处理 23 帧 (共3批)...
    → 批次进度: 3/3 (已处理 23/23 帧, 当前批耗时: 8.50s, 平均: 9.46s)
    ✓ 所有批次完成: 总耗时 28.38s, 平均 9.46s/批
[027/112] adaptive: region=25, ep=278, variant=l2, map=selected_region
    → 处理 5 帧...
    → 批次进度: 1/1 (已处理 5/5 帧, 当前批耗时: 6.03s, 平均: 6.03s)
    ✓ 所有批次完成: 总耗时 6.03s, 平均 6.03s/批
    → 批量处理 25 帧 (共4批)...
    → 批次进度: 4/4 (已处理 25/25 帧, 当前批耗时: 1.20s, 平均: 7.51s)
    ✓ 所有批次完成: 总耗时 30.06s, 平均 7.51s/批
[028/112] adaptive: region=26, ep=17, variant=l2, map=selected_region
    → 处理 5 帧...
    → 批次进度: 1/1 (已处理 5/5 帧, 当前批耗时: 6.12s, 平均: 6.12s)
    ✓ 所有批次完成: 总耗时 6.12s, 平均 6.12s/批
    → 批量处理 21 帧 (共3批)...
    → 批次进度: 3/3 (已处理 21/21 帧, 当前批耗时: 6.09s, 平均: 8.52s)
    ✓ 所有批次完成: 总耗时 25.55s, 平均 8.52s/批
[029/112] adaptive: region=27, ep=209, variant=l2, map=selected_region
    → 处理 5 帧...
    → 批次进度: 1/1 (已处理 5/5 帧, 当前批耗时: 7.40s, 平均: 7.40s)
    ✓ 所有批次完成: 总耗时 7.40s, 平均 7.40s/批
    → 批量处理 20 帧 (共3批)...
    → 批次进度: 3/3 (已处理 20/20 帧, 当前批耗时: 4.85s, 平均: 8.10s)
    ✓ 所有批次完成: 总耗时 24.29s, 平均 8.10s/批
[030/112] adaptive: region=28, ep=280, variant=l2, map=selected_region
    → 处理 5 帧...
    → 批次进度: 1/1 (已处理 5/5 帧, 当前批耗时: 6.26s, 平均: 6.26s)
    ✓ 所有批次完成: 总耗时 6.26s, 平均 6.26s/批
    → 批量处理 23 帧 (共3批)...
    → 批次进度: 3/3 (已处理 23/23 帧, 当前批耗时: 8.56s, 平均: 9.40s)
    ✓ 所有批次完成: 总耗时 28.19s, 平均 9.40s/批
[031/112] adaptive: region=29, ep=48, variant=l2, map=selected_region
    → 处理 5 帧...
    → 批次进度: 1/1 (已处理 5/5 帧, 当前批耗时: 6.08s, 平均: 6.08s)
    ✓ 所有批次完成: 总耗时 6.08s, 平均 6.08s/批
    → 批量处理 25 帧 (共4批)...
    → 批次进度: 4/4 (已处理 25/25 帧, 当前批耗时: 1.19s, 平均: 7.60s)
    ✓ 所有批次完成: 总耗时 30.40s, 平均 7.60s/批
[032/112] adaptive: region=30, ep=340, variant=l2, map=selected_region
    → 处理 5 帧...
    → 批次进度: 1/1 (已处理 5/5 帧, 当前批耗时: 5.96s, 平均: 5.96s)
    ✓ 所有批次完成: 总耗时 5.96s, 平均 5.96s/批
    → 批量处理 22 帧 (共3批)...
    → 批次进度: 3/3 (已处理 22/22 帧, 当前批耗时: 7.11s, 平均: 8.82s)
    ✓ 所有批次完成: 总耗时 26.46s, 平均 8.82s/批
[033/112] adaptive: region=31, ep=384, variant=l2, map=selected_region
    → 处理 5 帧...
    → 批次进度: 1/1 (已处理 5/5 帧, 当前批耗时: 5.92s, 平均: 5.92s)
    ✓ 所有批次完成: 总耗时 5.92s, 平均 5.92s/批
    → 批量处理 20 帧 (共3批)...
    → 批次进度: 3/3 (已处理 20/20 帧, 当前批耗时: 4.76s, 平均: 7.93s)
    ✓ 所有批次完成: 总耗时 23.80s, 平均 7.93s/批
[034/112] adaptive: region=32, ep=1, variant=l2, map=selected_region
    → 处理 5 帧...
    → 批次进度: 1/1 (已处理 5/5 帧, 当前批耗时: 6.05s, 平均: 6.05s)
    ✓ 所有批次完成: 总耗时 6.05s, 平均 6.05s/批
    → 批量处理 21 帧 (共3批)...
    → 批次进度: 3/3 (已处理 21/21 帧, 当前批耗时: 5.95s, 平均: 8.68s)
    ✓ 所有批次完成: 总耗时 26.04s, 平均 8.68s/批
[035/112] adaptive: region=33, ep=328, variant=l2, map=selected_region
    → 处理 5 帧...
    → 批次进度: 1/1 (已处理 5/5 帧, 当前批耗时: 6.03s, 平均: 6.03s)
    ✓ 所有批次完成: 总耗时 6.03s, 平均 6.03s/批
    → 批量处理 22 帧 (共3批)...
    → 批次进度: 3/3 (已处理 22/22 帧, 当前批耗时: 7.29s, 平均: 8.83s)
    ✓ 所有批次完成: 总耗时 26.48s, 平均 8.83s/批
[036/112] adaptive: region=34, ep=293, variant=l2, map=selected_region
    → 处理 5 帧...
    → 批次进度: 1/1 (已处理 5/5 帧, 当前批耗时: 5.99s, 平均: 5.99s)
    ✓ 所有批次完成: 总耗时 5.99s, 平均 5.99s/批
    → 批量处理 22 帧 (共3批)...
    → 批次进度: 3/3 (已处理 22/22 帧, 当前批耗时: 7.23s, 平均: 8.89s)
    ✓ 所有批次完成: 总耗时 26.67s, 平均 8.89s/批
[037/112] adaptive: region=35, ep=40, variant=l2, map=selected_region
    → 处理 5 帧...
    → 批次进度: 1/1 (已处理 5/5 帧, 当前批耗时: 6.05s, 平均: 6.05s)
    ✓ 所有批次完成: 总耗时 6.05s, 平均 6.05s/批
    → 批量处理 22 帧 (共3批)...
    → 批次进度: 3/3 (已处理 22/22 帧, 当前批耗时: 7.33s, 平均: 8.92s)
    ✓ 所有批次完成: 总耗时 26.75s, 平均 8.92s/批
[038/112] adaptive: region=36, ep=146, variant=l2, map=selected_region
    → 处理 5 帧...
    → 批次进度: 1/1 (已处理 5/5 帧, 当前批耗时: 6.08s, 平均: 6.08s)
    ✓ 所有批次完成: 总耗时 6.08s, 平均 6.08s/批
    → 批量处理 23 帧 (共3批)...
    → 批次进度: 3/3 (已处理 23/23 帧, 当前批耗时: 8.51s, 平均: 9.27s)
    ✓ 所有批次完成: 总耗时 27.82s, 平均 9.27s/批
[039/112] adaptive: region=37, ep=106, variant=l2, map=selected_region
    → 处理 5 帧...
    → 批次进度: 1/1 (已处理 5/5 帧, 当前批耗时: 6.30s, 平均: 6.30s)
    ✓ 所有批次完成: 总耗时 6.30s, 平均 6.30s/批
    → 批量处理 22 帧 (共3批)...
    → 批次进度: 3/3 (已处理 22/22 帧, 当前批耗时: 7.21s, 平均: 8.79s)
    ✓ 所有批次完成: 总耗时 26.38s, 平均 8.79s/批
[040/112] adaptive: region=39, ep=161, variant=l2, map=selected_region
    → 处理 5 帧...
    → 批次进度: 1/1 (已处理 5/5 帧, 当前批耗时: 6.25s, 平均: 6.25s)
    ✓ 所有批次完成: 总耗时 6.25s, 平均 6.25s/批
    → 批量处理 23 帧 (共3批)...
    → 批次进度: 3/3 (已处理 23/23 帧, 当前批耗时: 8.53s, 平均: 9.34s)
    ✓ 所有批次完成: 总耗时 28.02s, 平均 9.34s/批
[041/112] adaptive: region=11, ep=235, variant=l2, map=selected_region
    → 处理 5 帧...
    → 批次进度: 1/1 (已处理 5/5 帧, 当前批耗时: 6.07s, 平均: 6.07s)
    ✓ 所有批次完成: 总耗时 6.07s, 平均 6.07s/批
    → 批量处理 25 帧 (共4批)...
    → 批次进度: 4/4 (已处理 25/25 帧, 当前批耗时: 1.25s, 平均: 7.60s)
    ✓ 所有批次完成: 总耗时 30.42s, 平均 7.60s/批
[042/112] adaptive: region=11, ep=364, variant=l2, map=selected_region
    → 处理 5 帧...
    → 批次进度: 1/1 (已处理 5/5 帧, 当前批耗时: 6.16s, 平均: 6.16s)
    ✓ 所有批次完成: 总耗时 6.16s, 平均 6.16s/批
    → 批量处理 23 帧 (共3批)...
    → 批次进度: 3/3 (已处理 23/23 帧, 当前批耗时: 8.40s, 平均: 9.19s)
    ✓ 所有批次完成: 总耗时 27.57s, 平均 9.19s/批
[043/112] adaptive: region=11, ep=164, variant=l2, map=selected_region
    → 处理 5 帧...
    → 批次进度: 1/1 (已处理 5/5 帧, 当前批耗时: 9.36s, 平均: 9.36s)
    ✓ 所有批次完成: 总耗时 9.36s, 平均 9.36s/批
    → 批量处理 22 帧 (共3批)...
    → 批次进度: 3/3 (已处理 22/22 帧, 当前批耗时: 7.26s, 平均: 8.91s)
    ✓ 所有批次完成: 总耗时 26.74s, 平均 8.91s/批
[044/112] adaptive: region=11, ep=11, variant=l2, map=selected_region
    → 处理 5 帧...
    → 批次进度: 1/1 (已处理 5/5 帧, 当前批耗时: 6.09s, 平均: 6.09s)
    ✓ 所有批次完成: 总耗时 6.09s, 平均 6.09s/批
    → 批量处理 25 帧 (共4批)...
    → 批次进度: 4/4 (已处理 25/25 帧, 当前批耗时: 1.21s, 平均: 7.54s)
    ✓ 所有批次完成: 总耗时 30.15s, 平均 7.54s/批
[045/112] adaptive: region=11, ep=75, variant=l2, map=selected_region
    → 处理 5 帧...
    → 批次进度: 1/1 (已处理 5/5 帧, 当前批耗时: 7.58s, 平均: 7.58s)
    ✓ 所有批次完成: 总耗时 7.58s, 平均 7.58s/批
    → 批量处理 24 帧 (共3批)...
    → 批次进度: 3/3 (已处理 24/24 帧, 当前批耗时: 9.84s, 平均: 9.77s)
    ✓ 所有批次完成: 总耗时 29.32s, 平均 9.77s/批
[046/112] adaptive: region=11, ep=150, variant=l2, map=selected_region
    → 处理 5 帧...
    → 批次进度: 1/1 (已处理 5/5 帧, 当前批耗时: 6.02s, 平均: 6.02s)
    ✓ 所有批次完成: 总耗时 6.02s, 平均 6.02s/批
    → 批量处理 24 帧 (共3批)...
    → 批次进度: 3/3 (已处理 24/24 帧, 当前批耗时: 9.58s, 平均: 9.60s)
    ✓ 所有批次完成: 总耗时 28.81s, 平均 9.60s/批
[047/112] adaptive: region=11, ep=93, variant=l2, map=selected_region
    → 处理 5 帧...
    → 批次进度: 1/1 (已处理 5/5 帧, 当前批耗时: 6.09s, 平均: 6.09s)
    ✓ 所有批次完成: 总耗时 6.09s, 平均 6.09s/批
    → 批量处理 25 帧 (共4批)...
    → 批次进度: 4/4 (已处理 25/25 帧, 当前批耗时: 1.22s, 平均: 7.48s)
    ✓ 所有批次完成: 总耗时 29.92s, 平均 7.48s/批
[048/112] adaptive: region=11, ep=186, variant=l2, map=selected_region
    → 处理 5 帧...
    → 批次进度: 1/1 (已处理 5/5 帧, 当前批耗时: 6.33s, 平均: 6.33s)
    ✓ 所有批次完成: 总耗时 6.33s, 平均 6.33s/批
    → 批量处理 23 帧 (共3批)...
    → 批次进度: 3/3 (已处理 23/23 帧, 当前批耗时: 8.50s, 平均: 9.31s)
    ✓ 所有批次完成: 总耗时 27.92s, 平均 9.31s/批
[049/112] adaptive: region=11, ep=38, variant=l2, map=selected_region
    → 处理 5 帧...
    → 批次进度: 1/1 (已处理 5/5 帧, 当前批耗时: 12.29s, 平均: 12.29s)
    ✓ 所有批次完成: 总耗时 12.29s, 平均 12.29s/批
    → 批量处理 24 帧 (共3批)...
    → 批次进度: 3/3 (已处理 24/24 帧, 当前批耗时: 9.63s, 平均: 9.93s)
    ✓ 所有批次完成: 总耗时 29.80s, 平均 9.93s/批
[050/112] adaptive: region=11, ep=391, variant=l2, map=selected_region
    → 处理 5 帧...
    → 批次进度: 1/1 (已处理 5/5 帧, 当前批耗时: 6.14s, 平均: 6.14s)
    ✓ 所有批次完成: 总耗时 6.14s, 平均 6.14s/批
    → 批量处理 23 帧 (共3批)...
    → 批次进度: 3/3 (已处理 23/23 帧, 当前批耗时: 8.40s, 平均: 9.23s)
    ✓ 所有批次完成: 总耗时 27.68s, 平均 9.23s/批
[051/112] adaptive: region=11, ep=199, variant=l2, map=selected_region
    → 处理 5 帧...
    → 批次进度: 1/1 (已处理 5/5 帧, 当前批耗时: 6.12s, 平均: 6.12s)
    ✓ 所有批次完成: 总耗时 6.12s, 平均 6.12s/批
    → 批量处理 22 帧 (共3批)...
    → 批次进度: 3/3 (已处理 22/22 帧, 当前批耗时: 7.16s, 平均: 8.83s)
    ✓ 所有批次完成: 总耗时 26.48s, 平均 8.83s/批
[052/112] adaptive: region=11, ep=137, variant=l2, map=selected_region
    → 处理 5 帧...
    → 批次进度: 1/1 (已处理 5/5 帧, 当前批耗时: 6.14s, 平均: 6.14s)
    ✓ 所有批次完成: 总耗时 6.14s, 平均 6.14s/批
    → 批量处理 23 帧 (共3批)...
    → 批次进度: 3/3 (已处理 23/23 帧, 当前批耗时: 8.39s, 平均: 9.24s)
    ✓ 所有批次完成: 总耗时 27.71s, 平均 9.24s/批
[053/112] adaptive: region=11, ep=5, variant=l2, map=selected_region
    → 处理 5 帧...
    → 批次进度: 1/1 (已处理 5/5 帧, 当前批耗时: 6.20s, 平均: 6.20s)
    ✓ 所有批次完成: 总耗时 6.20s, 平均 6.20s/批
    → 批量处理 24 帧 (共3批)...
    → 批次进度: 3/3 (已处理 24/24 帧, 当前批耗时: 9.64s, 平均: 9.66s)
    ✓ 所有批次完成: 总耗时 28.98s, 平均 9.66s/批
[054/112] adaptive: region=11, ep=103, variant=l2, map=selected_region
    → 处理 5 帧...
    → 批次进度: 1/1 (已处理 5/5 帧, 当前批耗时: 6.08s, 平均: 6.08s)
    ✓ 所有批次完成: 总耗时 6.08s, 平均 6.08s/批
    → 批量处理 22 帧 (共3批)...
    → 批次进度: 3/3 (已处理 22/22 帧, 当前批耗时: 7.26s, 平均: 8.89s)
    ✓ 所有批次完成: 总耗时 26.67s, 平均 8.89s/批
[055/112] adaptive: region=11, ep=29, variant=l2, map=selected_region
    → 处理 5 帧...
    → 批次进度: 1/1 (已处理 5/5 帧, 当前批耗时: 6.02s, 平均: 6.02s)
    ✓ 所有批次完成: 总耗时 6.02s, 平均 6.02s/批
    → 批量处理 24 帧 (共3批)...
    → 批次进度: 3/3 (已处理 24/24 帧, 当前批耗时: 10.02s, 平均: 9.83s)
    ✓ 所有批次完成: 总耗时 29.48s, 平均 9.83s/批
[056/112] adaptive: region=11, ep=373, variant=l2, map=selected_region
    → 处理 5 帧...
    → 批次进度: 1/1 (已处理 5/5 帧, 当前批耗时: 7.68s, 平均: 7.68s)
    ✓ 所有批次完成: 总耗时 7.68s, 平均 7.68s/批
    → 批量处理 23 帧 (共3批)...
    → 批次进度: 3/3 (已处理 23/23 帧, 当前批耗时: 8.48s, 平均: 9.27s)
    ✓ 所有批次完成: 总耗时 27.82s, 平均 9.27s/批
[057/112] adaptive: region=11, ep=239, variant=l2, map=selected_region
    → 处理 5 帧...
    → 批次进度: 1/1 (已处理 5/5 帧, 当前批耗时: 6.11s, 平均: 6.11s)
    ✓ 所有批次完成: 总耗时 6.11s, 平均 6.11s/批
    → 批量处理 25 帧 (共4批)...
    → 批次进度: 4/4 (已处理 25/25 帧, 当前批耗时: 1.21s, 平均: 7.88s)
    ✓ 所有批次完成: 总耗时 31.51s, 平均 7.88s/批
[058/112] adaptive: region=11, ep=49, variant=l2, map=selected_region
    → 处理 5 帧...
    → 批次进度: 1/1 (已处理 5/5 帧, 当前批耗时: 6.61s, 平均: 6.61s)
    ✓ 所有批次完成: 总耗时 6.61s, 平均 6.61s/批
    → 批量处理 21 帧 (共3批)...
    → 批次进度: 3/3 (已处理 21/21 帧, 当前批耗时: 6.00s, 平均: 8.45s)
    ✓ 所有批次完成: 总耗时 25.35s, 平均 8.45s/批
[059/112] adaptive: region=25, ep=309, variant=l2, map=selected_region
    → 处理 5 帧...
    → 批次进度: 1/1 (已处理 5/5 帧, 当前批耗时: 6.06s, 平均: 6.06s)
    ✓ 所有批次完成: 总耗时 6.06s, 平均 6.06s/批
    → 批量处理 22 帧 (共3批)...
    → 批次进度: 3/3 (已处理 22/22 帧, 当前批耗时: 7.26s, 平均: 8.87s)
    ✓ 所有批次完成: 总耗时 26.60s, 平均 8.87s/批
[060/112] adaptive: region=25, ep=115, variant=l2, map=selected_region
    → 处理 5 帧...
    → 批次进度: 1/1 (已处理 5/5 帧, 当前批耗时: 8.03s, 平均: 8.03s)
    ✓ 所有批次完成: 总耗时 8.03s, 平均 8.03s/批
    → 批量处理 23 帧 (共3批)...
    → 批次进度: 3/3 (已处理 23/23 帧, 当前批耗时: 8.32s, 平均: 9.12s)
    ✓ 所有批次完成: 总耗时 27.36s, 平均 9.12s/批
[061/112] adaptive: region=25, ep=119, variant=l2, map=selected_region
    → 处理 5 帧...
    → 批次进度: 1/1 (已处理 5/5 帧, 当前批耗时: 6.06s, 平均: 6.06s)
    ✓ 所有批次完成: 总耗时 6.06s, 平均 6.06s/批
    → 批量处理 21 帧 (共3批)...
    → 批次进度: 3/3 (已处理 21/21 帧, 当前批耗时: 6.14s, 平均: 8.67s)
    ✓ 所有批次完成: 总耗时 26.01s, 平均 8.67s/批
[062/112] adaptive: region=25, ep=73, variant=l2, map=selected_region
    → 处理 5 帧...
    → 批次进度: 1/1 (已处理 5/5 帧, 当前批耗时: 6.07s, 平均: 6.07s)
    ✓ 所有批次完成: 总耗时 6.07s, 平均 6.07s/批
    → 批量处理 23 帧 (共3批)...
    → 批次进度: 3/3 (已处理 23/23 帧, 当前批耗时: 8.60s, 平均: 9.34s)
    ✓ 所有批次完成: 总耗时 28.02s, 平均 9.34s/批
[063/112] adaptive: region=25, ep=98, variant=l2, map=selected_region
    → 处理 5 帧...
    → 批次进度: 1/1 (已处理 5/5 帧, 当前批耗时: 6.16s, 平均: 6.16s)
    ✓ 所有批次完成: 总耗时 6.16s, 平均 6.16s/批
    → 批量处理 22 帧 (共3批)...
    → 批次进度: 3/3 (已处理 22/22 帧, 当前批耗时: 7.27s, 平均: 8.87s)
    ✓ 所有批次完成: 总耗时 26.60s, 平均 8.87s/批
[064/112] adaptive: region=25, ep=354, variant=l2, map=selected_region
    → 处理 5 帧...
    → 批次进度: 1/1 (已处理 5/5 帧, 当前批耗时: 5.99s, 平均: 5.99s)
    ✓ 所有批次完成: 总耗时 5.99s, 平均 5.99s/批
    → 批量处理 24 帧 (共3批)...
    → 批次进度: 3/3 (已处理 24/24 帧, 当前批耗时: 9.74s, 平均: 9.70s)
    ✓ 所有批次完成: 总耗时 29.09s, 平均 9.70s/批
[065/112] adaptive: region=25, ep=197, variant=l2, map=selected_region
    → 处理 5 帧...
    → 批次进度: 1/1 (已处理 5/5 帧, 当前批耗时: 6.12s, 平均: 6.12s)
    ✓ 所有批次完成: 总耗时 6.12s, 平均 6.12s/批
    → 批量处理 22 帧 (共3批)...
    → 批次进度: 3/3 (已处理 22/22 帧, 当前批耗时: 7.20s, 平均: 8.87s)
    ✓ 所有批次完成: 总耗时 26.62s, 平均 8.87s/批
[066/112] adaptive: region=25, ep=60, variant=l2, map=selected_region
    → 处理 5 帧...
    → 批次进度: 1/1 (已处理 5/5 帧, 当前批耗时: 6.12s, 平均: 6.12s)
    ✓ 所有批次完成: 总耗时 6.12s, 平均 6.12s/批
    → 批量处理 22 帧 (共3批)...
    → 批次进度: 3/3 (已处理 22/22 帧, 当前批耗时: 7.54s, 平均: 9.12s)
    ✓ 所有批次完成: 总耗时 27.37s, 平均 9.12s/批
[067/112] adaptive: region=25, ep=195, variant=l2, map=selected_region
    → 处理 5 帧...
    → 批次进度: 1/1 (已处理 5/5 帧, 当前批耗时: 6.11s, 平均: 6.11s)
    ✓ 所有批次完成: 总耗时 6.11s, 平均 6.11s/批
    → 批量处理 23 帧 (共3批)...
    → 批次进度: 3/3 (已处理 23/23 帧, 当前批耗时: 8.66s, 平均: 9.38s)
    ✓ 所有批次完成: 总耗时 28.15s, 平均 9.38s/批
[068/112] adaptive: region=25, ep=10, variant=l2, map=selected_region
    → 处理 5 帧...
    → 批次进度: 1/1 (已处理 5/5 帧, 当前批耗时: 6.51s, 平均: 6.51s)
    ✓ 所有批次完成: 总耗时 6.51s, 平均 6.51s/批
    → 批量处理 23 帧 (共3批)...
    → 批次进度: 3/3 (已处理 23/23 帧, 当前批耗时: 8.59s, 平均: 9.37s)
    ✓ 所有批次完成: 总耗时 28.11s, 平均 9.37s/批
[069/112] adaptive: region=25, ep=352, variant=l2, map=selected_region
    → 处理 5 帧...
    → 批次进度: 1/1 (已处理 5/5 帧, 当前批耗时: 6.14s, 平均: 6.14s)
    ✓ 所有批次完成: 总耗时 6.14s, 平均 6.14s/批
    → 批量处理 24 帧 (共3批)...
    → 批次进度: 3/3 (已处理 24/24 帧, 当前批耗时: 9.67s, 平均: 9.69s)
    ✓ 所有批次完成: 总耗时 29.08s, 平均 9.69s/批
[070/112] adaptive: region=25, ep=260, variant=l2, map=selected_region
    → 处理 5 帧...
    → 批次进度: 1/1 (已处理 5/5 帧, 当前批耗时: 11.78s, 平均: 11.78s)
    ✓ 所有批次完成: 总耗时 11.78s, 平均 11.78s/批
    → 批量处理 23 帧 (共3批)...
    → 批次进度: 3/3 (已处理 23/23 帧, 当前批耗时: 8.46s, 平均: 12.87s)
    ✓ 所有批次完成: 总耗时 38.61s, 平均 12.87s/批
[071/112] adaptive: region=25, ep=131, variant=l2, map=selected_region
    → 处理 5 帧...
    → 批次进度: 1/1 (已处理 5/5 帧, 当前批耗时: 6.14s, 平均: 6.14s)
    ✓ 所有批次完成: 总耗时 6.14s, 平均 6.14s/批
    → 批量处理 23 帧 (共3批)...
    → 批次进度: 3/3 (已处理 23/23 帧, 当前批耗时: 8.42s, 平均: 9.27s)
    ✓ 所有批次完成: 总耗时 27.82s, 平均 9.27s/批
[072/112] adaptive: region=25, ep=4, variant=l2, map=selected_region
    → 处理 5 帧...
    → 批次进度: 1/1 (已处理 5/5 帧, 当前批耗时: 6.05s, 平均: 6.05s)
    ✓ 所有批次完成: 总耗时 6.05s, 平均 6.05s/批
    → 批量处理 23 帧 (共3批)...
    → 批次进度: 3/3 (已处理 23/23 帧, 当前批耗时: 8.45s, 平均: 9.33s)
    ✓ 所有批次完成: 总耗时 27.98s, 平均 9.33s/批
[073/112] adaptive: region=25, ep=69, variant=l2, map=selected_region
    → 处理 5 帧...
    → 批次进度: 1/1 (已处理 5/5 帧, 当前批耗时: 6.04s, 平均: 6.04s)
    ✓ 所有批次完成: 总耗时 6.04s, 平均 6.04s/批
    → 批量处理 21 帧 (共3批)...
    → 批次进度: 3/3 (已处理 21/21 帧, 当前批耗时: 6.11s, 平均: 8.38s)
    ✓ 所有批次完成: 总耗时 25.13s, 平均 8.38s/批
[074/112] adaptive: region=25, ep=285, variant=l2, map=selected_region
    → 处理 5 帧...
    → 批次进度: 1/1 (已处理 5/5 帧, 当前批耗时: 10.30s, 平均: 10.30s)
    ✓ 所有批次完成: 总耗时 10.30s, 平均 10.30s/批
    → 批量处理 23 帧 (共3批)...
    → 批次进度: 3/3 (已处理 23/23 帧, 当前批耗时: 8.45s, 平均: 9.18s)
    ✓ 所有批次完成: 总耗时 27.53s, 平均 9.18s/批
[075/112] adaptive: region=25, ep=127, variant=l2, map=selected_region
    → 处理 5 帧...
    → 批次进度: 1/1 (已处理 5/5 帧, 当前批耗时: 6.25s, 平均: 6.25s)
    ✓ 所有批次完成: 总耗时 6.25s, 平均 6.25s/批
    → 批量处理 22 帧 (共3批)...
    → 批次进度: 3/3 (已处理 22/22 帧, 当前批耗时: 7.32s, 平均: 9.05s)
    ✓ 所有批次完成: 总耗时 27.14s, 平均 9.05s/批
[076/112] adaptive: region=0, ep=57, variant=l2, map=selected_region
    → 处理 5 帧...
    → 批次进度: 1/1 (已处理 5/5 帧, 当前批耗时: 6.26s, 平均: 6.26s)
    ✓ 所有批次完成: 总耗时 6.26s, 平均 6.26s/批
    → 批量处理 22 帧 (共3批)...
    → 批次进度: 3/3 (已处理 22/22 帧, 当前批耗时: 7.27s, 平均: 8.88s)
    ✓ 所有批次完成: 总耗时 26.64s, 平均 8.88s/批
[077/112] adaptive: region=0, ep=123, variant=l2, map=selected_region
    → 处理 5 帧...
    → 批次进度: 1/1 (已处理 5/5 帧, 当前批耗时: 6.20s, 平均: 6.20s)
    ✓ 所有批次完成: 总耗时 6.20s, 平均 6.20s/批
    → 批量处理 21 帧 (共3批)...
    → 批次进度: 3/3 (已处理 21/21 帧, 当前批耗时: 6.10s, 平均: 8.57s)
    ✓ 所有批次完成: 总耗时 25.72s, 平均 8.57s/批
[078/112] adaptive: region=0, ep=377, variant=l2, map=selected_region
    → 处理 5 帧...
    → 批次进度: 1/1 (已处理 5/5 帧, 当前批耗时: 7.90s, 平均: 7.90s)
    ✓ 所有批次完成: 总耗时 7.90s, 平均 7.90s/批
    → 批量处理 21 帧 (共3批)...
    → 批次进度: 3/3 (已处理 21/21 帧, 当前批耗时: 6.05s, 平均: 8.51s)
    ✓ 所有批次完成: 总耗时 25.53s, 平均 8.51s/批
[079/112] adaptive: region=0, ep=189, variant=l2, map=selected_region
    → 处理 5 帧...
    → 批次进度: 1/1 (已处理 5/5 帧, 当前批耗时: 6.12s, 平均: 6.12s)
    ✓ 所有批次完成: 总耗时 6.12s, 平均 6.12s/批
    → 批量处理 22 帧 (共3批)...
    → 批次进度: 3/3 (已处理 22/22 帧, 当前批耗时: 7.29s, 平均: 8.88s)
    ✓ 所有批次完成: 总耗时 26.63s, 平均 8.88s/批
[080/112] adaptive: region=0, ep=217, variant=l2, map=selected_region
    → 处理 5 帧...
    → 批次进度: 1/1 (已处理 5/5 帧, 当前批耗时: 6.14s, 平均: 6.14s)
    ✓ 所有批次完成: 总耗时 6.14s, 平均 6.14s/批
    → 批量处理 22 帧 (共3批)...
    → 批次进度: 3/3 (已处理 22/22 帧, 当前批耗时: 7.27s, 平均: 8.86s)
    ✓ 所有批次完成: 总耗时 26.59s, 平均 8.86s/批
[081/112] adaptive: region=0, ep=173, variant=l2, map=selected_region
    → 处理 5 帧...
    → 批次进度: 1/1 (已处理 5/5 帧, 当前批耗时: 6.07s, 平均: 6.07s)
    ✓ 所有批次完成: 总耗时 6.07s, 平均 6.07s/批
    → 批量处理 22 帧 (共3批)...
    → 批次进度: 3/3 (已处理 22/22 帧, 当前批耗时: 7.32s, 平均: 8.91s)
    ✓ 所有批次完成: 总耗时 26.74s, 平均 8.91s/批
[082/112] adaptive: region=0, ep=331, variant=l2, map=selected_region
    → 处理 5 帧...
    → 批次进度: 1/1 (已处理 5/5 帧, 当前批耗时: 6.00s, 平均: 6.00s)
    ✓ 所有批次完成: 总耗时 6.00s, 平均 6.00s/批
    → 批量处理 22 帧 (共3批)...
    → 批次进度: 3/3 (已处理 22/22 帧, 当前批耗时: 7.23s, 平均: 8.82s)
    ✓ 所有批次完成: 总耗时 26.45s, 平均 8.82s/批
[083/112] adaptive: region=0, ep=207, variant=l2, map=selected_region
    → 处理 5 帧...
    → 批次进度: 1/1 (已处理 5/5 帧, 当前批耗时: 6.02s, 平均: 6.02s)
    ✓ 所有批次完成: 总耗时 6.02s, 平均 6.02s/批
    → 批量处理 23 帧 (共3批)...
    → 批次进度: 3/3 (已处理 23/23 帧, 当前批耗时: 8.55s, 平均: 9.31s)
    ✓ 所有批次完成: 总耗时 27.92s, 平均 9.31s/批
[084/112] adaptive: region=0, ep=249, variant=l2, map=selected_region
    → 处理 5 帧...
    → 批次进度: 1/1 (已处理 5/5 帧, 当前批耗时: 6.11s, 平均: 6.11s)
    ✓ 所有批次完成: 总耗时 6.11s, 平均 6.11s/批
    → 批量处理 22 帧 (共3批)...
    → 批次进度: 3/3 (已处理 22/22 帧, 当前批耗时: 7.23s, 平均: 8.92s)
    ✓ 所有批次完成: 总耗时 26.77s, 平均 8.92s/批
[085/112] adaptive: region=0, ep=295, variant=l2, map=selected_region
    → 处理 5 帧...
    → 批次进度: 1/1 (已处理 5/5 帧, 当前批耗时: 6.10s, 平均: 6.10s)
    ✓ 所有批次完成: 总耗时 6.10s, 平均 6.10s/批
    → 批量处理 22 帧 (共3批)...
    → 批次进度: 3/3 (已处理 22/22 帧, 当前批耗时: 8.40s, 平均: 9.40s)
    ✓ 所有批次完成: 总耗时 28.20s, 平均 9.40s/批
[086/112] adaptive: region=0, ep=37, variant=l2, map=selected_region
    → 处理 5 帧...
    → 批次进度: 1/1 (已处理 5/5 帧, 当前批耗时: 32.72s, 平均: 32.72s)
    ✓ 所有批次完成: 总耗时 32.72s, 平均 32.72s/批
    → 批量处理 22 帧 (共3批)...
    → 批次进度: 3/3 (已处理 22/22 帧, 当前批耗时: 39.47s, 平均: 80.83s)
    ✓ 所有批次完成: 总耗时 242.50s, 平均 80.83s/批
[087/112] adaptive: region=0, ep=194, variant=l2, map=selected_region
    → 处理 5 帧...
    → 批次进度: 1/1 (已处理 5/5 帧, 当前批耗时: 7.27s, 平均: 7.27s)
    ✓ 所有批次完成: 总耗时 7.27s, 平均 7.27s/批
    → 批量处理 22 帧 (共3批)...
    → 批次进度: 3/3 (已处理 22/22 帧, 当前批耗时: 8.07s, 平均: 10.39s)
    ✓ 所有批次完成: 总耗时 31.18s, 平均 10.39s/批
[088/112] adaptive: region=0, ep=110, variant=l2, map=selected_region
    → 处理 5 帧...
    → 批次进度: 1/1 (已处理 5/5 帧, 当前批耗时: 11.16s, 平均: 11.16s)
    ✓ 所有批次完成: 总耗时 11.16s, 平均 11.16s/批
    → 批量处理 22 帧 (共3批)...
    → 批次进度: 3/3 (已处理 22/22 帧, 当前批耗时: 8.13s, 平均: 10.54s)
    ✓ 所有批次完成: 总耗时 31.63s, 平均 10.54s/批
[089/112] adaptive: region=0, ep=250, variant=l2, map=selected_region
    → 处理 5 帧...
    → 批次进度: 1/1 (已处理 5/5 帧, 当前批耗时: 6.91s, 平均: 6.91s)
    ✓ 所有批次完成: 总耗时 6.91s, 平均 6.91s/批
    → 批量处理 22 帧 (共3批)...
    → 批次进度: 3/3 (已处理 22/22 帧, 当前批耗时: 8.05s, 平均: 12.37s)
    ✓ 所有批次完成: 总耗时 37.10s, 平均 12.37s/批
[090/112] adaptive: region=0, ep=53, variant=l2, map=selected_region
    → 处理 5 帧...
    → 批次进度: 1/1 (已处理 5/5 帧, 当前批耗时: 6.81s, 平均: 6.81s)
    ✓ 所有批次完成: 总耗时 6.81s, 平均 6.81s/批
    → 批量处理 22 帧 (共3批)...
    → 批次进度: 3/3 (已处理 22/22 帧, 当前批耗时: 8.18s, 平均: 10.10s)
    ✓ 所有批次完成: 总耗时 30.31s, 平均 10.10s/批
[091/112] adaptive: region=0, ep=170, variant=l2, map=selected_region
    → 处理 5 帧...
    → 批次进度: 1/1 (已处理 5/5 帧, 当前批耗时: 6.81s, 平均: 6.81s)
    ✓ 所有批次完成: 总耗时 6.81s, 平均 6.81s/批
    → 批量处理 21 帧 (共3批)...
    → 批次进度: 3/3 (已处理 21/21 帧, 当前批耗时: 6.89s, 平均: 9.63s)
    ✓ 所有批次完成: 总耗时 28.88s, 平均 9.63s/批
[092/112] adaptive: region=33, ep=72, variant=l2, map=selected_region
    → 处理 5 帧...
    → 批次进度: 1/1 (已处理 5/5 帧, 当前批耗时: 6.61s, 平均: 6.61s)
    ✓ 所有批次完成: 总耗时 6.61s, 平均 6.61s/批
    → 批量处理 20 帧 (共3批)...
    → 批次进度: 3/3 (已处理 20/20 帧, 当前批耗时: 5.52s, 平均: 8.94s)
    ✓ 所有批次完成: 总耗时 26.81s, 平均 8.94s/批
[093/112] adaptive: region=33, ep=292, variant=l2, map=selected_region
    → 处理 5 帧...
    → 批次进度: 1/1 (已处理 5/5 帧, 当前批耗时: 6.63s, 平均: 6.63s)
    ✓ 所有批次完成: 总耗时 6.63s, 平均 6.63s/批
    → 批量处理 22 帧 (共3批)...
    → 批次进度: 3/3 (已处理 22/22 帧, 当前批耗时: 8.26s, 平均: 10.06s)
    ✓ 所有批次完成: 总耗时 30.18s, 平均 10.06s/批
[094/112] adaptive: region=33, ep=345, variant=l2, map=selected_region
    → 处理 5 帧...
    → 批次进度: 1/1 (已处理 5/5 帧, 当前批耗时: 16.08s, 平均: 16.08s)
    ✓ 所有批次完成: 总耗时 16.08s, 平均 16.08s/批
    → 批量处理 20 帧 (共3批)...
    → 批次进度: 3/3 (已处理 20/20 帧, 当前批耗时: 5.50s, 平均: 9.04s)
    ✓ 所有批次完成: 总耗时 27.12s, 平均 9.04s/批
[095/112] adaptive: region=33, ep=104, variant=l2, map=selected_region
    → 处理 5 帧...
    → 批次进度: 1/1 (已处理 5/5 帧, 当前批耗时: 6.55s, 平均: 6.55s)
    ✓ 所有批次完成: 总耗时 6.55s, 平均 6.55s/批
    → 批量处理 20 帧 (共3批)...
    → 批次进度: 3/3 (已处理 20/20 帧, 当前批耗时: 5.55s, 平均: 10.15s)
    ✓ 所有批次完成: 总耗时 30.44s, 平均 10.15s/批
[096/112] adaptive: region=33, ep=306, variant=l2, map=selected_region
    → 处理 5 帧...
    → 批次进度: 1/1 (已处理 5/5 帧, 当前批耗时: 7.43s, 平均: 7.43s)
    ✓ 所有批次完成: 总耗时 7.43s, 平均 7.43s/批
    → 批量处理 20 帧 (共3批)...
    → 批次进度: 3/3 (已处理 20/20 帧, 当前批耗时: 5.36s, 平均: 9.11s)
    ✓ 所有批次完成: 总耗时 27.34s, 平均 9.11s/批
[097/112] adaptive: region=33, ep=320, variant=l2, map=selected_region
    → 处理 5 帧...
    → 批次进度: 1/1 (已处理 5/5 帧, 当前批耗时: 6.64s, 平均: 6.64s)
    ✓ 所有批次完成: 总耗时 6.64s, 平均 6.64s/批
    → 批量处理 22 帧 (共3批)...
    → 批次进度: 3/3 (已处理 22/22 帧, 当前批耗时: 7.07s, 平均: 9.05s)
    ✓ 所有批次完成: 总耗时 27.15s, 平均 9.05s/批
[098/112] adaptive: region=33, ep=56, variant=l2, map=selected_region
    → 处理 5 帧...
    → 批次进度: 1/1 (已处理 5/5 帧, 当前批耗时: 5.93s, 平均: 5.93s)
    ✓ 所有批次完成: 总耗时 5.93s, 平均 5.93s/批
    → 批量处理 22 帧 (共3批)...
    → 批次进度: 3/3 (已处理 22/22 帧, 当前批耗时: 7.04s, 平均: 8.81s)
    ✓ 所有批次完成: 总耗时 26.43s, 平均 8.81s/批
[099/112] adaptive: region=33, ep=335, variant=l2, map=selected_region
    → 处理 5 帧...
    → 批次进度: 1/1 (已处理 5/5 帧, 当前批耗时: 5.81s, 平均: 5.81s)
    ✓ 所有批次完成: 总耗时 5.81s, 平均 5.81s/批
    → 批量处理 20 帧 (共3批)...
    → 批次进度: 3/3 (已处理 20/20 帧, 当前批耗时: 4.68s, 平均: 7.85s)
    ✓ 所有批次完成: 总耗时 23.55s, 平均 7.85s/批
[100/112] adaptive: region=33, ep=23, variant=l2, map=selected_region
    → 处理 5 帧...
    → 批次进度: 1/1 (已处理 5/5 帧, 当前批耗时: 5.88s, 平均: 5.88s)
    ✓ 所有批次完成: 总耗时 5.88s, 平均 5.88s/批
    → 批量处理 22 帧 (共3批)...
    → 批次进度: 3/3 (已处理 22/22 帧, 当前批耗时: 7.02s, 平均: 8.68s)
    ✓ 所有批次完成: 总耗时 26.04s, 平均 8.68s/批
[101/112] adaptive: region=33, ep=220, variant=l2, map=selected_region
    → 处理 5 帧...
    → 批次进度: 1/1 (已处理 5/5 帧, 当前批耗时: 6.02s, 平均: 6.02s)
    ✓ 所有批次完成: 总耗时 6.02s, 平均 6.02s/批
    → 批量处理 20 帧 (共3批)...
    → 批次进度: 3/3 (已处理 20/20 帧, 当前批耗时: 4.71s, 平均: 7.82s)
    ✓ 所有批次完成: 总耗时 23.46s, 平均 7.82s/批
[102/112] adaptive: region=33, ep=74, variant=l2, map=selected_region
    → 处理 5 帧...
    → 批次进度: 1/1 (已处理 5/5 帧, 当前批耗时: 6.10s, 平均: 6.10s)
    ✓ 所有批次完成: 总耗时 6.10s, 平均 6.10s/批
    → 批量处理 22 帧 (共3批)...
    → 批次进度: 3/3 (已处理 22/22 帧, 当前批耗时: 7.03s, 平均: 8.68s)
    ✓ 所有批次完成: 总耗时 26.05s, 平均 8.68s/批
[103/112] adaptive: region=33, ep=24, variant=l2, map=selected_region
    → 处理 5 帧...
    → 批次进度: 1/1 (已处理 5/5 帧, 当前批耗时: 5.86s, 平均: 5.86s)
    ✓ 所有批次完成: 总耗时 5.86s, 平均 5.86s/批
    → 批量处理 20 帧 (共3批)...
    → 批次进度: 3/3 (已处理 20/20 帧, 当前批耗时: 4.70s, 平均: 7.80s)
    ✓ 所有批次完成: 总耗时 23.41s, 平均 7.80s/批
[104/112] adaptive: region=33, ep=44, variant=l2, map=selected_region
    → 处理 5 帧...
    → 批次进度: 1/1 (已处理 5/5 帧, 当前批耗时: 5.89s, 平均: 5.89s)
    ✓ 所有批次完成: 总耗时 5.89s, 平均 5.89s/批
    → 批量处理 22 帧 (共3批)...
    → 批次进度: 3/3 (已处理 22/22 帧, 当前批耗时: 7.07s, 平均: 8.63s)
    ✓ 所有批次完成: 总耗时 25.88s, 平均 8.63s/批
[105/112] adaptive: region=33, ep=240, variant=l2, map=selected_region
    → 处理 5 帧...
    → 批次进度: 1/1 (已处理 5/5 帧, 当前批耗时: 5.91s, 平均: 5.91s)
    ✓ 所有批次完成: 总耗时 5.91s, 平均 5.91s/批
    → 批量处理 22 帧 (共3批)...
    → 批次进度: 3/3 (已处理 22/22 帧, 当前批耗时: 6.94s, 平均: 8.53s)
    ✓ 所有批次完成: 总耗时 25.59s, 平均 8.53s/批
[106/112] adaptive: region=33, ep=191, variant=l2, map=selected_region
    → 处理 5 帧...
    → 批次进度: 1/1 (已处理 5/5 帧, 当前批耗时: 6.26s, 平均: 6.26s)
    ✓ 所有批次完成: 总耗时 6.26s, 平均 6.26s/批
    → 批量处理 22 帧 (共3批)...
    → 批次进度: 3/3 (已处理 22/22 帧, 当前批耗时: 7.08s, 平均: 8.67s)
    ✓ 所有批次完成: 总耗时 26.01s, 平均 8.67s/批
[107/112] adaptive: region=33, ep=228, variant=l2, map=selected_region
    → 处理 5 帧...
    → 批次进度: 1/1 (已处理 5/5 帧, 当前批耗时: 5.90s, 平均: 5.90s)
    ✓ 所有批次完成: 总耗时 5.90s, 平均 5.90s/批
    → 批量处理 23 帧 (共3批)...
    → 批次进度: 3/3 (已处理 23/23 帧, 当前批耗时: 8.23s, 平均: 9.02s)
    ✓ 所有批次完成: 总耗时 27.06s, 平均 9.02s/批
[108/112] adaptive: region=26, ep=148, variant=l2, map=selected_region
    → 处理 5 帧...
    → 批次进度: 1/1 (已处理 5/5 帧, 当前批耗时: 5.86s, 平均: 5.86s)
    ✓ 所有批次完成: 总耗时 5.86s, 平均 5.86s/批
    → 批量处理 23 帧 (共3批)...
    → 批次进度: 3/3 (已处理 23/23 帧, 当前批耗时: 8.20s, 平均: 8.99s)
    ✓ 所有批次完成: 总耗时 26.97s, 平均 8.99s/批
[109/112] adaptive: region=26, ep=145, variant=l2, map=selected_region
    → 处理 5 帧...
    → 批次进度: 1/1 (已处理 5/5 帧, 当前批耗时: 10.21s, 平均: 10.21s)
    ✓ 所有批次完成: 总耗时 10.21s, 平均 10.21s/批
    → 批量处理 24 帧 (共3批)...
    → 批次进度: 3/3 (已处理 24/24 帧, 当前批耗时: 12.02s, 平均: 15.20s)
    ✓ 所有批次完成: 总耗时 45.59s, 平均 15.20s/批
[110/112] adaptive: region=26, ep=144, variant=l2, map=selected_region
    → 处理 5 帧...
    → 批次进度: 1/1 (已处理 5/5 帧, 当前批耗时: 5.86s, 平均: 5.86s)
    ✓ 所有批次完成: 总耗时 5.86s, 平均 5.86s/批
    → 批量处理 25 帧 (共4批)...
    → 批次进度: 4/4 (已处理 25/25 帧, 当前批耗时: 1.19s, 平均: 7.38s)
    ✓ 所有批次完成: 总耗时 29.53s, 平均 7.38s/批
[111/112] adaptive: region=26, ep=193, variant=l2, map=selected_region
    → 处理 5 帧...
    → 批次进度: 1/1 (已处理 5/5 帧, 当前批耗时: 5.96s, 平均: 5.96s)
    ✓ 所有批次完成: 总耗时 5.96s, 平均 5.96s/批
    → 批量处理 23 帧 (共3批)...
    → 批次进度: 3/3 (已处理 23/23 帧, 当前批耗时: 8.16s, 平均: 8.98s)
    ✓ 所有批次完成: 总耗时 26.94s, 平均 8.98s/批
[112/112] adaptive: region=26, ep=268, variant=l2, map=selected_region
============================================================================
selection written to: /data/zhonglinye/jun/lerobot/personal/work2/our_v7/outputs/our_v7_l2_full_112x3_seed42/selection/coffee-button-v3_corner/selected_episodes_v7.json
selected=112
regions=40
initial=8
adaptive=104
raw visual cache=/data/zhonglinye/jun/lerobot/personal/work2/our_v7/shared_raw_embeddings/coffee-button-v3_corner/smolvlm_raw_first5_wrist20_70_v1_06459982c0c0
causal validation: PASS
============================================================================

=== V7 selecting disassemble-v3_corner ===
============================================================================
Our-V7 paper-faithful causal demonstration acquisition
benchmark=metaworld
dataset=disassemble-v3_corner
budget=112
visual_variant=l2
ablation=full
configuration source: episode_initial_states.json -> rand_vec
configuration normalization: predefined MetaWorld reset bounds
KMeans init: deterministic centroid-nearest + farthest-point traversal
B0 init: deterministic centroid-nearest + farthest-point traversal
priority: g_k + minmax(u_visual) + minmax(u_action)
============================================================================
V7 paper initialization: regions=40, B0=8, variant=l2, ablation=full
B0 region order: [0, 1, 2, 4, 13, 5, 3, 8]
加载模型: HuggingFaceTB/SmolVLM2-500M-Video-Instruct
处理器加载完成
`torch_dtype` is deprecated! Use `dtype` instead!
Loading weights:   0%|          | 0/489 [00:00<?, ?it/s]Loading weights:  33%|███▎      | 159/489 [00:00<00:00, 1574.91it/s]Loading weights:  65%|██████▍   | 317/489 [00:00<00:00, 1498.34it/s]Loading weights: 100%|██████████| 489/489 [00:00<00:00, 1685.00it/s]
模型权重加载完成，正在初始化...
模型加载完成，设备: cuda
    → 处理 5 帧...
    → 批次进度: 1/1 (已处理 5/5 帧, 当前批耗时: 11.23s, 平均: 11.23s)
    ✓ 所有批次完成: 总耗时 11.23s, 平均 11.23s/批
    → 批量处理 100 帧 (共13批)...
    → 批次进度: 5/13 (已处理 40/100 帧, 当前批耗时: 9.52s, 平均: 11.01s)
    → 批次进度: 10/13 (已处理 80/100 帧, 当前批耗时: 9.55s, 平均: 10.27s)
    → 批次进度: 13/13 (已处理 100/100 帧, 当前批耗时: 4.76s, 平均: 9.72s)
    ✓ 所有批次完成: 总耗时 126.35s, 平均 9.72s/批
[001/112] initial: region=0, ep=3, variant=l2, map=selected_region
    → 处理 5 帧...
    → 批次进度: 1/1 (已处理 5/5 帧, 当前批耗时: 5.91s, 平均: 5.91s)
    ✓ 所有批次完成: 总耗时 5.91s, 平均 5.91s/批
    → 批量处理 62 帧 (共8批)...
    → 批次进度: 5/8 (已处理 40/62 帧, 当前批耗时: 9.52s, 平均: 9.53s)
    → 批次进度: 8/8 (已处理 62/62 帧, 当前批耗时: 7.16s, 平均: 9.22s)
    ✓ 所有批次完成: 总耗时 73.78s, 平均 9.22s/批
[002/112] initial: region=1, ep=156, variant=l2, map=selected_region
    → 处理 5 帧...
    → 批次进度: 1/1 (已处理 5/5 帧, 当前批耗时: 5.94s, 平均: 5.94s)
    ✓ 所有批次完成: 总耗时 5.94s, 平均 5.94s/批
    → 批量处理 67 帧 (共9批)...
    → 批次进度: 5/9 (已处理 40/67 帧, 当前批耗时: 9.27s, 平均: 9.41s)
    → 批次进度: 9/9 (已处理 67/67 帧, 当前批耗时: 3.59s, 平均: 8.76s)
    ✓ 所有批次完成: 总耗时 78.80s, 平均 8.76s/批
[003/112] initial: region=2, ep=136, variant=l2, map=selected_region
    → 处理 5 帧...
    → 批次进度: 1/1 (已处理 5/5 帧, 当前批耗时: 5.81s, 平均: 5.81s)
    ✓ 所有批次完成: 总耗时 5.81s, 平均 5.81s/批
    → 批量处理 78 帧 (共10批)...
    → 批次进度: 5/10 (已处理 40/78 帧, 当前批耗时: 9.38s, 平均: 9.35s)
    → 批次进度: 10/10 (已处理 78/78 帧, 当前批耗时: 7.05s, 平均: 9.15s)
    ✓ 所有批次完成: 总耗时 91.46s, 平均 9.15s/批
[004/112] initial: region=4, ep=131, variant=l2, map=selected_region
    → 处理 5 帧...
    → 批次进度: 1/1 (已处理 5/5 帧, 当前批耗时: 5.94s, 平均: 5.94s)
    ✓ 所有批次完成: 总耗时 5.94s, 平均 5.94s/批
    → 批量处理 55 帧 (共7批)...
    → 批次进度: 5/7 (已处理 40/55 帧, 当前批耗时: 9.35s, 平均: 9.37s)
    → 批次进度: 7/7 (已处理 55/55 帧, 当前批耗时: 8.27s, 平均: 9.23s)
    ✓ 所有批次完成: 总耗时 64.59s, 平均 9.23s/批
[005/112] initial: region=13, ep=204, variant=l2, map=selected_region
    → 处理 5 帧...
    → 批次进度: 1/1 (已处理 5/5 帧, 当前批耗时: 5.83s, 平均: 5.83s)
    ✓ 所有批次完成: 总耗时 5.83s, 平均 5.83s/批
    → 批量处理 69 帧 (共9批)...
    → 批次进度: 5/9 (已处理 40/69 帧, 当前批耗时: 9.31s, 平均: 9.31s)
    → 批次进度: 9/9 (已处理 69/69 帧, 当前批耗时: 5.83s, 平均: 8.93s)
    ✓ 所有批次完成: 总耗时 80.33s, 平均 8.93s/批
[006/112] initial: region=5, ep=337, variant=l2, map=selected_region
    → 处理 5 帧...
    → 批次进度: 1/1 (已处理 5/5 帧, 当前批耗时: 8.79s, 平均: 8.79s)
    ✓ 所有批次完成: 总耗时 8.79s, 平均 8.79s/批
    → 批量处理 97 帧 (共13批)...
    → 批次进度: 5/13 (已处理 40/97 帧, 当前批耗时: 9.30s, 平均: 9.25s)
    → 批次进度: 10/13 (已处理 80/97 帧, 当前批耗时: 9.47s, 平均: 9.34s)
    → 批次进度: 13/13 (已处理 97/97 帧, 当前批耗时: 1.22s, 平均: 8.74s)
    ✓ 所有批次完成: 总耗时 113.66s, 平均 8.74s/批
[007/112] initial: region=3, ep=147, variant=l2, map=selected_region
    → 处理 5 帧...
    → 批次进度: 1/1 (已处理 5/5 帧, 当前批耗时: 5.85s, 平均: 5.85s)
    ✓ 所有批次完成: 总耗时 5.85s, 平均 5.85s/批
    → 批量处理 53 帧 (共7批)...
    → 批次进度: 5/7 (已处理 40/53 帧, 当前批耗时: 9.47s, 平均: 9.38s)
    → 批次进度: 7/7 (已处理 53/53 帧, 当前批耗时: 5.91s, 平均: 8.91s)
    ✓ 所有批次完成: 总耗时 62.35s, 平均 8.91s/批
[008/112] initial: region=8, ep=186, variant=l2, map=selected_region
    → 处理 5 帧...
    → 批次进度: 1/1 (已处理 5/5 帧, 当前批耗时: 5.86s, 平均: 5.86s)
    ✓ 所有批次完成: 总耗时 5.86s, 平均 5.86s/批
    → 批量处理 51 帧 (共7批)...
    → 批次进度: 5/7 (已处理 40/51 帧, 当前批耗时: 9.47s, 平均: 9.37s)
    → 批次进度: 7/7 (已处理 51/51 帧, 当前批耗时: 3.51s, 平均: 8.52s)
    ✓ 所有批次完成: 总耗时 59.65s, 平均 8.52s/批
[009/112] adaptive: region=6, ep=238, variant=l2, map=selected_region
    → 处理 5 帧...
    → 批次进度: 1/1 (已处理 5/5 帧, 当前批耗时: 6.06s, 平均: 6.06s)
    ✓ 所有批次完成: 总耗时 6.06s, 平均 6.06s/批
    → 批量处理 53 帧 (共7批)...
    → 批次进度: 5/7 (已处理 40/53 帧, 当前批耗时: 9.34s, 平均: 9.43s)
    → 批次进度: 7/7 (已处理 53/53 帧, 当前批耗时: 5.89s, 平均: 8.91s)
    ✓ 所有批次完成: 总耗时 62.38s, 平均 8.91s/批
[010/112] adaptive: region=7, ep=309, variant=l2, map=selected_region
    → 处理 5 帧...
    → 批次进度: 1/1 (已处理 5/5 帧, 当前批耗时: 6.00s, 平均: 6.00s)
    ✓ 所有批次完成: 总耗时 6.00s, 平均 6.00s/批
    → 批量处理 75 帧 (共10批)...
    → 批次进度: 5/10 (已处理 40/75 帧, 当前批耗时: 9.55s, 平均: 9.79s)
    → 批次进度: 10/10 (已处理 75/75 帧, 当前批耗时: 3.52s, 平均: 9.02s)
    ✓ 所有批次完成: 总耗时 90.22s, 平均 9.02s/批
[011/112] adaptive: region=9, ep=358, variant=l2, map=selected_region
    → 处理 5 帧...
    → 批次进度: 1/1 (已处理 5/5 帧, 当前批耗时: 6.29s, 平均: 6.29s)
    ✓ 所有批次完成: 总耗时 6.29s, 平均 6.29s/批
    → 批量处理 125 帧 (共16批)...
    → 批次进度: 5/16 (已处理 40/125 帧, 当前批耗时: 9.41s, 平均: 9.43s)
    → 批次进度: 10/16 (已处理 80/125 帧, 当前批耗时: 9.45s, 平均: 9.50s)
    → 批次进度: 15/16 (已处理 120/125 帧, 当前批耗时: 9.37s, 平均: 9.46s)
    → 批次进度: 16/16 (已处理 125/125 帧, 当前批耗时: 5.89s, 平均: 9.24s)
    ✓ 所有批次完成: 总耗时 147.79s, 平均 9.24s/批
[012/112] adaptive: region=10, ep=395, variant=l2, map=selected_region
    → 处理 5 帧...
    → 批次进度: 1/1 (已处理 5/5 帧, 当前批耗时: 6.26s, 平均: 6.26s)
    ✓ 所有批次完成: 总耗时 6.26s, 平均 6.26s/批
    → 批量处理 62 帧 (共8批)...
    → 批次进度: 5/8 (已处理 40/62 帧, 当前批耗时: 9.36s, 平均: 9.34s)
    → 批次进度: 8/8 (已处理 62/62 帧, 当前批耗时: 6.98s, 平均: 9.05s)
    ✓ 所有批次完成: 总耗时 72.36s, 平均 9.05s/批
[013/112] adaptive: region=11, ep=206, variant=l2, map=selected_region
    → 处理 5 帧...
    → 批次进度: 1/1 (已处理 5/5 帧, 当前批耗时: 8.88s, 平均: 8.88s)
    ✓ 所有批次完成: 总耗时 8.88s, 平均 8.88s/批
    → 批量处理 57 帧 (共8批)...
    → 批次进度: 5/8 (已处理 40/57 帧, 当前批耗时: 9.29s, 平均: 10.05s)
    → 批次进度: 8/8 (已处理 57/57 帧, 当前批耗时: 1.17s, 平均: 8.75s)
    ✓ 所有批次完成: 总耗时 69.97s, 平均 8.75s/批
[014/112] adaptive: region=12, ep=109, variant=l2, map=selected_region
    → 处理 5 帧...
    → 批次进度: 1/1 (已处理 5/5 帧, 当前批耗时: 5.81s, 平均: 5.81s)
    ✓ 所有批次完成: 总耗时 5.81s, 平均 5.81s/批
    → 批量处理 49 帧 (共7批)...
    → 批次进度: 5/7 (已处理 40/49 帧, 当前批耗时: 9.32s, 平均: 9.32s)
    → 批次进度: 7/7 (已处理 49/49 帧, 当前批耗时: 1.18s, 平均: 8.16s)
    ✓ 所有批次完成: 总耗时 57.10s, 平均 8.16s/批
[015/112] adaptive: region=14, ep=389, variant=l2, map=selected_region
    → 处理 5 帧...
    → 批次进度: 1/1 (已处理 5/5 帧, 当前批耗时: 5.85s, 平均: 5.85s)
    ✓ 所有批次完成: 总耗时 5.85s, 平均 5.85s/批
    → 批量处理 73 帧 (共10批)...
    → 批次进度: 5/10 (已处理 40/73 帧, 当前批耗时: 9.44s, 平均: 9.39s)
    → 批次进度: 10/10 (已处理 73/73 帧, 当前批耗时: 1.20s, 平均: 8.58s)
    ✓ 所有批次完成: 总耗时 85.83s, 平均 8.58s/批
[016/112] adaptive: region=15, ep=82, variant=l2, map=selected_region
    → 处理 5 帧...
    → 批次进度: 1/1 (已处理 5/5 帧, 当前批耗时: 9.05s, 平均: 9.05s)
    ✓ 所有批次完成: 总耗时 9.05s, 平均 9.05s/批
    → 批量处理 49 帧 (共7批)...
    → 批次进度: 5/7 (已处理 40/49 帧, 当前批耗时: 9.38s, 平均: 9.88s)
    → 批次进度: 7/7 (已处理 49/49 帧, 当前批耗时: 1.18s, 平均: 8.57s)
    ✓ 所有批次完成: 总耗时 60.01s, 平均 8.57s/批
[017/112] adaptive: region=16, ep=196, variant=l2, map=selected_region
    → 处理 5 帧...
    → 批次进度: 1/1 (已处理 5/5 帧, 当前批耗时: 5.95s, 平均: 5.95s)
    ✓ 所有批次完成: 总耗时 5.95s, 平均 5.95s/批
    → 批量处理 79 帧 (共10批)...
    → 批次进度: 5/10 (已处理 40/79 帧, 当前批耗时: 9.36s, 平均: 9.37s)
    → 批次进度: 10/10 (已处理 79/79 帧, 当前批耗时: 8.23s, 平均: 9.29s)
    ✓ 所有批次完成: 总耗时 92.94s, 平均 9.29s/批
[018/112] adaptive: region=17, ep=283, variant=l2, map=selected_region
    → 处理 5 帧...
    → 批次进度: 1/1 (已处理 5/5 帧, 当前批耗时: 5.90s, 平均: 5.90s)
    ✓ 所有批次完成: 总耗时 5.90s, 平均 5.90s/批
    → 批量处理 131 帧 (共17批)...
    → 批次进度: 5/17 (已处理 40/131 帧, 当前批耗时: 9.47s, 平均: 9.45s)
    → 批次进度: 10/17 (已处理 80/131 帧, 当前批耗时: 9.34s, 平均: 9.43s)
    → 批次进度: 15/17 (已处理 120/131 帧, 当前批耗时: 9.36s, 平均: 9.42s)
    → 批次进度: 17/17 (已处理 131/131 帧, 当前批耗时: 3.53s, 平均: 9.07s)
    ✓ 所有批次完成: 总耗时 154.19s, 平均 9.07s/批
[019/112] adaptive: region=18, ep=174, variant=l2, map=selected_region
    → 处理 5 帧...
    → 批次进度: 1/1 (已处理 5/5 帧, 当前批耗时: 8.54s, 平均: 8.54s)
    ✓ 所有批次完成: 总耗时 8.54s, 平均 8.54s/批
    → 批量处理 58 帧 (共8批)...
    → 批次进度: 5/8 (已处理 40/58 帧, 当前批耗时: 9.40s, 平均: 10.59s)
    → 批次进度: 8/8 (已处理 58/58 帧, 当前批耗时: 2.42s, 平均: 9.29s)
    ✓ 所有批次完成: 总耗时 74.31s, 平均 9.29s/批
[020/112] adaptive: region=19, ep=110, variant=l2, map=selected_region
    → 处理 5 帧...
    → 批次进度: 1/1 (已处理 5/5 帧, 当前批耗时: 5.99s, 平均: 5.99s)
    ✓ 所有批次完成: 总耗时 5.99s, 平均 5.99s/批
    → 批量处理 75 帧 (共10批)...
    → 批次进度: 5/10 (已处理 40/75 帧, 当前批耗时: 9.50s, 平均: 9.42s)
    → 批次进度: 10/10 (已处理 75/75 帧, 当前批耗时: 3.56s, 平均: 8.83s)
    ✓ 所有批次完成: 总耗时 88.27s, 平均 8.83s/批
[021/112] adaptive: region=20, ep=43, variant=l2, map=selected_region
    → 处理 5 帧...
    → 批次进度: 1/1 (已处理 5/5 帧, 当前批耗时: 5.86s, 平均: 5.86s)
    ✓ 所有批次完成: 总耗时 5.86s, 平均 5.86s/批
    → 批量处理 103 帧 (共13批)...
    → 批次进度: 5/13 (已处理 40/103 帧, 当前批耗时: 9.48s, 平均: 9.38s)
    → 批次进度: 10/13 (已处理 80/103 帧, 当前批耗时: 9.48s, 平均: 9.40s)
    → 批次进度: 13/13 (已处理 103/103 帧, 当前批耗时: 8.29s, 平均: 9.33s)
    ✓ 所有批次完成: 总耗时 121.27s, 平均 9.33s/批
[022/112] adaptive: region=21, ep=375, variant=l2, map=selected_region
    → 处理 5 帧...
    → 批次进度: 1/1 (已处理 5/5 帧, 当前批耗时: 5.91s, 平均: 5.91s)
    ✓ 所有批次完成: 总耗时 5.91s, 平均 5.91s/批
    → 批量处理 75 帧 (共10批)...
    → 批次进度: 5/10 (已处理 40/75 帧, 当前批耗时: 9.46s, 平均: 9.48s)
    → 批次进度: 10/10 (已处理 75/75 帧, 当前批耗时: 3.56s, 平均: 8.88s)
    ✓ 所有批次完成: 总耗时 88.84s, 平均 8.88s/批
[023/112] adaptive: region=22, ep=135, variant=l2, map=selected_region
    → 处理 5 帧...
    → 批次进度: 1/1 (已处理 5/5 帧, 当前批耗时: 5.88s, 平均: 5.88s)
    ✓ 所有批次完成: 总耗时 5.88s, 平均 5.88s/批
    → 批量处理 77 帧 (共10批)...
    → 批次进度: 5/10 (已处理 40/77 帧, 当前批耗时: 9.33s, 平均: 9.39s)
    → 批次进度: 10/10 (已处理 77/77 帧, 当前批耗时: 5.90s, 平均: 9.03s)
    ✓ 所有批次完成: 总耗时 90.32s, 平均 9.03s/批
[024/112] adaptive: region=23, ep=331, variant=l2, map=selected_region
    → 处理 5 帧...
    → 批次进度: 1/1 (已处理 5/5 帧, 当前批耗时: 8.58s, 平均: 8.58s)
    ✓ 所有批次完成: 总耗时 8.58s, 平均 8.58s/批
    → 批量处理 103 帧 (共13批)...
    → 批次进度: 5/13 (已处理 40/103 帧, 当前批耗时: 9.47s, 平均: 9.90s)
    → 批次进度: 10/13 (已处理 80/103 帧, 当前批耗时: 9.48s, 平均: 9.67s)
    → 批次进度: 13/13 (已处理 103/103 帧, 当前批耗时: 8.32s, 平均: 9.53s)
    ✓ 所有批次完成: 总耗时 123.93s, 平均 9.53s/批
[025/112] adaptive: region=24, ep=218, variant=l2, map=selected_region
    → 处理 5 帧...
    → 批次进度: 1/1 (已处理 5/5 帧, 当前批耗时: 6.00s, 平均: 6.00s)
    ✓ 所有批次完成: 总耗时 6.00s, 平均 6.00s/批
    → 批量处理 55 帧 (共7批)...
    → 批次进度: 5/7 (已处理 40/55 帧, 当前批耗时: 9.41s, 平均: 9.47s)
    → 批次进度: 7/7 (已处理 55/55 帧, 当前批耗时: 8.19s, 平均: 9.28s)
    ✓ 所有批次完成: 总耗时 64.93s, 平均 9.28s/批
[026/112] adaptive: region=25, ep=157, variant=l2, map=selected_region
    → 处理 5 帧...
    → 批次进度: 1/1 (已处理 5/5 帧, 当前批耗时: 6.06s, 平均: 6.06s)
    ✓ 所有批次完成: 总耗时 6.06s, 平均 6.06s/批
    → 批量处理 72 帧 (共9批)...
    → 批次进度: 5/9 (已处理 40/72 帧, 当前批耗时: 9.22s, 平均: 9.30s)
    → 批次进度: 9/9 (已处理 72/72 帧, 当前批耗时: 9.45s, 平均: 9.34s)
    ✓ 所有批次完成: 总耗时 84.08s, 平均 9.34s/批
[027/112] adaptive: region=26, ep=311, variant=l2, map=selected_region
    → 处理 5 帧...
    → 批次进度: 1/1 (已处理 5/5 帧, 当前批耗时: 5.88s, 平均: 5.88s)
    ✓ 所有批次完成: 总耗时 5.88s, 平均 5.88s/批
    → 批量处理 92 帧 (共12批)...
    → 批次进度: 5/12 (已处理 40/92 帧, 当前批耗时: 9.51s, 平均: 9.47s)
    → 批次进度: 10/12 (已处理 80/92 帧, 当前批耗时: 9.41s, 平均: 9.45s)
    → 批次进度: 12/12 (已处理 92/92 帧, 当前批耗时: 4.69s, 平均: 9.05s)
    ✓ 所有批次完成: 总耗时 108.57s, 平均 9.05s/批
[028/112] adaptive: region=27, ep=52, variant=l2, map=selected_region
    → 处理 5 帧...
    → 批次进度: 1/1 (已处理 5/5 帧, 当前批耗时: 6.18s, 平均: 6.18s)
    ✓ 所有批次完成: 总耗时 6.18s, 平均 6.18s/批
    → 批量处理 75 帧 (共10批)...
    → 批次进度: 5/10 (已处理 40/75 帧, 当前批耗时: 9.34s, 平均: 9.42s)
    → 批次进度: 10/10 (已处理 75/75 帧, 当前批耗时: 3.51s, 平均: 8.79s)
    ✓ 所有批次完成: 总耗时 87.92s, 平均 8.79s/批
[029/112] adaptive: region=28, ep=383, variant=l2, map=selected_region
    → 处理 5 帧...
    → 批次进度: 1/1 (已处理 5/5 帧, 当前批耗时: 5.88s, 平均: 5.88s)
    ✓ 所有批次完成: 总耗时 5.88s, 平均 5.88s/批
    → 批量处理 51 帧 (共7批)...
    → 批次进度: 5/7 (已处理 40/51 帧, 当前批耗时: 9.36s, 平均: 9.37s)
    → 批次进度: 7/7 (已处理 51/51 帧, 当前批耗时: 3.55s, 平均: 8.54s)
    ✓ 所有批次完成: 总耗时 59.75s, 平均 8.54s/批
[030/112] adaptive: region=29, ep=176, variant=l2, map=selected_region
    → 处理 5 帧...
    → 批次进度: 1/1 (已处理 5/5 帧, 当前批耗时: 5.87s, 平均: 5.87s)
    ✓ 所有批次完成: 总耗时 5.87s, 平均 5.87s/批
    → 批量处理 48 帧 (共6批)...
    → 批次进度: 5/6 (已处理 40/48 帧, 当前批耗时: 9.41s, 平均: 9.42s)
    → 批次进度: 6/6 (已处理 48/48 帧, 当前批耗时: 9.42s, 平均: 9.42s)
    ✓ 所有批次完成: 总耗时 56.50s, 平均 9.42s/批
[031/112] adaptive: region=30, ep=291, variant=l2, map=selected_region
    → 处理 5 帧...
    → 批次进度: 1/1 (已处理 5/5 帧, 当前批耗时: 5.89s, 平均: 5.89s)
    ✓ 所有批次完成: 总耗时 5.89s, 平均 5.89s/批
    → 批量处理 48 帧 (共6批)...
    → 批次进度: 5/6 (已处理 40/48 帧, 当前批耗时: 9.41s, 平均: 9.37s)
    → 批次进度: 6/6 (已处理 48/48 帧, 当前批耗时: 9.53s, 平均: 9.40s)
    ✓ 所有批次完成: 总耗时 56.40s, 平均 9.40s/批
[032/112] adaptive: region=31, ep=25, variant=l2, map=selected_region
    → 处理 5 帧...
    → 批次进度: 1/1 (已处理 5/5 帧, 当前批耗时: 5.93s, 平均: 5.93s)
    ✓ 所有批次完成: 总耗时 5.93s, 平均 5.93s/批
    → 批量处理 95 帧 (共12批)...
    → 批次进度: 5/12 (已处理 40/95 帧, 当前批耗时: 9.37s, 平均: 9.35s)
    → 批次进度: 10/12 (已处理 80/95 帧, 当前批耗时: 9.37s, 平均: 9.38s)
    → 批次进度: 12/12 (已处理 95/95 帧, 当前批耗时: 8.06s, 平均: 9.26s)
    ✓ 所有批次完成: 总耗时 111.07s, 平均 9.26s/批
[033/112] adaptive: region=32, ep=78, variant=l2, map=selected_region
    → 处理 5 帧...
    → 批次进度: 1/1 (已处理 5/5 帧, 当前批耗时: 5.89s, 平均: 5.89s)
    ✓ 所有批次完成: 总耗时 5.89s, 平均 5.89s/批
    → 批量处理 75 帧 (共10批)...
    → 批次进度: 5/10 (已处理 40/75 帧, 当前批耗时: 9.36s, 平均: 9.35s)
    → 批次进度: 10/10 (已处理 75/75 帧, 当前批耗时: 3.49s, 平均: 8.78s)
    ✓ 所有批次完成: 总耗时 87.79s, 平均 8.78s/批
[034/112] adaptive: region=33, ep=377, variant=l2, map=selected_region
    → 处理 5 帧...
    → 批次进度: 1/1 (已处理 5/5 帧, 当前批耗时: 5.90s, 平均: 5.90s)
    ✓ 所有批次完成: 总耗时 5.90s, 平均 5.90s/批
    → 批量处理 50 帧 (共7批)...
    → 批次进度: 5/7 (已处理 40/50 帧, 当前批耗时: 9.50s, 平均: 9.40s)
    → 批次进度: 7/7 (已处理 50/50 帧, 当前批耗时: 2.40s, 平均: 8.40s)
    ✓ 所有批次完成: 总耗时 58.80s, 平均 8.40s/批
[035/112] adaptive: region=34, ep=385, variant=l2, map=selected_region
    → 处理 5 帧...
    → 批次进度: 1/1 (已处理 5/5 帧, 当前批耗时: 5.92s, 平均: 5.92s)
    ✓ 所有批次完成: 总耗时 5.92s, 平均 5.92s/批
    → 批量处理 61 帧 (共8批)...
    → 批次进度: 5/8 (已处理 40/61 帧, 当前批耗时: 9.54s, 平均: 9.44s)
    → 批次进度: 8/8 (已处理 61/61 帧, 当前批耗时: 6.02s, 平均: 9.05s)
    ✓ 所有批次完成: 总耗时 72.43s, 平均 9.05s/批
[036/112] adaptive: region=35, ep=113, variant=l2, map=selected_region
    → 处理 5 帧...
    → 批次进度: 1/1 (已处理 5/5 帧, 当前批耗时: 7.62s, 平均: 7.62s)
    ✓ 所有批次完成: 总耗时 7.62s, 平均 7.62s/批
    → 批量处理 50 帧 (共7批)...
    → 批次进度: 5/7 (已处理 40/50 帧, 当前批耗时: 10.14s, 平均: 10.44s)
    → 批次进度: 7/7 (已处理 50/50 帧, 当前批耗时: 2.41s, 平均: 9.25s)
    ✓ 所有批次完成: 总耗时 64.73s, 平均 9.25s/批
[037/112] adaptive: region=36, ep=292, variant=l2, map=selected_region
    → 处理 5 帧...
    → 批次进度: 1/1 (已处理 5/5 帧, 当前批耗时: 6.26s, 平均: 6.26s)
    ✓ 所有批次完成: 总耗时 6.26s, 平均 6.26s/批
    → 批量处理 38 帧 (共5批)...
    → 批次进度: 5/5 (已处理 38/38 帧, 当前批耗时: 7.46s, 平均: 9.54s)
    ✓ 所有批次完成: 总耗时 47.68s, 平均 9.54s/批
[038/112] adaptive: region=37, ep=161, variant=l2, map=selected_region
    → 处理 5 帧...
    → 批次进度: 1/1 (已处理 5/5 帧, 当前批耗时: 6.11s, 平均: 6.11s)
    ✓ 所有批次完成: 总耗时 6.11s, 平均 6.11s/批
    → 批量处理 75 帧 (共10批)...
    → 批次进度: 5/10 (已处理 40/75 帧, 当前批耗时: 10.11s, 平均: 9.89s)
    → 批次进度: 10/10 (已处理 75/75 帧, 当前批耗时: 3.79s, 平均: 9.34s)
    ✓ 所有批次完成: 总耗时 93.44s, 平均 9.34s/批
[039/112] adaptive: region=38, ep=253, variant=l2, map=selected_region
    → 处理 5 帧...
    → 批次进度: 1/1 (已处理 5/5 帧, 当前批耗时: 9.13s, 平均: 9.13s)
    ✓ 所有批次完成: 总耗时 9.13s, 平均 9.13s/批
    → 批量处理 43 帧 (共6批)...
    → 批次进度: 5/6 (已处理 40/43 帧, 当前批耗时: 9.83s, 平均: 10.29s)
    → 批次进度: 6/6 (已处理 43/43 帧, 当前批耗时: 3.74s, 平均: 9.20s)
    ✓ 所有批次完成: 总耗时 55.18s, 平均 9.20s/批
[040/112] adaptive: region=39, ep=166, variant=l2, map=selected_region
    → 处理 5 帧...
    → 批次进度: 1/1 (已处理 5/5 帧, 当前批耗时: 6.93s, 平均: 6.93s)
    ✓ 所有批次完成: 总耗时 6.93s, 平均 6.93s/批
    → 批量处理 68 帧 (共9批)...
    → 批次进度: 5/9 (已处理 40/68 帧, 当前批耗时: 10.12s, 平均: 10.12s)
    → 批次进度: 9/9 (已处理 68/68 帧, 当前批耗时: 4.93s, 平均: 9.52s)
    ✓ 所有批次完成: 总耗时 85.68s, 平均 9.52s/批
[041/112] adaptive: region=9, ep=341, variant=l2, map=selected_region
    → 处理 5 帧...
    → 批次进度: 1/1 (已处理 5/5 帧, 当前批耗时: 9.64s, 平均: 9.64s)
    ✓ 所有批次完成: 总耗时 9.64s, 平均 9.64s/批
    → 批量处理 42 帧 (共6批)...
    → 批次进度: 5/6 (已处理 40/42 帧, 当前批耗时: 9.99s, 平均: 11.11s)
    → 批次进度: 6/6 (已处理 42/42 帧, 当前批耗时: 2.57s, 平均: 9.69s)
    ✓ 所有批次完成: 总耗时 58.13s, 平均 9.69s/批
[042/112] adaptive: region=9, ep=9, variant=l2, map=selected_region
    → 处理 5 帧...
    → 批次进度: 1/1 (已处理 5/5 帧, 当前批耗时: 6.25s, 平均: 6.25s)
    ✓ 所有批次完成: 总耗时 6.25s, 平均 6.25s/批
    → 批量处理 73 帧 (共10批)...
    → 批次进度: 5/10 (已处理 40/73 帧, 当前批耗时: 10.10s, 平均: 10.08s)
    → 批次进度: 10/10 (已处理 73/73 帧, 当前批耗时: 1.30s, 平均: 9.19s)
    ✓ 所有批次完成: 总耗时 91.95s, 平均 9.19s/批
[043/112] adaptive: region=9, ep=259, variant=l2, map=selected_region
    → 处理 5 帧...
    → 批次进度: 1/1 (已处理 5/5 帧, 当前批耗时: 6.28s, 平均: 6.28s)
    ✓ 所有批次完成: 总耗时 6.28s, 平均 6.28s/批
    → 批量处理 89 帧 (共12批)...
    → 批次进度: 5/12 (已处理 40/89 帧, 当前批耗时: 9.89s, 平均: 9.83s)
    → 批次进度: 10/12 (已处理 80/89 帧, 当前批耗时: 9.95s, 平均: 9.89s)
    → 批次进度: 12/12 (已处理 89/89 帧, 当前批耗时: 1.22s, 平均: 9.17s)
    ✓ 所有批次完成: 总耗时 110.08s, 平均 9.17s/批
[044/112] adaptive: region=9, ep=339, variant=l2, map=selected_region
    → 处理 5 帧...
    → 批次进度: 1/1 (已处理 5/5 帧, 当前批耗时: 9.29s, 平均: 9.29s)
    ✓ 所有批次完成: 总耗时 9.29s, 平均 9.29s/批
    → 批量处理 44 帧 (共6批)...
    → 批次进度: 5/6 (已处理 40/44 帧, 当前批耗时: 9.81s, 平均: 9.87s)
    → 批次进度: 6/6 (已处理 44/44 帧, 当前批耗时: 4.96s, 平均: 9.06s)
    ✓ 所有批次完成: 总耗时 54.33s, 平均 9.06s/批
[045/112] adaptive: region=9, ep=321, variant=l2, map=selected_region
    → 处理 5 帧...
    → 批次进度: 1/1 (已处理 5/5 帧, 当前批耗时: 6.18s, 平均: 6.18s)
    ✓ 所有批次完成: 总耗时 6.18s, 平均 6.18s/批
    → 批量处理 78 帧 (共10批)...
    → 批次进度: 5/10 (已处理 40/78 帧, 当前批耗时: 9.77s, 平均: 9.82s)
    → 批次进度: 10/10 (已处理 78/78 帧, 当前批耗时: 7.20s, 平均: 9.49s)
    ✓ 所有批次完成: 总耗时 94.88s, 平均 9.49s/批
[046/112] adaptive: region=9, ep=68, variant=l2, map=selected_region
    → 处理 5 帧...
    → 批次进度: 1/1 (已处理 5/5 帧, 当前批耗时: 6.41s, 平均: 6.41s)
    ✓ 所有批次完成: 总耗时 6.41s, 平均 6.41s/批
    → 批量处理 94 帧 (共12批)...
    → 批次进度: 5/12 (已处理 40/94 帧, 当前批耗时: 9.88s, 平均: 9.94s)
    → 批次进度: 10/12 (已处理 80/94 帧, 当前批耗时: 9.92s, 平均: 9.91s)
    → 批次进度: 12/12 (已处理 94/94 帧, 当前批耗时: 7.49s, 平均: 9.71s)
    ✓ 所有批次完成: 总耗时 116.54s, 平均 9.71s/批
[047/112] adaptive: region=9, ep=209, variant=l2, map=selected_region
    → 处理 5 帧...
    → 批次进度: 1/1 (已处理 5/5 帧, 当前批耗时: 6.25s, 平均: 6.25s)
    ✓ 所有批次完成: 总耗时 6.25s, 平均 6.25s/批
    → 批量处理 80 帧 (共10批)...
    → 批次进度: 5/10 (已处理 40/80 帧, 当前批耗时: 9.86s, 平均: 9.86s)
    → 批次进度: 10/10 (已处理 80/80 帧, 当前批耗时: 9.95s, 平均: 9.91s)
    ✓ 所有批次完成: 总耗时 99.13s, 平均 9.91s/批
[048/112] adaptive: region=9, ep=70, variant=l2, map=selected_region
    → 处理 5 帧...
    → 批次进度: 1/1 (已处理 5/5 帧, 当前批耗时: 6.32s, 平均: 6.32s)
    ✓ 所有批次完成: 总耗时 6.32s, 平均 6.32s/批
    → 批量处理 57 帧 (共8批)...
    → 批次进度: 5/8 (已处理 40/57 帧, 当前批耗时: 9.83s, 平均: 9.85s)
    → 批次进度: 8/8 (已处理 57/57 帧, 当前批耗时: 1.27s, 平均: 8.77s)
    ✓ 所有批次完成: 总耗时 70.15s, 平均 8.77s/批
[049/112] adaptive: region=9, ep=8, variant=l2, map=selected_region
    → 处理 5 帧...
    → 批次进度: 1/1 (已处理 5/5 帧, 当前批耗时: 8.32s, 平均: 8.32s)
    ✓ 所有批次完成: 总耗时 8.32s, 平均 8.32s/批
    → 批量处理 77 帧 (共10批)...
    → 批次进度: 5/10 (已处理 40/77 帧, 当前批耗时: 9.89s, 平均: 9.82s)
    → 批次进度: 10/10 (已处理 77/77 帧, 当前批耗时: 6.22s, 平均: 9.46s)
    ✓ 所有批次完成: 总耗时 94.63s, 平均 9.46s/批
[050/112] adaptive: region=9, ep=214, variant=l2, map=selected_region
    → 处理 5 帧...
    → 批次进度: 1/1 (已处理 5/5 帧, 当前批耗时: 6.32s, 平均: 6.32s)
    ✓ 所有批次完成: 总耗时 6.32s, 平均 6.32s/批
    → 批量处理 41 帧 (共6批)...
    → 批次进度: 5/6 (已处理 40/41 帧, 当前批耗时: 9.90s, 平均: 9.88s)
    → 批次进度: 6/6 (已处理 41/41 帧, 当前批耗时: 1.20s, 平均: 8.44s)
    ✓ 所有批次完成: 总耗时 50.62s, 平均 8.44s/批
[051/112] adaptive: region=9, ep=112, variant=l2, map=selected_region
    → 处理 5 帧...
    → 批次进度: 1/1 (已处理 5/5 帧, 当前批耗时: 6.17s, 平均: 6.17s)
    ✓ 所有批次完成: 总耗时 6.17s, 平均 6.17s/批
    → 批量处理 103 帧 (共13批)...
    → 批次进度: 5/13 (已处理 40/103 帧, 当前批耗时: 9.76s, 平均: 9.87s)
    → 批次进度: 10/13 (已处理 80/103 帧, 当前批耗时: 10.26s, 平均: 10.02s)
    → 批次进度: 13/13 (已处理 103/103 帧, 当前批耗时: 8.67s, 平均: 9.95s)
    ✓ 所有批次完成: 总耗时 129.38s, 平均 9.95s/批
[052/112] adaptive: region=9, ep=355, variant=l2, map=selected_region
    → 处理 5 帧...
    → 批次进度: 1/1 (已处理 5/5 帧, 当前批耗时: 6.20s, 平均: 6.20s)
    ✓ 所有批次完成: 总耗时 6.20s, 平均 6.20s/批
    → 批量处理 102 帧 (共13批)...
    → 批次进度: 5/13 (已处理 40/102 帧, 当前批耗时: 9.65s, 平均: 9.83s)
    → 批次进度: 10/13 (已处理 80/102 帧, 当前批耗时: 9.84s, 平均: 9.81s)
    → 批次进度: 13/13 (已处理 102/102 帧, 当前批耗时: 7.22s, 平均: 9.60s)
    ✓ 所有批次完成: 总耗时 124.74s, 平均 9.60s/批
[053/112] adaptive: region=9, ep=254, variant=l2, map=selected_region
    → 处理 5 帧...
    → 批次进度: 1/1 (已处理 5/5 帧, 当前批耗时: 6.17s, 平均: 6.17s)
    ✓ 所有批次完成: 总耗时 6.17s, 平均 6.17s/批
    → 批量处理 77 帧 (共10批)...
    → 批次进度: 5/10 (已处理 40/77 帧, 当前批耗时: 9.81s, 平均: 9.82s)
    → 批次进度: 10/10 (已处理 77/77 帧, 当前批耗时: 6.13s, 平均: 9.45s)
    ✓ 所有批次完成: 总耗时 94.54s, 平均 9.45s/批
[054/112] adaptive: region=9, ep=263, variant=l2, map=selected_region
    → 处理 5 帧...
    → 批次进度: 1/1 (已处理 5/5 帧, 当前批耗时: 8.89s, 平均: 8.89s)
    ✓ 所有批次完成: 总耗时 8.89s, 平均 8.89s/批
    → 批量处理 77 帧 (共10批)...
    → 批次进度: 5/10 (已处理 40/77 帧, 当前批耗时: 10.11s, 平均: 10.87s)
    → 批次进度: 10/10 (已处理 77/77 帧, 当前批耗时: 6.27s, 平均: 10.07s)
    ✓ 所有批次完成: 总耗时 100.73s, 平均 10.07s/批
[055/112] adaptive: region=9, ep=187, variant=l2, map=selected_region
    → 处理 5 帧...
    → 批次进度: 1/1 (已处理 5/5 帧, 当前批耗时: 6.33s, 平均: 6.33s)
    ✓ 所有批次完成: 总耗时 6.33s, 平均 6.33s/批
    → 批量处理 84 帧 (共11批)...
    → 批次进度: 5/11 (已处理 40/84 帧, 当前批耗时: 9.87s, 平均: 9.88s)
    → 批次进度: 10/11 (已处理 80/84 帧, 当前批耗时: 10.22s, 平均: 9.87s)
    → 批次进度: 11/11 (已处理 84/84 帧, 当前批耗时: 5.14s, 平均: 9.44s)
    ✓ 所有批次完成: 总耗时 103.82s, 平均 9.44s/批
[056/112] adaptive: region=9, ep=169, variant=l2, map=selected_region
    → 处理 5 帧...
    → 批次进度: 1/1 (已处理 5/5 帧, 当前批耗时: 6.27s, 平均: 6.27s)
    ✓ 所有批次完成: 总耗时 6.27s, 平均 6.27s/批
    → 批量处理 71 帧 (共9批)...
    → 批次进度: 5/9 (已处理 40/71 帧, 当前批耗时: 9.84s, 平均: 9.83s)
    → 批次进度: 9/9 (已处理 71/71 帧, 当前批耗时: 8.76s, 平均: 9.85s)
    ✓ 所有批次完成: 总耗时 88.61s, 平均 9.85s/批
[057/112] adaptive: region=9, ep=10, variant=l2, map=selected_region
    → 处理 5 帧...
    → 批次进度: 1/1 (已处理 5/5 帧, 当前批耗时: 6.24s, 平均: 6.24s)
    ✓ 所有批次完成: 总耗时 6.24s, 平均 6.24s/批
    → 批量处理 93 帧 (共12批)...
    → 批次进度: 5/12 (已处理 40/93 帧, 当前批耗时: 9.90s, 平均: 9.83s)
    → 批次进度: 10/12 (已处理 80/93 帧, 当前批耗时: 9.96s, 平均: 9.90s)
    → 批次进度: 12/12 (已处理 93/93 帧, 当前批耗时: 6.19s, 平均: 9.60s)
    ✓ 所有批次完成: 总耗时 115.16s, 平均 9.60s/批
[058/112] adaptive: region=9, ep=35, variant=l2, map=selected_region
    → 处理 5 帧...
    → 批次进度: 1/1 (已处理 5/5 帧, 当前批耗时: 9.46s, 平均: 9.46s)
    ✓ 所有批次完成: 总耗时 9.46s, 平均 9.46s/批
    → 批量处理 41 帧 (共6批)...
    → 批次进度: 5/6 (已处理 40/41 帧, 当前批耗时: 9.81s, 平均: 9.90s)
    → 批次进度: 6/6 (已处理 41/41 帧, 当前批耗时: 1.18s, 平均: 8.44s)
    ✓ 所有批次完成: 总耗时 50.67s, 平均 8.44s/批
[059/112] adaptive: region=9, ep=241, variant=l2, map=selected_region
    → 处理 5 帧...
    → 批次进度: 1/1 (已处理 5/5 帧, 当前批耗时: 6.13s, 平均: 6.13s)
    ✓ 所有批次完成: 总耗时 6.13s, 平均 6.13s/批
    → 批量处理 85 帧 (共11批)...
    → 批次进度: 5/11 (已处理 40/85 帧, 当前批耗时: 9.90s, 平均: 9.90s)
    → 批次进度: 10/11 (已处理 80/85 帧, 当前批耗时: 9.90s, 平均: 9.91s)
    → 批次进度: 11/11 (已处理 85/85 帧, 当前批耗时: 6.27s, 平均: 9.58s)
    ✓ 所有批次完成: 总耗时 105.34s, 平均 9.58s/批
[060/112] adaptive: region=9, ep=317, variant=l2, map=selected_region
    → 处理 5 帧...
    → 批次进度: 1/1 (已处理 5/5 帧, 当前批耗时: 9.17s, 平均: 9.17s)
    ✓ 所有批次完成: 总耗时 9.17s, 平均 9.17s/批
    → 批量处理 77 帧 (共10批)...
    → 批次进度: 5/10 (已处理 40/77 帧, 当前批耗时: 9.77s, 平均: 10.43s)
    → 批次进度: 10/10 (已处理 77/77 帧, 当前批耗时: 6.16s, 平均: 9.79s)
    ✓ 所有批次完成: 总耗时 97.90s, 平均 9.79s/批
[061/112] adaptive: region=9, ep=138, variant=l2, map=selected_region
    → 处理 5 帧...
    → 批次进度: 1/1 (已处理 5/5 帧, 当前批耗时: 6.17s, 平均: 6.17s)
    ✓ 所有批次完成: 总耗时 6.17s, 平均 6.17s/批
    → 批量处理 98 帧 (共13批)...
    → 批次进度: 5/13 (已处理 40/98 帧, 当前批耗时: 9.84s, 平均: 9.91s)
    → 批次进度: 10/13 (已处理 80/98 帧, 当前批耗时: 9.86s, 平均: 9.89s)
    → 批次进度: 13/13 (已处理 98/98 帧, 当前批耗时: 2.42s, 平均: 9.29s)
    ✓ 所有批次完成: 总耗时 120.77s, 平均 9.29s/批
[062/112] adaptive: region=38, ep=97, variant=l2, map=selected_region
    → 处理 5 帧...
    → 批次进度: 1/1 (已处理 5/5 帧, 当前批耗时: 6.17s, 平均: 6.17s)
    ✓ 所有批次完成: 总耗时 6.17s, 平均 6.17s/批
    → 批量处理 72 帧 (共9批)...
    → 批次进度: 5/9 (已处理 40/72 帧, 当前批耗时: 9.81s, 平均: 9.86s)
    → 批次进度: 9/9 (已处理 72/72 帧, 当前批耗时: 9.77s, 平均: 9.86s)
    ✓ 所有批次完成: 总耗时 88.72s, 平均 9.86s/批
[063/112] adaptive: region=38, ep=353, variant=l2, map=selected_region
    → 处理 5 帧...
    → 批次进度: 1/1 (已处理 5/5 帧, 当前批耗时: 6.43s, 平均: 6.43s)
    ✓ 所有批次完成: 总耗时 6.43s, 平均 6.43s/批
    → 批量处理 85 帧 (共11批)...
    → 批次进度: 5/11 (已处理 40/85 帧, 当前批耗时: 9.79s, 平均: 9.84s)
    → 批次进度: 10/11 (已处理 80/85 帧, 当前批耗时: 9.82s, 平均: 9.97s)
    → 批次进度: 11/11 (已处理 85/85 帧, 当前批耗时: 6.01s, 平均: 9.61s)
    ✓ 所有批次完成: 总耗时 105.74s, 平均 9.61s/批
[064/112] adaptive: region=38, ep=190, variant=l2, map=selected_region
    → 处理 5 帧...
    → 批次进度: 1/1 (已处理 5/5 帧, 当前批耗时: 9.37s, 平均: 9.37s)
    ✓ 所有批次完成: 总耗时 9.37s, 平均 9.37s/批
    → 批量处理 72 帧 (共9批)...
    → 批次进度: 5/9 (已处理 40/72 帧, 当前批耗时: 9.91s, 平均: 11.06s)
    → 批次进度: 9/9 (已处理 72/72 帧, 当前批耗时: 9.87s, 平均: 10.54s)
    ✓ 所有批次完成: 总耗时 94.83s, 平均 10.54s/批
[065/112] adaptive: region=38, ep=308, variant=l2, map=selected_region
    → 处理 5 帧...
    → 批次进度: 1/1 (已处理 5/5 帧, 当前批耗时: 6.34s, 平均: 6.34s)
    ✓ 所有批次完成: 总耗时 6.34s, 平均 6.34s/批
    → 批量处理 42 帧 (共6批)...
    → 批次进度: 5/6 (已处理 40/42 帧, 当前批耗时: 9.73s, 平均: 9.80s)
    → 批次进度: 6/6 (已处理 42/42 帧, 当前批耗时: 2.46s, 平均: 8.58s)
    ✓ 所有批次完成: 总耗时 51.47s, 平均 8.58s/批
[066/112] adaptive: region=38, ep=227, variant=l2, map=selected_region
    → 处理 5 帧...
    → 批次进度: 1/1 (已处理 5/5 帧, 当前批耗时: 6.11s, 平均: 6.11s)
    ✓ 所有批次完成: 总耗时 6.11s, 平均 6.11s/批
    → 批量处理 43 帧 (共6批)...
    → 批次进度: 5/6 (已处理 40/43 帧, 当前批耗时: 9.85s, 平均: 9.78s)
    → 批次进度: 6/6 (已处理 43/43 帧, 当前批耗时: 3.72s, 平均: 8.77s)
    ✓ 所有批次完成: 总耗时 52.61s, 平均 8.77s/批
[067/112] adaptive: region=38, ep=336, variant=l2, map=selected_region
    → 处理 5 帧...
    → 批次进度: 1/1 (已处理 5/5 帧, 当前批耗时: 6.40s, 平均: 6.40s)
    ✓ 所有批次完成: 总耗时 6.40s, 平均 6.40s/批
    → 批量处理 99 帧 (共13批)...
    → 批次进度: 5/13 (已处理 40/99 帧, 当前批耗时: 9.87s, 平均: 9.92s)
    → 批次进度: 10/13 (已处理 80/99 帧, 当前批耗时: 9.75s, 平均: 9.87s)
    → 批次进度: 13/13 (已处理 99/99 帧, 当前批耗时: 3.75s, 平均: 9.38s)
    ✓ 所有批次完成: 总耗时 121.89s, 平均 9.38s/批
[068/112] adaptive: region=38, ep=171, variant=l2, map=selected_region
    → 处理 5 帧...
    → 批次进度: 1/1 (已处理 5/5 帧, 当前批耗时: 6.22s, 平均: 6.22s)
    ✓ 所有批次完成: 总耗时 6.22s, 平均 6.22s/批
    → 批量处理 40 帧 (共5批)...
    → 批次进度: 5/5 (已处理 40/40 帧, 当前批耗时: 9.74s, 平均: 9.80s)
    ✓ 所有批次完成: 总耗时 48.98s, 平均 9.80s/批
[069/112] adaptive: region=38, ep=65, variant=l2, map=selected_region
    → 处理 5 帧...
    → 批次进度: 1/1 (已处理 5/5 帧, 当前批耗时: 6.16s, 平均: 6.16s)
    ✓ 所有批次完成: 总耗时 6.16s, 平均 6.16s/批
    → 批量处理 76 帧 (共10批)...
    → 批次进度: 5/10 (已处理 40/76 帧, 当前批耗时: 9.98s, 平均: 9.91s)
    → 批次进度: 10/10 (已处理 76/76 帧, 当前批耗时: 4.93s, 平均: 9.43s)
    ✓ 所有批次完成: 总耗时 94.32s, 平均 9.43s/批
[070/112] adaptive: region=38, ep=118, variant=l2, map=selected_region
    → 处理 5 帧...
    → 批次进度: 1/1 (已处理 5/5 帧, 当前批耗时: 6.27s, 平均: 6.27s)
    ✓ 所有批次完成: 总耗时 6.27s, 平均 6.27s/批
    → 批量处理 77 帧 (共10批)...
    → 批次进度: 5/10 (已处理 40/77 帧, 当前批耗时: 9.84s, 平均: 9.74s)
    → 批次进度: 10/10 (已处理 77/77 帧, 当前批耗时: 6.22s, 平均: 9.50s)
    ✓ 所有批次完成: 总耗时 94.95s, 平均 9.50s/批
[071/112] adaptive: region=38, ep=114, variant=l2, map=selected_region
    → 处理 5 帧...
    → 批次进度: 1/1 (已处理 5/5 帧, 当前批耗时: 6.23s, 平均: 6.23s)
    ✓ 所有批次完成: 总耗时 6.23s, 平均 6.23s/批
    → 批量处理 42 帧 (共6批)...
    → 批次进度: 5/6 (已处理 40/42 帧, 当前批耗时: 10.02s, 平均: 9.83s)
    → 批次进度: 6/6 (已处理 42/42 帧, 当前批耗时: 2.46s, 平均: 8.60s)
    ✓ 所有批次完成: 总耗时 51.61s, 平均 8.60s/批
[072/112] adaptive: region=38, ep=38, variant=l2, map=selected_region
    → 处理 5 帧...
    → 批次进度: 1/1 (已处理 5/5 帧, 当前批耗时: 6.41s, 平均: 6.41s)
    ✓ 所有批次完成: 总耗时 6.41s, 平均 6.41s/批
    → 批量处理 54 帧 (共7批)...
    → 批次进度: 5/7 (已处理 40/54 帧, 当前批耗时: 10.08s, 平均: 10.11s)
    → 批次进度: 7/7 (已处理 54/54 帧, 当前批耗时: 7.60s, 平均: 9.74s)
    ✓ 所有批次完成: 总耗时 68.18s, 平均 9.74s/批
[073/112] adaptive: region=38, ep=250, variant=l2, map=selected_region
    → 处理 5 帧...
    → 批次进度: 1/1 (已处理 5/5 帧, 当前批耗时: 9.64s, 平均: 9.64s)
    ✓ 所有批次完成: 总耗时 9.64s, 平均 9.64s/批
    → 批量处理 41 帧 (共6批)...
    → 批次进度: 5/6 (已处理 40/41 帧, 当前批耗时: 10.00s, 平均: 11.34s)
    → 批次进度: 6/6 (已处理 41/41 帧, 当前批耗时: 1.22s, 平均: 9.65s)
    ✓ 所有批次完成: 总耗时 57.90s, 平均 9.65s/批
[074/112] adaptive: region=38, ep=175, variant=l2, map=selected_region
    → 处理 5 帧...
    → 批次进度: 1/1 (已处理 5/5 帧, 当前批耗时: 6.07s, 平均: 6.07s)
    ✓ 所有批次完成: 总耗时 6.07s, 平均 6.07s/批
    → 批量处理 100 帧 (共13批)...
    → 批次进度: 5/13 (已处理 40/100 帧, 当前批耗时: 10.16s, 平均: 9.96s)
    → 批次进度: 10/13 (已处理 80/100 帧, 当前批耗时: 10.50s, 平均: 10.60s)
    → 批次进度: 13/13 (已处理 100/100 帧, 当前批耗时: 5.06s, 平均: 10.08s)
    ✓ 所有批次完成: 总耗时 131.01s, 平均 10.08s/批
[075/112] adaptive: region=38, ep=393, variant=l2, map=selected_region
    → 处理 5 帧...
    → 批次进度: 1/1 (已处理 5/5 帧, 当前批耗时: 6.28s, 平均: 6.28s)
    ✓ 所有批次完成: 总耗时 6.28s, 平均 6.28s/批
    → 批量处理 74 帧 (共10批)...
    → 批次进度: 5/10 (已处理 40/74 帧, 当前批耗时: 9.97s, 平均: 10.04s)
    → 批次进度: 10/10 (已处理 74/74 帧, 当前批耗时: 2.61s, 平均: 9.29s)
    ✓ 所有批次完成: 总耗时 92.85s, 平均 9.29s/批
[076/112] adaptive: region=38, ep=338, variant=l2, map=selected_region
    → 处理 5 帧...
    → 批次进度: 1/1 (已处理 5/5 帧, 当前批耗时: 6.36s, 平均: 6.36s)
    ✓ 所有批次完成: 总耗时 6.36s, 平均 6.36s/批
    → 批量处理 43 帧 (共6批)...
    → 批次进度: 5/6 (已处理 40/43 帧, 当前批耗时: 9.83s, 平均: 9.87s)
    → 批次进度: 6/6 (已处理 43/43 帧, 当前批耗时: 3.67s, 平均: 8.83s)
    ✓ 所有批次完成: 总耗时 53.01s, 平均 8.83s/批
[077/112] adaptive: region=38, ep=81, variant=l2, map=selected_region
    → 处理 5 帧...
    → 批次进度: 1/1 (已处理 5/5 帧, 当前批耗时: 8.95s, 平均: 8.95s)
    ✓ 所有批次完成: 总耗时 8.95s, 平均 8.95s/批
    → 批量处理 70 帧 (共9批)...
    → 批次进度: 5/9 (已处理 40/70 帧, 当前批耗时: 10.09s, 平均: 10.53s)
    → 批次进度: 9/9 (已处理 70/70 帧, 当前批耗时: 7.58s, 平均: 10.01s)
    ✓ 所有批次完成: 总耗时 90.11s, 平均 10.01s/批
[078/112] adaptive: region=38, ep=58, variant=l2, map=selected_region
    → 处理 5 帧...
    → 批次进度: 1/1 (已处理 5/5 帧, 当前批耗时: 9.79s, 平均: 9.79s)
    ✓ 所有批次完成: 总耗时 9.79s, 平均 9.79s/批
    → 批量处理 67 帧 (共9批)...
    → 批次进度: 5/9 (已处理 40/67 帧, 当前批耗时: 10.09s, 平均: 10.48s)
    → 批次进度: 9/9 (已处理 67/67 帧, 当前批耗时: 3.95s, 平均: 9.71s)
    ✓ 所有批次完成: 总耗时 87.43s, 平均 9.71s/批
[079/112] adaptive: region=13, ep=216, variant=l2, map=selected_region
    → 处理 5 帧...
    → 批次进度: 1/1 (已处理 5/5 帧, 当前批耗时: 6.27s, 平均: 6.27s)
    ✓ 所有批次完成: 总耗时 6.27s, 平均 6.27s/批
    → 批量处理 95 帧 (共12批)...
    → 批次进度: 5/12 (已处理 40/95 帧, 当前批耗时: 10.05s, 平均: 9.95s)
    → 批次进度: 10/12 (已处理 80/95 帧, 当前批耗时: 9.86s, 平均: 9.94s)
    → 批次进度: 12/12 (已处理 95/95 帧, 当前批耗时: 8.94s, 平均: 9.88s)
    ✓ 所有批次完成: 总耗时 118.53s, 平均 9.88s/批
[080/112] adaptive: region=13, ep=62, variant=l2, map=selected_region
    → 处理 5 帧...
    → 批次进度: 1/1 (已处理 5/5 帧, 当前批耗时: 6.22s, 平均: 6.22s)
    ✓ 所有批次完成: 总耗时 6.22s, 平均 6.22s/批
    → 批量处理 38 帧 (共5批)...
    → 批次进度: 5/5 (已处理 38/38 帧, 当前批耗时: 7.70s, 平均: 9.68s)
    ✓ 所有批次完成: 总耗时 48.40s, 平均 9.68s/批
[081/112] adaptive: region=13, ep=89, variant=l2, map=selected_region
    → 处理 5 帧...
    → 批次进度: 1/1 (已处理 5/5 帧, 当前批耗时: 8.44s, 平均: 8.44s)
    ✓ 所有批次完成: 总耗时 8.44s, 平均 8.44s/批
    → 批量处理 53 帧 (共7批)...
    → 批次进度: 5/7 (已处理 40/53 帧, 当前批耗时: 10.02s, 平均: 10.35s)
    → 批次进度: 7/7 (已处理 53/53 帧, 当前批耗时: 6.33s, 平均: 9.72s)
    ✓ 所有批次完成: 总耗时 68.07s, 平均 9.72s/批
[082/112] adaptive: region=13, ep=298, variant=l2, map=selected_region
    → 处理 5 帧...
    → 批次进度: 1/1 (已处理 5/5 帧, 当前批耗时: 6.31s, 平均: 6.31s)
    ✓ 所有批次完成: 总耗时 6.31s, 平均 6.31s/批
    → 批量处理 56 帧 (共7批)...
    → 批次进度: 5/7 (已处理 40/56 帧, 当前批耗时: 9.98s, 平均: 10.29s)
    → 批次进度: 7/7 (已处理 56/56 帧, 当前批耗时: 10.02s, 平均: 10.21s)
    ✓ 所有批次完成: 总耗时 71.44s, 平均 10.21s/批
[083/112] adaptive: region=13, ep=228, variant=l2, map=selected_region
    → 处理 5 帧...
    → 批次进度: 1/1 (已处理 5/5 帧, 当前批耗时: 6.36s, 平均: 6.36s)
    ✓ 所有批次完成: 总耗时 6.36s, 平均 6.36s/批
    → 批量处理 50 帧 (共7批)...
    → 批次进度: 5/7 (已处理 40/50 帧, 当前批耗时: 9.82s, 平均: 9.87s)
    → 批次进度: 7/7 (已处理 50/50 帧, 当前批耗时: 2.48s, 平均: 8.81s)
    ✓ 所有批次完成: 总耗时 61.64s, 平均 8.81s/批
[084/112] adaptive: region=13, ep=33, variant=l2, map=selected_region
    → 处理 5 帧...
    → 批次进度: 1/1 (已处理 5/5 帧, 当前批耗时: 6.21s, 平均: 6.21s)
    ✓ 所有批次完成: 总耗时 6.21s, 平均 6.21s/批
    → 批量处理 59 帧 (共8批)...
    → 批次进度: 5/8 (已处理 40/59 帧, 当前批耗时: 9.92s, 平均: 9.94s)
    → 批次进度: 8/8 (已处理 59/59 帧, 当前批耗时: 3.63s, 平均: 9.15s)
    ✓ 所有批次完成: 总耗时 73.20s, 平均 9.15s/批
[085/112] adaptive: region=13, ep=376, variant=l2, map=selected_region
    → 处理 5 帧...
    → 批次进度: 1/1 (已处理 5/5 帧, 当前批耗时: 9.30s, 平均: 9.30s)
    ✓ 所有批次完成: 总耗时 9.30s, 平均 9.30s/批
    → 批量处理 80 帧 (共10批)...
    → 批次进度: 5/10 (已处理 40/80 帧, 当前批耗时: 10.08s, 平均: 10.09s)
    → 批次进度: 10/10 (已处理 80/80 帧, 当前批耗时: 9.96s, 平均: 10.09s)
    ✓ 所有批次完成: 总耗时 100.87s, 平均 10.09s/批
[086/112] adaptive: region=13, ep=367, variant=l2, map=selected_region
    → 处理 5 帧...
    → 批次进度: 1/1 (已处理 5/5 帧, 当前批耗时: 6.36s, 平均: 6.36s)
    ✓ 所有批次完成: 总耗时 6.36s, 平均 6.36s/批
    → 批量处理 72 帧 (共9批)...
    → 批次进度: 5/9 (已处理 40/72 帧, 当前批耗时: 10.06s, 平均: 10.08s)
    → 批次进度: 9/9 (已处理 72/72 帧, 当前批耗时: 10.02s, 平均: 10.00s)
    ✓ 所有批次完成: 总耗时 90.01s, 平均 10.00s/批
[087/112] adaptive: region=13, ep=288, variant=l2, map=selected_region
    → 处理 5 帧...
    → 批次进度: 1/1 (已处理 5/5 帧, 当前批耗时: 6.14s, 平均: 6.14s)
    ✓ 所有批次完成: 总耗时 6.14s, 平均 6.14s/批
    → 批量处理 60 帧 (共8批)...
    → 批次进度: 5/8 (已处理 40/60 帧, 当前批耗时: 10.02s, 平均: 9.95s)
    → 批次进度: 8/8 (已处理 60/60 帧, 当前批耗时: 4.86s, 平均: 9.27s)
    ✓ 所有批次完成: 总耗时 74.17s, 平均 9.27s/批
[088/112] adaptive: region=13, ep=36, variant=l2, map=selected_region
    → 处理 5 帧...
    → 批次进度: 1/1 (已处理 5/5 帧, 当前批耗时: 6.40s, 平均: 6.40s)
    ✓ 所有批次完成: 总耗时 6.40s, 平均 6.40s/批
    → 批量处理 53 帧 (共7批)...
    → 批次进度: 5/7 (已处理 40/53 帧, 当前批耗时: 10.01s, 平均: 9.92s)
    → 批次进度: 7/7 (已处理 53/53 帧, 当前批耗时: 6.13s, 平均: 9.39s)
    ✓ 所有批次完成: 总耗时 65.70s, 平均 9.39s/批
[089/112] adaptive: region=13, ep=140, variant=l2, map=selected_region
    → 处理 5 帧...
    → 批次进度: 1/1 (已处理 5/5 帧, 当前批耗时: 9.55s, 平均: 9.55s)
    ✓ 所有批次完成: 总耗时 9.55s, 平均 9.55s/批
    → 批量处理 60 帧 (共8批)...
    → 批次进度: 5/8 (已处理 40/60 帧, 当前批耗时: 9.91s, 平均: 10.31s)
    → 批次进度: 8/8 (已处理 60/60 帧, 当前批耗时: 4.89s, 平均: 9.53s)
    ✓ 所有批次完成: 总耗时 76.22s, 平均 9.53s/批
[090/112] adaptive: region=13, ep=387, variant=l2, map=selected_region
    → 处理 5 帧...
    → 批次进度: 1/1 (已处理 5/5 帧, 当前批耗时: 6.21s, 平均: 6.21s)
    ✓ 所有批次完成: 总耗时 6.21s, 平均 6.21s/批
    → 批量处理 42 帧 (共6批)...
    → 批次进度: 5/6 (已处理 40/42 帧, 当前批耗时: 9.92s, 平均: 10.02s)
    → 批次进度: 6/6 (已处理 42/42 帧, 当前批耗时: 2.43s, 平均: 8.76s)
    ✓ 所有批次完成: 总耗时 52.54s, 平均 8.76s/批
[091/112] adaptive: region=13, ep=149, variant=l2, map=selected_region
    → 处理 5 帧...
    → 批次进度: 1/1 (已处理 5/5 帧, 当前批耗时: 6.30s, 平均: 6.30s)
    ✓ 所有批次完成: 总耗时 6.30s, 平均 6.30s/批
    → 批量处理 81 帧 (共11批)...
    → 批次进度: 5/11 (已处理 40/81 帧, 当前批耗时: 9.87s, 平均: 9.94s)
    → 批次进度: 10/11 (已处理 80/81 帧, 当前批耗时: 9.96s, 平均: 9.93s)
    → 批次进度: 11/11 (已处理 81/81 帧, 当前批耗时: 1.26s, 平均: 9.14s)
    ✓ 所有批次完成: 总耗时 100.55s, 平均 9.14s/批
[092/112] adaptive: region=13, ep=96, variant=l2, map=selected_region
    → 处理 5 帧...
    → 批次进度: 1/1 (已处理 5/5 帧, 当前批耗时: 6.26s, 平均: 6.26s)
    ✓ 所有批次完成: 总耗时 6.26s, 平均 6.26s/批
    → 批量处理 79 帧 (共10批)...
    → 批次进度: 5/10 (已处理 40/79 帧, 当前批耗时: 9.82s, 平均: 9.91s)
    → 批次进度: 10/10 (已处理 79/79 帧, 当前批耗时: 8.76s, 平均: 9.84s)
    ✓ 所有批次完成: 总耗时 98.45s, 平均 9.84s/批
[093/112] adaptive: region=13, ep=203, variant=l2, map=selected_region
    → 处理 5 帧...
    → 批次进度: 1/1 (已处理 5/5 帧, 当前批耗时: 6.38s, 平均: 6.38s)
    ✓ 所有批次完成: 总耗时 6.38s, 平均 6.38s/批
    → 批量处理 45 帧 (共6批)...
    → 批次进度: 5/6 (已处理 40/45 帧, 当前批耗时: 9.98s, 平均: 10.03s)
    → 批次进度: 6/6 (已处理 45/45 帧, 当前批耗时: 6.22s, 平均: 9.39s)
    ✓ 所有批次完成: 总耗时 56.35s, 平均 9.39s/批
[094/112] adaptive: region=16, ep=59, variant=l2, map=selected_region
    → 处理 5 帧...
    → 批次进度: 1/1 (已处理 5/5 帧, 当前批耗时: 9.36s, 平均: 9.36s)
    ✓ 所有批次完成: 总耗时 9.36s, 平均 9.36s/批
    → 批量处理 73 帧 (共10批)...
    → 批次进度: 5/10 (已处理 40/73 帧, 当前批耗时: 9.90s, 平均: 11.10s)
    → 批次进度: 10/10 (已处理 73/73 帧, 当前批耗时: 1.28s, 平均: 9.66s)
    ✓ 所有批次完成: 总耗时 96.59s, 平均 9.66s/批
[095/112] adaptive: region=16, ep=275, variant=l2, map=selected_region
    → 处理 5 帧...
    → 批次进度: 1/1 (已处理 5/5 帧, 当前批耗时: 9.49s, 平均: 9.49s)
    ✓ 所有批次完成: 总耗时 9.49s, 平均 9.49s/批
    → 批量处理 43 帧 (共6批)...
    → 批次进度: 5/6 (已处理 40/43 帧, 当前批耗时: 9.95s, 平均: 11.06s)
    → 批次进度: 6/6 (已处理 43/43 帧, 当前批耗时: 3.81s, 平均: 9.85s)
    ✓ 所有批次完成: 总耗时 59.09s, 平均 9.85s/批
[096/112] adaptive: region=16, ep=189, variant=l2, map=selected_region
    → 处理 5 帧...
    → 批次进度: 1/1 (已处理 5/5 帧, 当前批耗时: 6.40s, 平均: 6.40s)
    ✓ 所有批次完成: 总耗时 6.40s, 平均 6.40s/批
    → 批量处理 42 帧 (共6批)...
    → 批次进度: 5/6 (已处理 40/42 帧, 当前批耗时: 10.09s, 平均: 9.95s)
    → 批次进度: 6/6 (已处理 42/42 帧, 当前批耗时: 2.48s, 平均: 8.70s)
    ✓ 所有批次完成: 总耗时 52.21s, 平均 8.70s/批
[097/112] adaptive: region=16, ep=328, variant=l2, map=selected_region
    → 处理 5 帧...
    → 批次进度: 1/1 (已处理 5/5 帧, 当前批耗时: 9.54s, 平均: 9.54s)
    ✓ 所有批次完成: 总耗时 9.54s, 平均 9.54s/批
    → 批量处理 78 帧 (共10批)...
    → 批次进度: 5/10 (已处理 40/78 帧, 当前批耗时: 9.91s, 平均: 11.45s)
    → 批次进度: 10/10 (已处理 78/78 帧, 当前批耗时: 7.50s, 平均: 10.47s)
    ✓ 所有批次完成: 总耗时 104.73s, 平均 10.47s/批
[098/112] adaptive: region=16, ep=84, variant=l2, map=selected_region
    → 处理 5 帧...
    → 批次进度: 1/1 (已处理 5/5 帧, 当前批耗时: 9.11s, 平均: 9.11s)
    ✓ 所有批次完成: 总耗时 9.11s, 平均 9.11s/批
    → 批量处理 77 帧 (共10批)...
    → 批次进度: 5/10 (已处理 40/77 帧, 当前批耗时: 9.91s, 平均: 12.03s)
    → 批次进度: 10/10 (已处理 77/77 帧, 当前批耗时: 6.05s, 平均: 10.57s)
    ✓ 所有批次完成: 总耗时 105.71s, 平均 10.57s/批
[099/112] adaptive: region=16, ep=45, variant=l2, map=selected_region
    → 处理 5 帧...
    → 批次进度: 1/1 (已处理 5/5 帧, 当前批耗时: 9.20s, 平均: 9.20s)
    ✓ 所有批次完成: 总耗时 9.20s, 平均 9.20s/批
    → 批量处理 77 帧 (共10批)...
    → 批次进度: 5/10 (已处理 40/77 帧, 当前批耗时: 10.03s, 平均: 10.07s)
    → 批次进度: 10/10 (已处理 77/77 帧, 当前批耗时: 6.32s, 平均: 9.67s)
    ✓ 所有批次完成: 总耗时 96.70s, 平均 9.67s/批
[100/112] adaptive: region=16, ep=51, variant=l2, map=selected_region
    → 处理 5 帧...
    → 批次进度: 1/1 (已处理 5/5 帧, 当前批耗时: 9.42s, 平均: 9.42s)
    ✓ 所有批次完成: 总耗时 9.42s, 平均 9.42s/批
    → 批量处理 86 帧 (共11批)...
    → 批次进度: 5/11 (已处理 40/86 帧, 当前批耗时: 9.87s, 平均: 10.88s)
    → 批次进度: 10/11 (已处理 80/86 帧, 当前批耗时: 9.98s, 平均: 10.41s)
    → 批次进度: 11/11 (已处理 86/86 帧, 当前批耗时: 7.68s, 平均: 10.17s)
    ✓ 所有批次完成: 总耗时 111.82s, 平均 10.17s/批
[101/112] adaptive: region=16, ep=223, variant=l2, map=selected_region
    → 处理 5 帧...
    → 批次进度: 1/1 (已处理 5/5 帧, 当前批耗时: 6.28s, 平均: 6.28s)
    ✓ 所有批次完成: 总耗时 6.28s, 平均 6.28s/批
    → 批量处理 63 帧 (共8批)...
    → 批次进度: 5/8 (已处理 40/63 帧, 当前批耗时: 10.08s, 平均: 9.97s)
    → 批次进度: 8/8 (已处理 63/63 帧, 当前批耗时: 8.76s, 平均: 9.83s)
    ✓ 所有批次完成: 总耗时 78.66s, 平均 9.83s/批
[102/112] adaptive: region=16, ep=79, variant=l2, map=selected_region
    → 处理 5 帧...
    → 批次进度: 1/1 (已处理 5/5 帧, 当前批耗时: 6.52s, 平均: 6.52s)
    ✓ 所有批次完成: 总耗时 6.52s, 平均 6.52s/批
    → 批量处理 74 帧 (共10批)...
    → 批次进度: 5/10 (已处理 40/74 帧, 当前批耗时: 9.98s, 平均: 9.94s)
    → 批次进度: 10/10 (已处理 74/74 帧, 当前批耗时: 2.45s, 平均: 9.20s)
    ✓ 所有批次完成: 总耗时 91.99s, 平均 9.20s/批
[103/112] adaptive: region=16, ep=2, variant=l2, map=selected_region
    → 处理 5 帧...
    → 批次进度: 1/1 (已处理 5/5 帧, 当前批耗时: 6.18s, 平均: 6.18s)
    ✓ 所有批次完成: 总耗时 6.18s, 平均 6.18s/批
    → 批量处理 82 帧 (共11批)...
    → 批次进度: 5/11 (已处理 40/82 帧, 当前批耗时: 10.01s, 平均: 10.01s)
    → 批次进度: 10/11 (已处理 80/82 帧, 当前批耗时: 9.94s, 平均: 9.92s)
    → 批次进度: 11/11 (已处理 82/82 帧, 当前批耗时: 2.55s, 平均: 9.25s)
    ✓ 所有批次完成: 总耗时 101.74s, 平均 9.25s/批
[104/112] adaptive: region=16, ep=106, variant=l2, map=selected_region
    → 处理 5 帧...
    → 批次进度: 1/1 (已处理 5/5 帧, 当前批耗时: 8.70s, 平均: 8.70s)
    ✓ 所有批次完成: 总耗时 8.70s, 平均 8.70s/批
    → 批量处理 80 帧 (共10批)...
    → 批次进度: 5/10 (已处理 40/80 帧, 当前批耗时: 9.84s, 平均: 9.91s)
    → 批次进度: 10/10 (已处理 80/80 帧, 当前批耗时: 10.62s, 平均: 10.05s)
    ✓ 所有批次完成: 总耗时 100.45s, 平均 10.05s/批
[105/112] adaptive: region=16, ep=220, variant=l2, map=selected_region
    → 处理 5 帧...
    → 批次进度: 1/1 (已处理 5/5 帧, 当前批耗时: 6.68s, 平均: 6.68s)
    ✓ 所有批次完成: 总耗时 6.68s, 平均 6.68s/批
    → 批量处理 41 帧 (共6批)...
    → 批次进度: 5/6 (已处理 40/41 帧, 当前批耗时: 9.90s, 平均: 9.94s)
    → 批次进度: 6/6 (已处理 41/41 帧, 当前批耗时: 1.28s, 平均: 8.49s)
    ✓ 所有批次完成: 总耗时 50.96s, 平均 8.49s/批
[106/112] adaptive: region=16, ep=151, variant=l2, map=selected_region
    → 处理 5 帧...
    → 批次进度: 1/1 (已处理 5/5 帧, 当前批耗时: 6.51s, 平均: 6.51s)
    ✓ 所有批次完成: 总耗时 6.51s, 平均 6.51s/批
    → 批量处理 42 帧 (共6批)...
    → 批次进度: 5/6 (已处理 40/42 帧, 当前批耗时: 9.99s, 平均: 10.01s)
    → 批次进度: 6/6 (已处理 42/42 帧, 当前批耗时: 2.53s, 平均: 8.76s)
    ✓ 所有批次完成: 总耗时 52.56s, 平均 8.76s/批
[107/112] adaptive: region=16, ep=372, variant=l2, map=selected_region
    → 处理 5 帧...
    → 批次进度: 1/1 (已处理 5/5 帧, 当前批耗时: 7.69s, 平均: 7.69s)
    ✓ 所有批次完成: 总耗时 7.69s, 平均 7.69s/批
    → 批量处理 77 帧 (共10批)...
    → 批次进度: 5/10 (已处理 40/77 帧, 当前批耗时: 9.88s, 平均: 9.92s)
    → 批次进度: 10/10 (已处理 77/77 帧, 当前批耗时: 6.14s, 平均: 9.50s)
    ✓ 所有批次完成: 总耗时 95.05s, 平均 9.50s/批
[108/112] adaptive: region=16, ep=244, variant=l2, map=selected_region
    → 处理 5 帧...
    → 批次进度: 1/1 (已处理 5/5 帧, 当前批耗时: 6.50s, 平均: 6.50s)
    ✓ 所有批次完成: 总耗时 6.50s, 平均 6.50s/批
    → 批量处理 40 帧 (共5批)...
    → 批次进度: 5/5 (已处理 40/40 帧, 当前批耗时: 9.86s, 平均: 9.94s)
    ✓ 所有批次完成: 总耗时 49.70s, 平均 9.94s/批
[109/112] adaptive: region=27, ep=347, variant=l2, map=selected_region
    → 处理 5 帧...
    → 批次进度: 1/1 (已处理 5/5 帧, 当前批耗时: 6.18s, 平均: 6.18s)
    ✓ 所有批次完成: 总耗时 6.18s, 平均 6.18s/批
    → 批量处理 130 帧 (共17批)...
    → 批次进度: 5/17 (已处理 40/130 帧, 当前批耗时: 9.96s, 平均: 10.06s)
    → 批次进度: 10/17 (已处理 80/130 帧, 当前批耗时: 9.95s, 平均: 10.04s)
    → 批次进度: 15/17 (已处理 120/130 帧, 当前批耗时: 9.98s, 平均: 10.03s)
    → 批次进度: 17/17 (已处理 130/130 帧, 当前批耗时: 2.50s, 平均: 9.58s)
    ✓ 所有批次完成: 总耗时 162.92s, 平均 9.58s/批
[110/112] adaptive: region=27, ep=302, variant=l2, map=selected_region
    → 处理 5 帧...
    → 批次进度: 1/1 (已处理 5/5 帧, 当前批耗时: 6.78s, 平均: 6.78s)
    ✓ 所有批次完成: 总耗时 6.78s, 平均 6.78s/批
    → 批量处理 37 帧 (共5批)...
    → 批次进度: 5/5 (已处理 37/37 帧, 当前批耗时: 6.39s, 平均: 9.64s)
    ✓ 所有批次完成: 总耗时 48.19s, 平均 9.64s/批
[111/112] adaptive: region=27, ep=394, variant=l2, map=selected_region
    → 处理 5 帧...
    → 批次进度: 1/1 (已处理 5/5 帧, 当前批耗时: 6.69s, 平均: 6.69s)
    ✓ 所有批次完成: 总耗时 6.69s, 平均 6.69s/批
    → 批量处理 72 帧 (共9批)...
    → 批次进度: 5/9 (已处理 40/72 帧, 当前批耗时: 9.75s, 平均: 10.05s)
    → 批次进度: 9/9 (已处理 72/72 帧, 当前批耗时: 9.91s, 平均: 9.96s)
    ✓ 所有批次完成: 总耗时 89.63s, 平均 9.96s/批
[112/112] adaptive: region=27, ep=397, variant=l2, map=selected_region
============================================================================
selection written to: /data/zhonglinye/jun/lerobot/personal/work2/our_v7/outputs/our_v7_l2_full_112x3_seed42/selection/disassemble-v3_corner/selected_episodes_v7.json
selected=112
regions=40
initial=8
adaptive=104
raw visual cache=/data/zhonglinye/jun/lerobot/personal/work2/our_v7/shared_raw_embeddings/disassemble-v3_corner/smolvlm_raw_first5_wrist20_70_v1_af217b575362
causal validation: PASS
============================================================================

=== V7 selecting pick_place-v3_corner ===
============================================================================
Our-V7 paper-faithful causal demonstration acquisition
benchmark=metaworld
dataset=pick_place-v3_corner
budget=112
visual_variant=l2
ablation=full
configuration source: episode_initial_states.json -> rand_vec
configuration normalization: predefined MetaWorld reset bounds
KMeans init: deterministic centroid-nearest + farthest-point traversal
B0 init: deterministic centroid-nearest + farthest-point traversal
priority: g_k + minmax(u_visual) + minmax(u_action)
============================================================================
Traceback (most recent call last):
  File "/data/zhonglinye/jun/lerobot/personal/work2/our_v7/experiments/select_episodes_v7.py", line 125, in <module>
    main()
  File "/data/zhonglinye/jun/lerobot/personal/work2/our_v7/experiments/select_episodes_v7.py", line 92, in main
    planner = planner_cls(
              ^^^^^^^^^^^^
  File "/data/zhonglinye/jun/lerobot/personal/work2/our_v7/core/planner.py", line 117, in __init__
    self.config_low, self.config_high, self.config_bounds_source = _predefined_metaworld_bounds(
                                                                   ^^^^^^^^^^^^^^^^^^^^^^^^^^^^^
  File "/data/zhonglinye/jun/lerobot/personal/work2/our_v7/core/planner.py", line 79, in _predefined_metaworld_bounds
    raise ValueError(f"Invalid predefined reset bounds for {task_name}, non-positive spans at dims {bad}")
ValueError: Invalid predefined reset bounds for pick-place-v3, non-positive spans at dims [2]
