nohup: 忽略输入
bash: /data/zhonglinye/application/miniconda3/envs/lb_server/lib/libtinfo.so.6: no version information available (required by bash)
============================================================
Our-V7 paper-faithful end-to-end pipeline
benchmark:         robomme
episodes/dataset:  112
total selected:    336
gpu:               3
seed:              42
visual variant:    l2
ablation:          full
mode:              full
dataset base:      /data/zhonglinye/jun/lerobot/personal/work2/dataset_view_robomme
raw visual cache:  /data/zhonglinye/jun/lerobot/personal/work2/our_v7/shared_raw_embeddings
output:            /data/zhonglinye/jun/lerobot/personal/work2/our_v7/outputs/our_v7_robomme_l2_full_112x3_seed42
============================================================

=== V7 selecting MoveCube_easy (robomme) ===
============================================================================
Our-V7 paper-faithful causal demonstration acquisition
benchmark=robomme
dataset=MoveCube_easy
budget=112
visual_variant=l2
ablation=full
configuration source: episode_initial_states.json -> initial_configuration
configuration fields: movable_objects/randomized_targets/articulations/task_config (scene_state excluded)
configuration normalization: task-relevant admissible-support bounds
KMeans init: deterministic centroid-nearest + farthest-point traversal
B0 init: deterministic centroid-nearest + farthest-point traversal
priority: g_k + minmax(u_visual) + minmax(u_action)
============================================================================
V7 paper initialization: regions=40, B0=8, variant=l2, ablation=full
B0 region order: [0, 2, 1, 32, 4, 13, 7, 8]
加载模型: HuggingFaceTB/SmolVLM2-500M-Video-Instruct
处理器加载完成
`torch_dtype` is deprecated! Use `dtype` instead!
Loading weights:   0%|          | 0/489 [00:00<?, ?it/s]Loading weights:  30%|███       | 149/489 [00:00<00:00, 1487.02it/s]Loading weights:  61%|██████    | 298/489 [00:00<00:00, 1424.40it/s]Loading weights: 100%|██████████| 489/489 [00:00<00:00, 1630.54it/s]
模型权重加载完成，正在初始化...
模型加载完成，设备: cuda
    → 处理 5 帧...
    → 批次进度: 1/1 (已处理 5/5 帧, 当前批耗时: 9.84s, 平均: 9.84s)
    ✓ 所有批次完成: 总耗时 9.84s, 平均 9.84s/批
    → 批量处理 57 帧 (共8批)...
    → 批次进度: 5/8 (已处理 40/57 帧, 当前批耗时: 9.99s, 平均: 11.78s)
    → 批次进度: 8/8 (已处理 57/57 帧, 当前批耗时: 1.24s, 平均: 10.02s)
    ✓ 所有批次完成: 总耗时 80.14s, 平均 10.02s/批
[001/112] initial: region=0, ep=51, variant=l2, map=selected_region
    → 处理 5 帧...
    → 批次进度: 1/1 (已处理 5/5 帧, 当前批耗时: 6.47s, 平均: 6.47s)
    ✓ 所有批次完成: 总耗时 6.47s, 平均 6.47s/批
    → 批量处理 148 帧 (共19批)...
    → 批次进度: 5/19 (已处理 40/148 帧, 当前批耗时: 9.82s, 平均: 9.92s)
    → 批次进度: 10/19 (已处理 80/148 帧, 当前批耗时: 9.83s, 平均: 9.88s)
    → 批次进度: 15/19 (已处理 120/148 帧, 当前批耗时: 9.96s, 平均: 9.93s)
    → 批次进度: 19/19 (已处理 148/148 帧, 当前批耗时: 4.91s, 平均: 9.67s)
    ✓ 所有批次完成: 总耗时 183.75s, 平均 9.67s/批
[002/112] initial: region=2, ep=350, variant=l2, map=selected_region
    → 处理 5 帧...
    → 批次进度: 1/1 (已处理 5/5 帧, 当前批耗时: 6.36s, 平均: 6.36s)
    ✓ 所有批次完成: 总耗时 6.36s, 平均 6.36s/批
    → 批量处理 55 帧 (共7批)...
    → 批次进度: 5/7 (已处理 40/55 帧, 当前批耗时: 9.94s, 平均: 9.94s)
    → 批次进度: 7/7 (已处理 55/55 帧, 当前批耗时: 8.93s, 平均: 9.82s)
    ✓ 所有批次完成: 总耗时 68.72s, 平均 9.82s/批
[003/112] initial: region=1, ep=87, variant=l2, map=selected_region
    → 处理 5 帧...
    → 批次进度: 1/1 (已处理 5/5 帧, 当前批耗时: 7.05s, 平均: 7.05s)
    ✓ 所有批次完成: 总耗时 7.05s, 平均 7.05s/批
    → 批量处理 53 帧 (共7批)...
    → 批次进度: 5/7 (已处理 40/53 帧, 当前批耗时: 9.80s, 平均: 10.13s)
    → 批次进度: 7/7 (已处理 53/53 帧, 当前批耗时: 6.18s, 平均: 9.51s)
    ✓ 所有批次完成: 总耗时 66.56s, 平均 9.51s/批
[004/112] initial: region=32, ep=397, variant=l2, map=selected_region
    → 处理 5 帧...
    → 批次进度: 1/1 (已处理 5/5 帧, 当前批耗时: 6.29s, 平均: 6.29s)
    ✓ 所有批次完成: 总耗时 6.29s, 平均 6.29s/批
    → 批量处理 259 帧 (共33批)...
    → 批次进度: 5/33 (已处理 40/259 帧, 当前批耗时: 9.98s, 平均: 9.96s)
    → 批次进度: 10/33 (已处理 80/259 帧, 当前批耗时: 10.03s, 平均: 9.96s)
    → 批次进度: 15/33 (已处理 120/259 帧, 当前批耗时: 9.97s, 平均: 9.94s)
    → 批次进度: 20/33 (已处理 160/259 帧, 当前批耗时: 9.92s, 平均: 9.94s)
    → 批次进度: 25/33 (已处理 200/259 帧, 当前批耗时: 9.91s, 平均: 9.96s)
    → 批次进度: 30/33 (已处理 240/259 帧, 当前批耗时: 10.14s, 平均: 9.95s)
    → 批次进度: 33/33 (已处理 259/259 帧, 当前批耗时: 3.83s, 平均: 9.77s)
    ✓ 所有批次完成: 总耗时 322.56s, 平均 9.77s/批
[005/112] initial: region=4, ep=300, variant=l2, map=selected_region
    → 处理 5 帧...
    → 批次进度: 1/1 (已处理 5/5 帧, 当前批耗时: 6.17s, 平均: 6.17s)
    ✓ 所有批次完成: 总耗时 6.17s, 平均 6.17s/批
    → 批量处理 47 帧 (共6批)...
    → 批次进度: 5/6 (已处理 40/47 帧, 当前批耗时: 9.92s, 平均: 9.82s)
    → 批次进度: 6/6 (已处理 47/47 帧, 当前批耗时: 8.80s, 平均: 9.65s)
    ✓ 所有批次完成: 总耗时 57.91s, 平均 9.65s/批
[006/112] initial: region=13, ep=379, variant=l2, map=selected_region
    → 处理 5 帧...
    → 批次进度: 1/1 (已处理 5/5 帧, 当前批耗时: 6.34s, 平均: 6.34s)
    ✓ 所有批次完成: 总耗时 6.34s, 平均 6.34s/批
    → 批量处理 160 帧 (共20批)...
    → 批次进度: 5/20 (已处理 40/160 帧, 当前批耗时: 9.83s, 平均: 9.91s)
    → 批次进度: 10/20 (已处理 80/160 帧, 当前批耗时: 9.94s, 平均: 9.86s)
    → 批次进度: 15/20 (已处理 120/160 帧, 当前批耗时: 10.00s, 平均: 9.90s)
    → 批次进度: 20/20 (已处理 160/160 帧, 当前批耗时: 10.00s, 平均: 9.91s)
    ✓ 所有批次完成: 总耗时 198.18s, 平均 9.91s/批
[007/112] initial: region=7, ep=109, variant=l2, map=selected_region
    → 处理 5 帧...
    → 批次进度: 1/1 (已处理 5/5 帧, 当前批耗时: 6.28s, 平均: 6.28s)
    ✓ 所有批次完成: 总耗时 6.28s, 平均 6.28s/批
    → 批量处理 156 帧 (共20批)...
    → 批次进度: 5/20 (已处理 40/156 帧, 当前批耗时: 9.80s, 平均: 9.85s)
    → 批次进度: 10/20 (已处理 80/156 帧, 当前批耗时: 10.09s, 平均: 9.91s)
    → 批次进度: 15/20 (已处理 120/156 帧, 当前批耗时: 9.86s, 平均: 9.87s)
    → 批次进度: 20/20 (已处理 156/156 帧, 当前批耗时: 4.91s, 平均: 9.61s)
    ✓ 所有批次完成: 总耗时 192.22s, 平均 9.61s/批
[008/112] initial: region=8, ep=125, variant=l2, map=selected_region
    → 处理 5 帧...
    → 批次进度: 1/1 (已处理 5/5 帧, 当前批耗时: 6.20s, 平均: 6.20s)
    ✓ 所有批次完成: 总耗时 6.20s, 平均 6.20s/批
    → 批量处理 48 帧 (共6批)...
    → 批次进度: 5/6 (已处理 40/48 帧, 当前批耗时: 10.01s, 平均: 9.96s)
    → 批次进度: 6/6 (已处理 48/48 帧, 当前批耗时: 9.92s, 平均: 9.95s)
    ✓ 所有批次完成: 总耗时 59.70s, 平均 9.95s/批
[009/112] adaptive: region=3, ep=361, variant=l2, map=selected_region
    → 处理 5 帧...
    → 批次进度: 1/1 (已处理 5/5 帧, 当前批耗时: 6.36s, 平均: 6.36s)
    ✓ 所有批次完成: 总耗时 6.36s, 平均 6.36s/批
    → 批量处理 45 帧 (共6批)...
    → 批次进度: 5/6 (已处理 40/45 帧, 当前批耗时: 9.96s, 平均: 9.94s)
    → 批次进度: 6/6 (已处理 45/45 帧, 当前批耗时: 6.20s, 平均: 9.31s)
    ✓ 所有批次完成: 总耗时 55.89s, 平均 9.31s/批
[010/112] adaptive: region=5, ep=152, variant=l2, map=selected_region
    → 处理 5 帧...
    → 批次进度: 1/1 (已处理 5/5 帧, 当前批耗时: 9.27s, 平均: 9.27s)
    ✓ 所有批次完成: 总耗时 9.27s, 平均 9.27s/批
    → 批量处理 67 帧 (共9批)...
    → 批次进度: 5/9 (已处理 40/67 帧, 当前批耗时: 9.93s, 平均: 13.13s)
    → 批次进度: 9/9 (已处理 67/67 帧, 当前批耗时: 3.70s, 平均: 11.02s)
    ✓ 所有批次完成: 总耗时 99.14s, 平均 11.02s/批
[011/112] adaptive: region=6, ep=230, variant=l2, map=selected_region
    → 处理 5 帧...
    → 批次进度: 1/1 (已处理 5/5 帧, 当前批耗时: 6.25s, 平均: 6.25s)
    ✓ 所有批次完成: 总耗时 6.25s, 平均 6.25s/批
    → 批量处理 250 帧 (共32批)...
    → 批次进度: 5/32 (已处理 40/250 帧, 当前批耗时: 9.94s, 平均: 9.96s)
    → 批次进度: 10/32 (已处理 80/250 帧, 当前批耗时: 9.76s, 平均: 9.93s)
    → 批次进度: 15/32 (已处理 120/250 帧, 当前批耗时: 9.74s, 平均: 9.87s)
    → 批次进度: 20/32 (已处理 160/250 帧, 当前批耗时: 10.29s, 平均: 10.02s)
    → 批次进度: 25/32 (已处理 200/250 帧, 当前批耗时: 10.12s, 平均: 10.06s)
    → 批次进度: 30/32 (已处理 240/250 帧, 当前批耗时: 10.18s, 平均: 10.07s)
    → 批次进度: 32/32 (已处理 250/250 帧, 当前批耗时: 2.55s, 平均: 9.84s)
    ✓ 所有批次完成: 总耗时 314.76s, 平均 9.84s/批
[012/112] adaptive: region=9, ep=0, variant=l2, map=selected_region
    → 处理 5 帧...
    → 批次进度: 1/1 (已处理 5/5 帧, 当前批耗时: 6.18s, 平均: 6.18s)
    ✓ 所有批次完成: 总耗时 6.18s, 平均 6.18s/批
    → 批量处理 49 帧 (共7批)...
    → 批次进度: 5/7 (已处理 40/49 帧, 当前批耗时: 9.85s, 平均: 9.82s)
    → 批次进度: 7/7 (已处理 49/49 帧, 当前批耗时: 1.27s, 平均: 8.61s)
    ✓ 所有批次完成: 总耗时 60.29s, 平均 8.61s/批
[013/112] adaptive: region=10, ep=215, variant=l2, map=selected_region
    → 处理 5 帧...
    → 批次进度: 1/1 (已处理 5/5 帧, 当前批耗时: 9.31s, 平均: 9.31s)
    ✓ 所有批次完成: 总耗时 9.31s, 平均 9.31s/批
    → 批量处理 60 帧 (共8批)...
    → 批次进度: 5/8 (已处理 40/60 帧, 当前批耗时: 9.99s, 平均: 10.33s)
    → 批次进度: 8/8 (已处理 60/60 帧, 当前批耗时: 5.11s, 平均: 9.58s)
    ✓ 所有批次完成: 总耗时 76.66s, 平均 9.58s/批
[014/112] adaptive: region=11, ep=396, variant=l2, map=selected_region
    → 处理 5 帧...
    → 批次进度: 1/1 (已处理 5/5 帧, 当前批耗时: 9.15s, 平均: 9.15s)
    ✓ 所有批次完成: 总耗时 9.15s, 平均 9.15s/批
    → 批量处理 47 帧 (共6批)...
    → 批次进度: 5/6 (已处理 40/47 帧, 当前批耗时: 9.73s, 平均: 11.08s)
    → 批次进度: 6/6 (已处理 47/47 帧, 当前批耗时: 8.52s, 平均: 10.65s)
    ✓ 所有批次完成: 总耗时 63.89s, 平均 10.65s/批
[015/112] adaptive: region=12, ep=107, variant=l2, map=selected_region
    → 处理 5 帧...
    → 批次进度: 1/1 (已处理 5/5 帧, 当前批耗时: 6.24s, 平均: 6.24s)
    ✓ 所有批次完成: 总耗时 6.24s, 平均 6.24s/批
    → 批量处理 235 帧 (共30批)...
    → 批次进度: 5/30 (已处理 40/235 帧, 当前批耗时: 10.00s, 平均: 10.01s)
    → 批次进度: 10/30 (已处理 80/235 帧, 当前批耗时: 9.98s, 平均: 10.03s)
    → 批次进度: 15/30 (已处理 120/235 帧, 当前批耗时: 9.99s, 平均: 10.02s)
    → 批次进度: 20/30 (已处理 160/235 帧, 当前批耗时: 9.97s, 平均: 10.00s)
    → 批次进度: 25/30 (已处理 200/235 帧, 当前批耗时: 9.96s, 平均: 9.99s)
    → 批次进度: 30/30 (已处理 235/235 帧, 当前批耗时: 3.75s, 平均: 9.82s)
    ✓ 所有批次完成: 总耗时 294.67s, 平均 9.82s/批
[016/112] adaptive: region=14, ep=272, variant=l2, map=selected_region
    → 处理 5 帧...
    → 批次进度: 1/1 (已处理 5/5 帧, 当前批耗时: 6.22s, 平均: 6.22s)
    ✓ 所有批次完成: 总耗时 6.22s, 平均 6.22s/批
    → 批量处理 57 帧 (共8批)...
    → 批次进度: 5/8 (已处理 40/57 帧, 当前批耗时: 10.01s, 平均: 9.98s)
    → 批次进度: 8/8 (已处理 57/57 帧, 当前批耗时: 1.19s, 平均: 8.87s)
    ✓ 所有批次完成: 总耗时 70.92s, 平均 8.87s/批
[017/112] adaptive: region=15, ep=226, variant=l2, map=selected_region
    → 处理 5 帧...
    → 批次进度: 1/1 (已处理 5/5 帧, 当前批耗时: 8.71s, 平均: 8.71s)
    ✓ 所有批次完成: 总耗时 8.71s, 平均 8.71s/批
    → 批量处理 50 帧 (共7批)...
    → 批次进度: 5/7 (已处理 40/50 帧, 当前批耗时: 10.03s, 平均: 9.93s)
    → 批次进度: 7/7 (已处理 50/50 帧, 当前批耗时: 2.54s, 平均: 8.88s)
    ✓ 所有批次完成: 总耗时 62.14s, 平均 8.88s/批
[018/112] adaptive: region=16, ep=220, variant=l2, map=selected_region
    → 处理 5 帧...
    → 批次进度: 1/1 (已处理 5/5 帧, 当前批耗时: 6.20s, 平均: 6.20s)
    ✓ 所有批次完成: 总耗时 6.20s, 平均 6.20s/批
    → 批量处理 160 帧 (共20批)...
    → 批次进度: 5/20 (已处理 40/160 帧, 当前批耗时: 9.92s, 平均: 9.95s)
    → 批次进度: 10/20 (已处理 80/160 帧, 当前批耗时: 9.89s, 平均: 9.91s)
    → 批次进度: 15/20 (已处理 120/160 帧, 当前批耗时: 9.99s, 平均: 9.92s)
    → 批次进度: 20/20 (已处理 160/160 帧, 当前批耗时: 9.95s, 平均: 9.93s)
    ✓ 所有批次完成: 总耗时 198.58s, 平均 9.93s/批
[019/112] adaptive: region=17, ep=141, variant=l2, map=selected_region
    → 处理 5 帧...
    → 批次进度: 1/1 (已处理 5/5 帧, 当前批耗时: 9.26s, 平均: 9.26s)
    ✓ 所有批次完成: 总耗时 9.26s, 平均 9.26s/批
    → 批量处理 43 帧 (共6批)...
    → 批次进度: 5/6 (已处理 40/43 帧, 当前批耗时: 10.67s, 平均: 10.89s)
    → 批次进度: 6/6 (已处理 43/43 帧, 当前批耗时: 3.75s, 平均: 9.70s)
    ✓ 所有批次完成: 总耗时 58.22s, 平均 9.70s/批
[020/112] adaptive: region=18, ep=108, variant=l2, map=selected_region
    → 处理 5 帧...
    → 批次进度: 1/1 (已处理 5/5 帧, 当前批耗时: 6.04s, 平均: 6.04s)
    ✓ 所有批次完成: 总耗时 6.04s, 平均 6.04s/批
    → 批量处理 65 帧 (共9批)...
    → 批次进度: 5/9 (已处理 40/65 帧, 当前批耗时: 9.93s, 平均: 9.87s)
    → 批次进度: 9/9 (已处理 65/65 帧, 当前批耗时: 1.27s, 平均: 8.96s)
    ✓ 所有批次完成: 总耗时 80.64s, 平均 8.96s/批
[021/112] adaptive: region=19, ep=318, variant=l2, map=selected_region
    → 处理 5 帧...
    → 批次进度: 1/1 (已处理 5/5 帧, 当前批耗时: 6.10s, 平均: 6.10s)
    ✓ 所有批次完成: 总耗时 6.10s, 平均 6.10s/批
    → 批量处理 53 帧 (共7批)...
    → 批次进度: 5/7 (已处理 40/53 帧, 当前批耗时: 10.02s, 平均: 9.87s)
    → 批次进度: 7/7 (已处理 53/53 帧, 当前批耗时: 6.27s, 平均: 9.36s)
    ✓ 所有批次完成: 总耗时 65.54s, 平均 9.36s/批
[022/112] adaptive: region=20, ep=144, variant=l2, map=selected_region
    → 处理 5 帧...
    → 批次进度: 1/1 (已处理 5/5 帧, 当前批耗时: 6.25s, 平均: 6.25s)
    ✓ 所有批次完成: 总耗时 6.25s, 平均 6.25s/批
    → 批量处理 47 帧 (共6批)...
    → 批次进度: 5/6 (已处理 40/47 帧, 当前批耗时: 9.85s, 平均: 10.18s)
    → 批次进度: 6/6 (已处理 47/47 帧, 当前批耗时: 8.60s, 平均: 9.92s)
    ✓ 所有批次完成: 总耗时 59.50s, 平均 9.92s/批
[023/112] adaptive: region=21, ep=375, variant=l2, map=selected_region
    → 处理 5 帧...
    → 批次进度: 1/1 (已处理 5/5 帧, 当前批耗时: 8.44s, 平均: 8.44s)
    ✓ 所有批次完成: 总耗时 8.44s, 平均 8.44s/批
    → 批量处理 65 帧 (共9批)...
    → 批次进度: 5/9 (已处理 40/65 帧, 当前批耗时: 9.90s, 平均: 9.95s)
    → 批次进度: 9/9 (已处理 65/65 帧, 当前批耗时: 1.21s, 平均: 8.95s)
    ✓ 所有批次完成: 总耗时 80.59s, 平均 8.95s/批
[024/112] adaptive: region=22, ep=319, variant=l2, map=selected_region
    → 处理 5 帧...
    → 批次进度: 1/1 (已处理 5/5 帧, 当前批耗时: 10.28s, 平均: 10.28s)
    ✓ 所有批次完成: 总耗时 10.28s, 平均 10.28s/批
    → 批量处理 48 帧 (共6批)...
    → 批次进度: 5/6 (已处理 40/48 帧, 当前批耗时: 9.85s, 平均: 10.17s)
    → 批次进度: 6/6 (已处理 48/48 帧, 当前批耗时: 9.76s, 平均: 10.11s)
    ✓ 所有批次完成: 总耗时 60.63s, 平均 10.11s/批
[025/112] adaptive: region=23, ep=88, variant=l2, map=selected_region
    → 处理 5 帧...
    → 批次进度: 1/1 (已处理 5/5 帧, 当前批耗时: 6.32s, 平均: 6.32s)
    ✓ 所有批次完成: 总耗时 6.32s, 平均 6.32s/批
    → 批量处理 57 帧 (共8批)...
    → 批次进度: 5/8 (已处理 40/57 帧, 当前批耗时: 9.93s, 平均: 9.95s)
    → 批次进度: 8/8 (已处理 57/57 帧, 当前批耗时: 1.19s, 平均: 8.85s)
    ✓ 所有批次完成: 总耗时 70.78s, 平均 8.85s/批
[026/112] adaptive: region=24, ep=57, variant=l2, map=selected_region
    → 处理 5 帧...
    → 批次进度: 1/1 (已处理 5/5 帧, 当前批耗时: 6.09s, 平均: 6.09s)
    ✓ 所有批次完成: 总耗时 6.09s, 平均 6.09s/批
    → 批量处理 47 帧 (共6批)...
    → 批次进度: 5/6 (已处理 40/47 帧, 当前批耗时: 9.79s, 平均: 9.79s)
    → 批次进度: 6/6 (已处理 47/47 帧, 当前批耗时: 8.56s, 平均: 9.59s)
    ✓ 所有批次完成: 总耗时 57.54s, 平均 9.59s/批
[027/112] adaptive: region=25, ep=117, variant=l2, map=selected_region
    → 处理 5 帧...
    → 批次进度: 1/1 (已处理 5/5 帧, 当前批耗时: 6.14s, 平均: 6.14s)
    ✓ 所有批次完成: 总耗时 6.14s, 平均 6.14s/批
    → 批量处理 245 帧 (共31批)...
    → 批次进度: 5/31 (已处理 40/245 帧, 当前批耗时: 9.90s, 平均: 9.92s)
    → 批次进度: 10/31 (已处理 80/245 帧, 当前批耗时: 9.82s, 平均: 9.88s)
    → 批次进度: 15/31 (已处理 120/245 帧, 当前批耗时: 9.86s, 平均: 9.90s)
    → 批次进度: 20/31 (已处理 160/245 帧, 当前批耗时: 10.11s, 平均: 9.94s)
    → 批次进度: 25/31 (已处理 200/245 帧, 当前批耗时: 9.91s, 平均: 9.95s)
    → 批次进度: 30/31 (已处理 240/245 帧, 当前批耗时: 9.77s, 平均: 9.93s)
    → 批次进度: 31/31 (已处理 245/245 帧, 当前批耗时: 6.08s, 平均: 9.81s)
    ✓ 所有批次完成: 总耗时 304.01s, 平均 9.81s/批
[028/112] adaptive: region=26, ep=394, variant=l2, map=selected_region
    → 处理 5 帧...
    → 批次进度: 1/1 (已处理 5/5 帧, 当前批耗时: 6.81s, 平均: 6.81s)
    ✓ 所有批次完成: 总耗时 6.81s, 平均 6.81s/批
    → 批量处理 46 帧 (共6批)...
    → 批次进度: 5/6 (已处理 40/46 帧, 当前批耗时: 9.90s, 平均: 9.92s)
    → 批次进度: 6/6 (已处理 46/46 帧, 当前批耗时: 7.33s, 平均: 9.49s)
    ✓ 所有批次完成: 总耗时 56.92s, 平均 9.49s/批
[029/112] adaptive: region=27, ep=17, variant=l2, map=selected_region
    → 处理 5 帧...
    → 批次进度: 1/1 (已处理 5/5 帧, 当前批耗时: 6.23s, 平均: 6.23s)
    ✓ 所有批次完成: 总耗时 6.23s, 平均 6.23s/批
    → 批量处理 160 帧 (共20批)...
    → 批次进度: 5/20 (已处理 40/160 帧, 当前批耗时: 9.79s, 平均: 9.85s)
    → 批次进度: 10/20 (已处理 80/160 帧, 当前批耗时: 9.88s, 平均: 9.87s)
    → 批次进度: 15/20 (已处理 120/160 帧, 当前批耗时: 9.75s, 平均: 9.90s)
    → 批次进度: 20/20 (已处理 160/160 帧, 当前批耗时: 9.85s, 平均: 9.91s)
    ✓ 所有批次完成: 总耗时 198.14s, 平均 9.91s/批
[030/112] adaptive: region=28, ep=100, variant=l2, map=selected_region
    → 处理 5 帧...
    → 批次进度: 1/1 (已处理 5/5 帧, 当前批耗时: 6.33s, 平均: 6.33s)
    ✓ 所有批次完成: 总耗时 6.33s, 平均 6.33s/批
    → 批量处理 47 帧 (共6批)...
    → 批次进度: 5/6 (已处理 40/47 帧, 当前批耗时: 9.90s, 平均: 10.01s)
    → 批次进度: 6/6 (已处理 47/47 帧, 当前批耗时: 8.66s, 平均: 9.78s)
    ✓ 所有批次完成: 总耗时 58.69s, 平均 9.78s/批
[031/112] adaptive: region=29, ep=369, variant=l2, map=selected_region
    → 处理 5 帧...
    → 批次进度: 1/1 (已处理 5/5 帧, 当前批耗时: 6.63s, 平均: 6.63s)
    ✓ 所有批次完成: 总耗时 6.63s, 平均 6.63s/批
    → 批量处理 48 帧 (共6批)...
    → 批次进度: 5/6 (已处理 40/48 帧, 当前批耗时: 9.89s, 平均: 10.01s)
    → 批次进度: 6/6 (已处理 48/48 帧, 当前批耗时: 9.85s, 平均: 9.99s)
    ✓ 所有批次完成: 总耗时 59.91s, 平均 9.99s/批
[032/112] adaptive: region=30, ep=180, variant=l2, map=selected_region
    → 处理 5 帧...
    → 批次进度: 1/1 (已处理 5/5 帧, 当前批耗时: 9.31s, 平均: 9.31s)
    ✓ 所有批次完成: 总耗时 9.31s, 平均 9.31s/批
    → 批量处理 43 帧 (共6批)...
    → 批次进度: 5/6 (已处理 40/43 帧, 当前批耗时: 9.87s, 平均: 12.17s)
    → 批次进度: 6/6 (已处理 43/43 帧, 当前批耗时: 3.64s, 平均: 10.75s)
    ✓ 所有批次完成: 总耗时 64.48s, 平均 10.75s/批
[033/112] adaptive: region=31, ep=106, variant=l2, map=selected_region
    → 处理 5 帧...
    → 批次进度: 1/1 (已处理 5/5 帧, 当前批耗时: 6.21s, 平均: 6.21s)
    ✓ 所有批次完成: 总耗时 6.21s, 平均 6.21s/批
    → 批量处理 45 帧 (共6批)...
    → 批次进度: 5/6 (已处理 40/45 帧, 当前批耗时: 9.96s, 平均: 9.99s)
    → 批次进度: 6/6 (已处理 45/45 帧, 当前批耗时: 6.25s, 平均: 9.36s)
    ✓ 所有批次完成: 总耗时 56.18s, 平均 9.36s/批
[034/112] adaptive: region=33, ep=154, variant=l2, map=selected_region
    → 处理 5 帧...
    → 批次进度: 1/1 (已处理 5/5 帧, 当前批耗时: 6.60s, 平均: 6.60s)
    ✓ 所有批次完成: 总耗时 6.60s, 平均 6.60s/批
    → 批量处理 42 帧 (共6批)...
    → 批次进度: 5/6 (已处理 40/42 帧, 当前批耗时: 10.05s, 平均: 10.00s)
    → 批次进度: 6/6 (已处理 42/42 帧, 当前批耗时: 2.43s, 平均: 8.74s)
    ✓ 所有批次完成: 总耗时 52.45s, 平均 8.74s/批
[035/112] adaptive: region=34, ep=218, variant=l2, map=selected_region
    → 处理 5 帧...
    → 批次进度: 1/1 (已处理 5/5 帧, 当前批耗时: 7.81s, 平均: 7.81s)
    ✓ 所有批次完成: 总耗时 7.81s, 平均 7.81s/批
    → 批量处理 60 帧 (共8批)...
    → 批次进度: 5/8 (已处理 40/60 帧, 当前批耗时: 10.08s, 平均: 13.20s)
    → 批次进度: 8/8 (已处理 60/60 帧, 当前批耗时: 5.03s, 平均: 11.39s)
    ✓ 所有批次完成: 总耗时 91.11s, 平均 11.39s/批
[036/112] adaptive: region=35, ep=399, variant=l2, map=selected_region
    → 处理 5 帧...
    → 批次进度: 1/1 (已处理 5/5 帧, 当前批耗时: 9.40s, 平均: 9.40s)
    ✓ 所有批次完成: 总耗时 9.40s, 平均 9.40s/批
    → 批量处理 242 帧 (共31批)...
    → 批次进度: 5/31 (已处理 40/242 帧, 当前批耗时: 10.02s, 平均: 11.89s)
    → 批次进度: 10/31 (已处理 80/242 帧, 当前批耗时: 9.85s, 平均: 10.87s)
    → 批次进度: 15/31 (已处理 120/242 帧, 当前批耗时: 10.10s, 平均: 10.60s)
    → 批次进度: 20/31 (已处理 160/242 帧, 当前批耗时: 10.06s, 平均: 10.47s)
    → 批次进度: 25/31 (已处理 200/242 帧, 当前批耗时: 9.81s, 平均: 10.37s)
    → 批次进度: 30/31 (已处理 240/242 帧, 当前批耗时: 9.83s, 平均: 10.28s)
    → 批次进度: 31/31 (已处理 242/242 帧, 当前批耗时: 2.51s, 平均: 10.03s)
    ✓ 所有批次完成: 总耗时 310.96s, 平均 10.03s/批
[037/112] adaptive: region=36, ep=50, variant=l2, map=selected_region
    → 处理 5 帧...
    → 批次进度: 1/1 (已处理 5/5 帧, 当前批耗时: 6.27s, 平均: 6.27s)
    ✓ 所有批次完成: 总耗时 6.27s, 平均 6.27s/批
    → 批量处理 45 帧 (共6批)...
    → 批次进度: 5/6 (已处理 40/45 帧, 当前批耗时: 9.92s, 平均: 9.99s)
    → 批次进度: 6/6 (已处理 45/45 帧, 当前批耗时: 6.21s, 平均: 9.36s)
    ✓ 所有批次完成: 总耗时 56.17s, 平均 9.36s/批
[038/112] adaptive: region=37, ep=185, variant=l2, map=selected_region
    → 处理 5 帧...
    → 批次进度: 1/1 (已处理 5/5 帧, 当前批耗时: 6.45s, 平均: 6.45s)
    ✓ 所有批次完成: 总耗时 6.45s, 平均 6.45s/批
    → 批量处理 57 帧 (共8批)...
    → 批次进度: 5/8 (已处理 40/57 帧, 当前批耗时: 9.81s, 平均: 9.97s)
    → 批次进度: 8/8 (已处理 57/57 帧, 当前批耗时: 1.25s, 平均: 8.81s)
    ✓ 所有批次完成: 总耗时 70.50s, 平均 8.81s/批
[039/112] adaptive: region=38, ep=56, variant=l2, map=selected_region
    → 处理 5 帧...
    → 批次进度: 1/1 (已处理 5/5 帧, 当前批耗时: 6.08s, 平均: 6.08s)
    ✓ 所有批次完成: 总耗时 6.08s, 平均 6.08s/批
    → 批量处理 160 帧 (共20批)...
    → 批次进度: 5/20 (已处理 40/160 帧, 当前批耗时: 9.92s, 平均: 9.91s)
    → 批次进度: 10/20 (已处理 80/160 帧, 当前批耗时: 9.85s, 平均: 9.88s)
    → 批次进度: 15/20 (已处理 120/160 帧, 当前批耗时: 9.80s, 平均: 9.90s)
    → 批次进度: 20/20 (已处理 160/160 帧, 当前批耗时: 10.00s, 平均: 9.91s)
    ✓ 所有批次完成: 总耗时 198.24s, 平均 9.91s/批
[040/112] adaptive: region=39, ep=206, variant=l2, map=selected_region
    → 处理 5 帧...
    → 批次进度: 1/1 (已处理 5/5 帧, 当前批耗时: 6.28s, 平均: 6.28s)
    ✓ 所有批次完成: 总耗时 6.28s, 平均 6.28s/批
    → 批量处理 46 帧 (共6批)...
    → 批次进度: 5/6 (已处理 40/46 帧, 当前批耗时: 9.96s, 平均: 9.96s)
    → 批次进度: 6/6 (已处理 46/46 帧, 当前批耗时: 7.44s, 平均: 9.54s)
    ✓ 所有批次完成: 总耗时 57.22s, 平均 9.54s/批
[041/112] adaptive: region=0, ep=115, variant=l2, map=selected_region
    → 处理 5 帧...
    → 批次进度: 1/1 (已处理 5/5 帧, 当前批耗时: 6.41s, 平均: 6.41s)
    ✓ 所有批次完成: 总耗时 6.41s, 平均 6.41s/批
    → 批量处理 55 帧 (共7批)...
    → 批次进度: 5/7 (已处理 40/55 帧, 当前批耗时: 9.93s, 平均: 9.93s)
    → 批次进度: 7/7 (已处理 55/55 帧, 当前批耗时: 8.61s, 平均: 9.75s)
    ✓ 所有批次完成: 总耗时 68.23s, 平均 9.75s/批
[042/112] adaptive: region=0, ep=276, variant=l2, map=selected_region
    → 处理 5 帧...
    → 批次进度: 1/1 (已处理 5/5 帧, 当前批耗时: 6.20s, 平均: 6.20s)
    ✓ 所有批次完成: 总耗时 6.20s, 平均 6.20s/批
    → 批量处理 56 帧 (共7批)...
    → 批次进度: 5/7 (已处理 40/56 帧, 当前批耗时: 9.78s, 平均: 9.82s)
    → 批次进度: 7/7 (已处理 56/56 帧, 当前批耗时: 9.83s, 平均: 9.81s)
    ✓ 所有批次完成: 总耗时 68.69s, 平均 9.81s/批
[043/112] adaptive: region=0, ep=301, variant=l2, map=selected_region
    → 处理 5 帧...
    → 批次进度: 1/1 (已处理 5/5 帧, 当前批耗时: 6.41s, 平均: 6.41s)
    ✓ 所有批次完成: 总耗时 6.41s, 平均 6.41s/批
    → 批量处理 68 帧 (共9批)...
    → 批次进度: 5/9 (已处理 40/68 帧, 当前批耗时: 10.12s, 平均: 10.05s)
    → 批次进度: 9/9 (已处理 68/68 帧, 当前批耗时: 4.97s, 平均: 9.49s)
    ✓ 所有批次完成: 总耗时 85.37s, 平均 9.49s/批
[044/112] adaptive: region=0, ep=69, variant=l2, map=selected_region
    → 处理 5 帧...
    → 批次进度: 1/1 (已处理 5/5 帧, 当前批耗时: 6.28s, 平均: 6.28s)
    ✓ 所有批次完成: 总耗时 6.28s, 平均 6.28s/批
    → 批量处理 66 帧 (共9批)...
    → 批次进度: 5/9 (已处理 40/66 帧, 当前批耗时: 10.17s, 平均: 10.22s)
    → 批次进度: 9/9 (已处理 66/66 帧, 当前批耗时: 2.55s, 平均: 9.29s)
    ✓ 所有批次完成: 总耗时 83.58s, 平均 9.29s/批
[045/112] adaptive: region=0, ep=165, variant=l2, map=selected_region
    → 处理 5 帧...
    → 批次进度: 1/1 (已处理 5/5 帧, 当前批耗时: 6.18s, 平均: 6.18s)
    ✓ 所有批次完成: 总耗时 6.18s, 平均 6.18s/批
    → 批量处理 47 帧 (共6批)...
    → 批次进度: 5/6 (已处理 40/47 帧, 当前批耗时: 10.51s, 平均: 10.02s)
    → 批次进度: 6/6 (已处理 47/47 帧, 当前批耗时: 8.83s, 平均: 9.82s)
    ✓ 所有批次完成: 总耗时 58.94s, 平均 9.82s/批
[046/112] adaptive: region=0, ep=348, variant=l2, map=selected_region
    → 处理 5 帧...
    → 批次进度: 1/1 (已处理 5/5 帧, 当前批耗时: 6.62s, 平均: 6.62s)
    ✓ 所有批次完成: 总耗时 6.62s, 平均 6.62s/批
    → 批量处理 62 帧 (共8批)...
    → 批次进度: 5/8 (已处理 40/62 帧, 当前批耗时: 9.84s, 平均: 9.90s)
    → 批次进度: 8/8 (已处理 62/62 帧, 当前批耗时: 7.50s, 平均: 9.59s)
    ✓ 所有批次完成: 总耗时 76.73s, 平均 9.59s/批
[047/112] adaptive: region=0, ep=63, variant=l2, map=selected_region
    → 处理 5 帧...
    → 批次进度: 1/1 (已处理 5/5 帧, 当前批耗时: 6.14s, 平均: 6.14s)
    ✓ 所有批次完成: 总耗时 6.14s, 平均 6.14s/批
    → 批量处理 58 帧 (共8批)...
    → 批次进度: 5/8 (已处理 40/58 帧, 当前批耗时: 10.32s, 平均: 10.26s)
    → 批次进度: 8/8 (已处理 58/58 帧, 当前批耗时: 2.43s, 平均: 9.21s)
    ✓ 所有批次完成: 总耗时 73.66s, 平均 9.21s/批
[048/112] adaptive: region=0, ep=193, variant=l2, map=selected_region
    → 处理 5 帧...
    → 批次进度: 1/1 (已处理 5/5 帧, 当前批耗时: 6.13s, 平均: 6.13s)
    ✓ 所有批次完成: 总耗时 6.13s, 平均 6.13s/批
    → 批量处理 57 帧 (共8批)...
    → 批次进度: 5/8 (已处理 40/57 帧, 当前批耗时: 9.94s, 平均: 9.86s)
    → 批次进度: 8/8 (已处理 57/57 帧, 当前批耗时: 1.33s, 平均: 8.92s)
    ✓ 所有批次完成: 总耗时 71.38s, 平均 8.92s/批
[049/112] adaptive: region=0, ep=313, variant=l2, map=selected_region
    → 处理 5 帧...
    → 批次进度: 1/1 (已处理 5/5 帧, 当前批耗时: 6.27s, 平均: 6.27s)
    ✓ 所有批次完成: 总耗时 6.27s, 平均 6.27s/批
    → 批量处理 48 帧 (共6批)...
    → 批次进度: 5/6 (已处理 40/48 帧, 当前批耗时: 9.97s, 平均: 9.92s)
    → 批次进度: 6/6 (已处理 48/48 帧, 当前批耗时: 9.92s, 平均: 9.92s)
    ✓ 所有批次完成: 总耗时 59.52s, 平均 9.92s/批
[050/112] adaptive: region=0, ep=68, variant=l2, map=selected_region
    → 处理 5 帧...
    → 批次进度: 1/1 (已处理 5/5 帧, 当前批耗时: 6.03s, 平均: 6.03s)
    ✓ 所有批次完成: 总耗时 6.03s, 平均 6.03s/批
    → 批量处理 70 帧 (共9批)...
    → 批次进度: 5/9 (已处理 40/70 帧, 当前批耗时: 10.07s, 平均: 10.01s)
    → 批次进度: 9/9 (已处理 70/70 帧, 当前批耗时: 7.52s, 平均: 9.75s)
    ✓ 所有批次完成: 总耗时 87.71s, 平均 9.75s/批
[051/112] adaptive: region=0, ep=285, variant=l2, map=selected_region
    → 处理 5 帧...
    → 批次进度: 1/1 (已处理 5/5 帧, 当前批耗时: 6.32s, 平均: 6.32s)
    ✓ 所有批次完成: 总耗时 6.32s, 平均 6.32s/批
    → 批量处理 63 帧 (共8批)...
    → 批次进度: 5/8 (已处理 40/63 帧, 当前批耗时: 10.45s, 平均: 10.24s)
    → 批次进度: 8/8 (已处理 63/63 帧, 当前批耗时: 8.65s, 平均: 10.00s)
    ✓ 所有批次完成: 总耗时 80.00s, 平均 10.00s/批
[052/112] adaptive: region=0, ep=322, variant=l2, map=selected_region
    → 处理 5 帧...
    → 批次进度: 1/1 (已处理 5/5 帧, 当前批耗时: 6.23s, 平均: 6.23s)
    ✓ 所有批次完成: 总耗时 6.23s, 平均 6.23s/批
    → 批量处理 45 帧 (共6批)...
    → 批次进度: 5/6 (已处理 40/45 帧, 当前批耗时: 9.75s, 平均: 9.88s)
    → 批次进度: 6/6 (已处理 45/45 帧, 当前批耗时: 6.11s, 平均: 9.25s)
    ✓ 所有批次完成: 总耗时 55.51s, 平均 9.25s/批
[053/112] adaptive: region=0, ep=181, variant=l2, map=selected_region
    → 处理 5 帧...
    → 批次进度: 1/1 (已处理 5/5 帧, 当前批耗时: 10.18s, 平均: 10.18s)
    ✓ 所有批次完成: 总耗时 10.18s, 平均 10.18s/批
    → 批量处理 47 帧 (共6批)...
    → 批次进度: 5/6 (已处理 40/47 帧, 当前批耗时: 9.81s, 平均: 9.87s)
    → 批次进度: 6/6 (已处理 47/47 帧, 当前批耗时: 8.60s, 平均: 9.66s)
    ✓ 所有批次完成: 总耗时 57.94s, 平均 9.66s/批
[054/112] adaptive: region=0, ep=62, variant=l2, map=selected_region
    → 处理 5 帧...
    → 批次进度: 1/1 (已处理 5/5 帧, 当前批耗时: 6.33s, 平均: 6.33s)
    ✓ 所有批次完成: 总耗时 6.33s, 平均 6.33s/批
    → 批量处理 48 帧 (共6批)...
    → 批次进度: 5/6 (已处理 40/48 帧, 当前批耗时: 10.02s, 平均: 10.04s)
    → 批次进度: 6/6 (已处理 48/48 帧, 当前批耗时: 9.87s, 平均: 10.01s)
    ✓ 所有批次完成: 总耗时 60.08s, 平均 10.01s/批
[055/112] adaptive: region=0, ep=168, variant=l2, map=selected_region
    → 处理 5 帧...
    → 批次进度: 1/1 (已处理 5/5 帧, 当前批耗时: 6.15s, 平均: 6.15s)
    ✓ 所有批次完成: 总耗时 6.15s, 平均 6.15s/批
    → 批量处理 69 帧 (共9批)...
    → 批次进度: 5/9 (已处理 40/69 帧, 当前批耗时: 9.77s, 平均: 9.81s)
    → 批次进度: 9/9 (已处理 69/69 帧, 当前批耗时: 6.04s, 平均: 9.46s)
    ✓ 所有批次完成: 总耗时 85.11s, 平均 9.46s/批
[056/112] adaptive: region=0, ep=296, variant=l2, map=selected_region
    → 处理 5 帧...
    → 批次进度: 1/1 (已处理 5/5 帧, 当前批耗时: 6.13s, 平均: 6.13s)
    ✓ 所有批次完成: 总耗时 6.13s, 平均 6.13s/批
    → 批量处理 49 帧 (共7批)...
    → 批次进度: 5/7 (已处理 40/49 帧, 当前批耗时: 9.90s, 平均: 9.89s)
    → 批次进度: 7/7 (已处理 49/49 帧, 当前批耗时: 1.28s, 平均: 8.67s)
    ✓ 所有批次完成: 总耗时 60.70s, 平均 8.67s/批
[057/112] adaptive: region=0, ep=333, variant=l2, map=selected_region
    → 处理 5 帧...
    → 批次进度: 1/1 (已处理 5/5 帧, 当前批耗时: 6.27s, 平均: 6.27s)
    ✓ 所有批次完成: 总耗时 6.27s, 平均 6.27s/批
    → 批量处理 57 帧 (共8批)...
    → 批次进度: 5/8 (已处理 40/57 帧, 当前批耗时: 9.99s, 平均: 10.05s)
    → 批次进度: 8/8 (已处理 57/57 帧, 当前批耗时: 1.20s, 平均: 8.92s)
    ✓ 所有批次完成: 总耗时 71.40s, 平均 8.92s/批
[058/112] adaptive: region=0, ep=307, variant=l2, map=selected_region
    → 处理 5 帧...
    → 批次进度: 1/1 (已处理 5/5 帧, 当前批耗时: 9.11s, 平均: 9.11s)
    ✓ 所有批次完成: 总耗时 9.11s, 平均 9.11s/批
    → 批量处理 65 帧 (共9批)...
    → 批次进度: 5/9 (已处理 40/65 帧, 当前批耗时: 9.76s, 平均: 13.29s)
    → 批次进度: 9/9 (已处理 65/65 帧, 当前批耗时: 1.27s, 平均: 10.77s)
    ✓ 所有批次完成: 总耗时 96.89s, 平均 10.77s/批
[059/112] adaptive: region=0, ep=299, variant=l2, map=selected_region
    → 处理 5 帧...
    → 批次进度: 1/1 (已处理 5/5 帧, 当前批耗时: 6.19s, 平均: 6.19s)
    ✓ 所有批次完成: 总耗时 6.19s, 平均 6.19s/批
    → 批量处理 48 帧 (共6批)...
    → 批次进度: 5/6 (已处理 40/48 帧, 当前批耗时: 9.95s, 平均: 9.81s)
    → 批次进度: 6/6 (已处理 48/48 帧, 当前批耗时: 10.28s, 平均: 9.89s)
    ✓ 所有批次完成: 总耗时 59.34s, 平均 9.89s/批
[060/112] adaptive: region=0, ep=306, variant=l2, map=selected_region
    → 处理 5 帧...
    → 批次进度: 1/1 (已处理 5/5 帧, 当前批耗时: 6.06s, 平均: 6.06s)
    ✓ 所有批次完成: 总耗时 6.06s, 平均 6.06s/批
    → 批量处理 57 帧 (共8批)...
    → 批次进度: 5/8 (已处理 40/57 帧, 当前批耗时: 9.85s, 平均: 9.83s)
    → 批次进度: 8/8 (已处理 57/57 帧, 当前批耗时: 1.26s, 平均: 8.76s)
    ✓ 所有批次完成: 总耗时 70.08s, 平均 8.76s/批
[061/112] adaptive: region=0, ep=317, variant=l2, map=selected_region
    → 处理 5 帧...
    → 批次进度: 1/1 (已处理 5/5 帧, 当前批耗时: 6.18s, 平均: 6.18s)
    ✓ 所有批次完成: 总耗时 6.18s, 平均 6.18s/批
    → 批量处理 44 帧 (共6批)...
    → 批次进度: 5/6 (已处理 40/44 帧, 当前批耗时: 9.91s, 平均: 9.93s)
    → 批次进度: 6/6 (已处理 44/44 帧, 当前批耗时: 4.92s, 平均: 9.09s)
    ✓ 所有批次完成: 总耗时 54.55s, 平均 9.09s/批
[062/112] adaptive: region=0, ep=124, variant=l2, map=selected_region
    → 处理 5 帧...
    → 批次进度: 1/1 (已处理 5/5 帧, 当前批耗时: 6.29s, 平均: 6.29s)
    ✓ 所有批次完成: 总耗时 6.29s, 平均 6.29s/批
    → 批量处理 67 帧 (共9批)...
    → 批次进度: 5/9 (已处理 40/67 帧, 当前批耗时: 9.94s, 平均: 9.84s)
    → 批次进度: 9/9 (已处理 67/67 帧, 当前批耗时: 3.63s, 平均: 9.14s)
    ✓ 所有批次完成: 总耗时 82.28s, 平均 9.14s/批
[063/112] adaptive: region=0, ep=197, variant=l2, map=selected_region
    → 处理 5 帧...
    → 批次进度: 1/1 (已处理 5/5 帧, 当前批耗时: 8.43s, 平均: 8.43s)
    ✓ 所有批次完成: 总耗时 8.43s, 平均 8.43s/批
    → 批量处理 65 帧 (共9批)...
    → 批次进度: 5/9 (已处理 40/65 帧, 当前批耗时: 9.82s, 平均: 9.85s)
    → 批次进度: 9/9 (已处理 65/65 帧, 当前批耗时: 1.30s, 平均: 8.90s)
    ✓ 所有批次完成: 总耗时 80.11s, 平均 8.90s/批
[064/112] adaptive: region=0, ep=335, variant=l2, map=selected_region
    → 处理 5 帧...
    → 批次进度: 1/1 (已处理 5/5 帧, 当前批耗时: 9.29s, 平均: 9.29s)
    ✓ 所有批次完成: 总耗时 9.29s, 平均 9.29s/批
    → 批量处理 47 帧 (共6批)...
    → 批次进度: 5/6 (已处理 40/47 帧, 当前批耗时: 15.21s, 平均: 15.41s)
    → 批次进度: 6/6 (已处理 47/47 帧, 当前批耗时: 13.39s, 平均: 15.07s)
    ✓ 所有批次完成: 总耗时 90.43s, 平均 15.07s/批
[065/112] adaptive: region=0, ep=303, variant=l2, map=selected_region
    → 处理 5 帧...
    → 批次进度: 1/1 (已处理 5/5 帧, 当前批耗时: 6.25s, 平均: 6.25s)
    ✓ 所有批次完成: 总耗时 6.25s, 平均 6.25s/批
    → 批量处理 65 帧 (共9批)...
    → 批次进度: 5/9 (已处理 40/65 帧, 当前批耗时: 9.95s, 平均: 9.94s)
    → 批次进度: 9/9 (已处理 65/65 帧, 当前批耗时: 1.18s, 平均: 8.83s)
    ✓ 所有批次完成: 总耗时 79.50s, 平均 8.83s/批
[066/112] adaptive: region=0, ep=157, variant=l2, map=selected_region
    → 处理 5 帧...
    → 批次进度: 1/1 (已处理 5/5 帧, 当前批耗时: 5.90s, 平均: 5.90s)
    ✓ 所有批次完成: 总耗时 5.90s, 平均 5.90s/批
    → 批量处理 67 帧 (共9批)...
    → 批次进度: 5/9 (已处理 40/67 帧, 当前批耗时: 9.33s, 平均: 9.38s)
    → 批次进度: 9/9 (已处理 67/67 帧, 当前批耗时: 3.54s, 平均: 8.73s)
    ✓ 所有批次完成: 总耗时 78.60s, 平均 8.73s/批
[067/112] adaptive: region=0, ep=200, variant=l2, map=selected_region
    → 处理 5 帧...
    → 批次进度: 1/1 (已处理 5/5 帧, 当前批耗时: 5.95s, 平均: 5.95s)
    ✓ 所有批次完成: 总耗时 5.95s, 平均 5.95s/批
    → 批量处理 49 帧 (共7批)...
    → 批次进度: 5/7 (已处理 40/49 帧, 当前批耗时: 9.42s, 平均: 9.43s)
    → 批次进度: 7/7 (已处理 49/49 帧, 当前批耗时: 1.19s, 平均: 8.25s)
    ✓ 所有批次完成: 总耗时 57.73s, 平均 8.25s/批
[068/112] adaptive: region=0, ep=288, variant=l2, map=selected_region
    → 处理 5 帧...
    → 批次进度: 1/1 (已处理 5/5 帧, 当前批耗时: 5.89s, 平均: 5.89s)
    ✓ 所有批次完成: 总耗时 5.89s, 平均 5.89s/批
    → 批量处理 56 帧 (共7批)...
    → 批次进度: 5/7 (已处理 40/56 帧, 当前批耗时: 9.28s, 平均: 9.33s)
    → 批次进度: 7/7 (已处理 56/56 帧, 当前批耗时: 9.33s, 平均: 9.33s)
    ✓ 所有批次完成: 总耗时 65.32s, 平均 9.33s/批
[069/112] adaptive: region=0, ep=304, variant=l2, map=selected_region
    → 处理 5 帧...
    → 批次进度: 1/1 (已处理 5/5 帧, 当前批耗时: 5.84s, 平均: 5.84s)
    ✓ 所有批次完成: 总耗时 5.84s, 平均 5.84s/批
    → 批量处理 46 帧 (共6批)...
    → 批次进度: 5/6 (已处理 40/46 帧, 当前批耗时: 9.20s, 平均: 9.21s)
    → 批次进度: 6/6 (已处理 46/46 帧, 当前批耗时: 6.98s, 平均: 8.84s)
    ✓ 所有批次完成: 总耗时 53.02s, 平均 8.84s/批
[070/112] adaptive: region=0, ep=324, variant=l2, map=selected_region
    → 处理 5 帧...
    → 批次进度: 1/1 (已处理 5/5 帧, 当前批耗时: 8.60s, 平均: 8.60s)
    ✓ 所有批次完成: 总耗时 8.60s, 平均 8.60s/批
    → 批量处理 70 帧 (共9批)...
    → 批次进度: 5/9 (已处理 40/70 帧, 当前批耗时: 9.43s, 平均: 9.45s)
    → 批次进度: 9/9 (已处理 70/70 帧, 当前批耗时: 6.94s, 平均: 9.13s)
    ✓ 所有批次完成: 总耗时 82.21s, 平均 9.13s/批
[071/112] adaptive: region=0, ep=281, variant=l2, map=selected_region
    → 处理 5 帧...
    → 批次进度: 1/1 (已处理 5/5 帧, 当前批耗时: 5.88s, 平均: 5.88s)
    ✓ 所有批次完成: 总耗时 5.88s, 平均 5.88s/批
    → 批量处理 43 帧 (共6批)...
    → 批次进度: 5/6 (已处理 40/43 帧, 当前批耗时: 9.26s, 平均: 9.37s)
    → 批次进度: 6/6 (已处理 43/43 帧, 当前批耗时: 3.48s, 平均: 8.39s)
    ✓ 所有批次完成: 总耗时 50.31s, 平均 8.39s/批
[072/112] adaptive: region=0, ep=283, variant=l2, map=selected_region
    → 处理 5 帧...
    → 批次进度: 1/1 (已处理 5/5 帧, 当前批耗时: 5.88s, 平均: 5.88s)
    ✓ 所有批次完成: 总耗时 5.88s, 平均 5.88s/批
    → 批量处理 45 帧 (共6批)...
    → 批次进度: 5/6 (已处理 40/45 帧, 当前批耗时: 9.34s, 平均: 9.34s)
    → 批次进度: 6/6 (已处理 45/45 帧, 当前批耗时: 5.84s, 平均: 8.76s)
    ✓ 所有批次完成: 总耗时 52.53s, 平均 8.76s/批
[073/112] adaptive: region=0, ep=196, variant=l2, map=selected_region
    → 处理 5 帧...
    → 批次进度: 1/1 (已处理 5/5 帧, 当前批耗时: 8.49s, 平均: 8.49s)
    ✓ 所有批次完成: 总耗时 8.49s, 平均 8.49s/批
    → 批量处理 57 帧 (共8批)...
    → 批次进度: 5/8 (已处理 40/57 帧, 当前批耗时: 9.33s, 平均: 10.01s)
    → 批次进度: 8/8 (已处理 57/57 帧, 当前批耗时: 1.17s, 平均: 8.74s)
    ✓ 所有批次完成: 总耗时 69.91s, 平均 8.74s/批
[074/112] adaptive: region=0, ep=278, variant=l2, map=selected_region
    → 处理 5 帧...
    → 批次进度: 1/1 (已处理 5/5 帧, 当前批耗时: 5.85s, 平均: 5.85s)
    ✓ 所有批次完成: 总耗时 5.85s, 平均 5.85s/批
    → 批量处理 52 帧 (共7批)...
    → 批次进度: 5/7 (已处理 40/52 帧, 当前批耗时: 9.37s, 平均: 9.35s)
    → 批次进度: 7/7 (已处理 52/52 帧, 当前批耗时: 4.71s, 平均: 8.69s)
    ✓ 所有批次完成: 总耗时 60.86s, 平均 8.69s/批
[075/112] adaptive: region=0, ep=173, variant=l2, map=selected_region
    → 处理 5 帧...
    → 批次进度: 1/1 (已处理 5/5 帧, 当前批耗时: 5.85s, 平均: 5.85s)
    ✓ 所有批次完成: 总耗时 5.85s, 平均 5.85s/批
    → 批量处理 50 帧 (共7批)...
    → 批次进度: 5/7 (已处理 40/50 帧, 当前批耗时: 9.18s, 平均: 9.33s)
    → 批次进度: 7/7 (已处理 50/50 帧, 当前批耗时: 2.31s, 平均: 8.31s)
    ✓ 所有批次完成: 总耗时 58.14s, 平均 8.31s/批
[076/112] adaptive: region=0, ep=325, variant=l2, map=selected_region
    → 处理 5 帧...
    → 批次进度: 1/1 (已处理 5/5 帧, 当前批耗时: 8.55s, 平均: 8.55s)
    ✓ 所有批次完成: 总耗时 8.55s, 平均 8.55s/批
    → 批量处理 67 帧 (共9批)...
    → 批次进度: 5/9 (已处理 40/67 帧, 当前批耗时: 9.35s, 平均: 13.02s)
    → 批次进度: 9/9 (已处理 67/67 帧, 当前批耗时: 3.45s, 平均: 10.70s)
    ✓ 所有批次完成: 总耗时 96.30s, 平均 10.70s/批
[077/112] adaptive: region=0, ep=177, variant=l2, map=selected_region
    → 处理 5 帧...
    → 批次进度: 1/1 (已处理 5/5 帧, 当前批耗时: 5.73s, 平均: 5.73s)
    ✓ 所有批次完成: 总耗时 5.73s, 平均 5.73s/批
    → 批量处理 47 帧 (共6批)...
    → 批次进度: 5/6 (已处理 40/47 帧, 当前批耗时: 9.33s, 平均: 9.32s)
    → 批次进度: 6/6 (已处理 47/47 帧, 当前批耗时: 8.17s, 平均: 9.13s)
    ✓ 所有批次完成: 总耗时 54.77s, 平均 9.13s/批
[078/112] adaptive: region=0, ep=169, variant=l2, map=selected_region
    → 处理 5 帧...
    → 批次进度: 1/1 (已处理 5/5 帧, 当前批耗时: 5.91s, 平均: 5.91s)
    ✓ 所有批次完成: 总耗时 5.91s, 平均 5.91s/批
    → 批量处理 57 帧 (共8批)...
    → 批次进度: 5/8 (已处理 40/57 帧, 当前批耗时: 9.30s, 平均: 9.33s)
    → 批次进度: 8/8 (已处理 57/57 帧, 当前批耗时: 1.17s, 平均: 8.32s)
    ✓ 所有批次完成: 总耗时 66.56s, 平均 8.32s/批
[079/112] adaptive: region=0, ep=161, variant=l2, map=selected_region
    → 处理 5 帧...
    → 批次进度: 1/1 (已处理 5/5 帧, 当前批耗时: 5.84s, 平均: 5.84s)
    ✓ 所有批次完成: 总耗时 5.84s, 平均 5.84s/批
    → 批量处理 72 帧 (共9批)...
    → 批次进度: 5/9 (已处理 40/72 帧, 当前批耗时: 9.30s, 平均: 9.30s)
    → 批次进度: 9/9 (已处理 72/72 帧, 当前批耗时: 9.39s, 平均: 9.32s)
    ✓ 所有批次完成: 总耗时 83.91s, 平均 9.32s/批
[080/112] adaptive: region=0, ep=274, variant=l2, map=selected_region
    → 处理 5 帧...
    → 批次进度: 1/1 (已处理 5/5 帧, 当前批耗时: 6.02s, 平均: 6.02s)
    ✓ 所有批次完成: 总耗时 6.02s, 平均 6.02s/批
    → 批量处理 50 帧 (共7批)...
    → 批次进度: 5/7 (已处理 40/50 帧, 当前批耗时: 9.37s, 平均: 9.43s)
    → 批次进度: 7/7 (已处理 50/50 帧, 当前批耗时: 2.36s, 平均: 8.41s)
    ✓ 所有批次完成: 总耗时 58.87s, 平均 8.41s/批
[081/112] adaptive: region=0, ep=190, variant=l2, map=selected_region
    → 处理 5 帧...
    → 批次进度: 1/1 (已处理 5/5 帧, 当前批耗时: 5.95s, 平均: 5.95s)
    ✓ 所有批次完成: 总耗时 5.95s, 平均 5.95s/批
    → 批量处理 66 帧 (共9批)...
    → 批次进度: 5/9 (已处理 40/66 帧, 当前批耗时: 10.29s, 平均: 13.01s)
    → 批次进度: 9/9 (已处理 66/66 帧, 当前批耗时: 2.34s, 平均: 11.75s)
    ✓ 所有批次完成: 总耗时 105.71s, 平均 11.75s/批
[082/112] adaptive: region=0, ep=174, variant=l2, map=selected_region
    → 处理 5 帧...
    → 批次进度: 1/1 (已处理 5/5 帧, 当前批耗时: 5.85s, 平均: 5.85s)
    ✓ 所有批次完成: 总耗时 5.85s, 平均 5.85s/批
    → 批量处理 49 帧 (共7批)...
    → 批次进度: 5/7 (已处理 40/49 帧, 当前批耗时: 9.27s, 平均: 9.26s)
    → 批次进度: 7/7 (已处理 49/49 帧, 当前批耗时: 1.17s, 平均: 8.12s)
    ✓ 所有批次完成: 总耗时 56.83s, 平均 8.12s/批
[083/112] adaptive: region=0, ep=186, variant=l2, map=selected_region
    → 处理 5 帧...
    → 批次进度: 1/1 (已处理 5/5 帧, 当前批耗时: 8.67s, 平均: 8.67s)
    ✓ 所有批次完成: 总耗时 8.67s, 平均 8.67s/批
    → 批量处理 56 帧 (共7批)...
    → 批次进度: 5/7 (已处理 40/56 帧, 当前批耗时: 9.21s, 平均: 9.91s)
    → 批次进度: 7/7 (已处理 56/56 帧, 当前批耗时: 9.20s, 平均: 9.71s)
    ✓ 所有批次完成: 总耗时 67.97s, 平均 9.71s/批
[084/112] adaptive: region=0, ep=290, variant=l2, map=selected_region
    → 处理 5 帧...
    → 批次进度: 1/1 (已处理 5/5 帧, 当前批耗时: 5.88s, 平均: 5.88s)
    ✓ 所有批次完成: 总耗时 5.88s, 平均 5.88s/批
    → 批量处理 43 帧 (共6批)...
    → 批次进度: 5/6 (已处理 40/43 帧, 当前批耗时: 9.16s, 平均: 9.27s)
    → 批次进度: 6/6 (已处理 43/43 帧, 当前批耗时: 3.58s, 平均: 8.32s)
    ✓ 所有批次完成: 总耗时 49.94s, 平均 8.32s/批
[085/112] adaptive: region=0, ep=289, variant=l2, map=selected_region
    → 处理 5 帧...
    → 批次进度: 1/1 (已处理 5/5 帧, 当前批耗时: 5.92s, 平均: 5.92s)
    ✓ 所有批次完成: 总耗时 5.92s, 平均 5.92s/批
    → 批量处理 57 帧 (共8批)...
    → 批次进度: 5/8 (已处理 40/57 帧, 当前批耗时: 9.37s, 平均: 9.34s)
    → 批次进度: 8/8 (已处理 57/57 帧, 当前批耗时: 1.16s, 平均: 8.31s)
    ✓ 所有批次完成: 总耗时 66.50s, 平均 8.31s/批
[086/112] adaptive: region=0, ep=344, variant=l2, map=selected_region
    → 处理 5 帧...
    → 批次进度: 1/1 (已处理 5/5 帧, 当前批耗时: 5.91s, 平均: 5.91s)
    ✓ 所有批次完成: 总耗时 5.91s, 平均 5.91s/批
    → 批量处理 57 帧 (共8批)...
    → 批次进度: 5/8 (已处理 40/57 帧, 当前批耗时: 9.38s, 平均: 9.39s)
    → 批次进度: 8/8 (已处理 57/57 帧, 当前批耗时: 1.17s, 平均: 8.35s)
    ✓ 所有批次完成: 总耗时 66.83s, 平均 8.35s/批
[087/112] adaptive: region=0, ep=184, variant=l2, map=selected_region
    → 处理 5 帧...
    → 批次进度: 1/1 (已处理 5/5 帧, 当前批耗时: 8.56s, 平均: 8.56s)
    ✓ 所有批次完成: 总耗时 8.56s, 平均 8.56s/批
    → 批量处理 45 帧 (共6批)...
    → 批次进度: 5/6 (已处理 40/45 帧, 当前批耗时: 9.34s, 平均: 10.07s)
    → 批次进度: 6/6 (已处理 45/45 帧, 当前批耗时: 5.85s, 平均: 9.37s)
    ✓ 所有批次完成: 总耗时 56.22s, 平均 9.37s/批
[088/112] adaptive: region=0, ep=334, variant=l2, map=selected_region
    → 处理 5 帧...
    → 批次进度: 1/1 (已处理 5/5 帧, 当前批耗时: 5.88s, 平均: 5.88s)
    ✓ 所有批次完成: 总耗时 5.88s, 平均 5.88s/批
    → 批量处理 49 帧 (共7批)...
    → 批次进度: 5/7 (已处理 40/49 帧, 当前批耗时: 9.42s, 平均: 9.40s)
    → 批次进度: 7/7 (已处理 49/49 帧, 当前批耗时: 1.17s, 平均: 8.20s)
    ✓ 所有批次完成: 总耗时 57.40s, 平均 8.20s/批
[089/112] adaptive: region=0, ep=273, variant=l2, map=selected_region
    → 处理 5 帧...
    → 批次进度: 1/1 (已处理 5/5 帧, 当前批耗时: 5.76s, 平均: 5.76s)
    ✓ 所有批次完成: 总耗时 5.76s, 平均 5.76s/批
    → 批量处理 65 帧 (共9批)...
    → 批次进度: 5/9 (已处理 40/65 帧, 当前批耗时: 9.39s, 平均: 9.35s)
    → 批次进度: 9/9 (已处理 65/65 帧, 当前批耗时: 1.18s, 平均: 8.46s)
    ✓ 所有批次完成: 总耗时 76.14s, 平均 8.46s/批
[090/112] adaptive: region=0, ep=349, variant=l2, map=selected_region
    → 处理 5 帧...
    → 批次进度: 1/1 (已处理 5/5 帧, 当前批耗时: 8.66s, 平均: 8.66s)
    ✓ 所有批次完成: 总耗时 8.66s, 平均 8.66s/批
    → 批量处理 72 帧 (共9批)...
    → 批次进度: 5/9 (已处理 40/72 帧, 当前批耗时: 9.20s, 平均: 11.08s)
    → 批次进度: 9/9 (已处理 72/72 帧, 当前批耗时: 9.24s, 平均: 10.27s)
    ✓ 所有批次完成: 总耗时 92.40s, 平均 10.27s/批
[091/112] adaptive: region=0, ep=292, variant=l2, map=selected_region
    → 处理 5 帧...
    → 批次进度: 1/1 (已处理 5/5 帧, 当前批耗时: 5.88s, 平均: 5.88s)
    ✓ 所有批次完成: 总耗时 5.88s, 平均 5.88s/批
    → 批量处理 50 帧 (共7批)...
    → 批次进度: 5/7 (已处理 40/50 帧, 当前批耗时: 9.34s, 平均: 9.34s)
    → 批次进度: 7/7 (已处理 50/50 帧, 当前批耗时: 2.31s, 平均: 8.31s)
    ✓ 所有批次完成: 总耗时 58.20s, 平均 8.31s/批
[092/112] adaptive: region=0, ep=170, variant=l2, map=selected_region
    → 处理 5 帧...
    → 批次进度: 1/1 (已处理 5/5 帧, 当前批耗时: 5.78s, 平均: 5.78s)
    ✓ 所有批次完成: 总耗时 5.78s, 平均 5.78s/批
    → 批量处理 50 帧 (共7批)...
    → 批次进度: 5/7 (已处理 40/50 帧, 当前批耗时: 9.36s, 平均: 9.30s)
    → 批次进度: 7/7 (已处理 50/50 帧, 当前批耗时: 2.34s, 平均: 8.30s)
    ✓ 所有批次完成: 总耗时 58.09s, 平均 8.30s/批
[093/112] adaptive: region=0, ep=284, variant=l2, map=selected_region
    → 处理 5 帧...
    → 批次进度: 1/1 (已处理 5/5 帧, 当前批耗时: 5.87s, 平均: 5.87s)
    ✓ 所有批次完成: 总耗时 5.87s, 平均 5.87s/批
    → 批量处理 52 帧 (共7批)...
    → 批次进度: 5/7 (已处理 40/52 帧, 当前批耗时: 9.39s, 平均: 9.38s)
    → 批次进度: 7/7 (已处理 52/52 帧, 当前批耗时: 4.68s, 平均: 8.71s)
    ✓ 所有批次完成: 总耗时 60.99s, 平均 8.71s/批
[094/112] adaptive: region=0, ep=188, variant=l2, map=selected_region
    → 处理 5 帧...
    → 批次进度: 1/1 (已处理 5/5 帧, 当前批耗时: 5.77s, 平均: 5.77s)
    ✓ 所有批次完成: 总耗时 5.77s, 平均 5.77s/批
    → 批量处理 52 帧 (共7批)...
    → 批次进度: 5/7 (已处理 40/52 帧, 当前批耗时: 9.21s, 平均: 9.27s)
    → 批次进度: 7/7 (已处理 52/52 帧, 当前批耗时: 4.66s, 平均: 8.62s)
    ✓ 所有批次完成: 总耗时 60.33s, 平均 8.62s/批
[095/112] adaptive: region=0, ep=347, variant=l2, map=selected_region
    → 处理 5 帧...
    → 批次进度: 1/1 (已处理 5/5 帧, 当前批耗时: 5.88s, 平均: 5.88s)
    ✓ 所有批次完成: 总耗时 5.88s, 平均 5.88s/批
    → 批量处理 56 帧 (共7批)...
    → 批次进度: 5/7 (已处理 40/56 帧, 当前批耗时: 9.33s, 平均: 9.34s)
    → 批次进度: 7/7 (已处理 56/56 帧, 当前批耗时: 9.32s, 平均: 9.34s)
    ✓ 所有批次完成: 总耗时 65.38s, 平均 9.34s/批
[096/112] adaptive: region=0, ep=191, variant=l2, map=selected_region
    → 处理 5 帧...
    → 批次进度: 1/1 (已处理 5/5 帧, 当前批耗时: 5.82s, 平均: 5.82s)
    ✓ 所有批次完成: 总耗时 5.82s, 平均 5.82s/批
    → 批量处理 63 帧 (共8批)...
    → 批次进度: 5/8 (已处理 40/63 帧, 当前批耗时: 9.21s, 平均: 9.24s)
    → 批次进度: 8/8 (已处理 63/63 帧, 当前批耗时: 8.23s, 平均: 9.14s)
    ✓ 所有批次完成: 总耗时 73.11s, 平均 9.14s/批
[097/112] adaptive: region=0, ep=326, variant=l2, map=selected_region
    → 处理 5 帧...
    → 批次进度: 1/1 (已处理 5/5 帧, 当前批耗时: 5.76s, 平均: 5.76s)
    ✓ 所有批次完成: 总耗时 5.76s, 平均 5.76s/批
    → 批量处理 67 帧 (共9批)...
    → 批次进度: 5/9 (已处理 40/67 帧, 当前批耗时: 9.34s, 平均: 9.34s)
    → 批次进度: 9/9 (已处理 67/67 帧, 当前批耗时: 3.49s, 平均: 8.69s)
    ✓ 所有批次完成: 总耗时 78.17s, 平均 8.69s/批
[098/112] adaptive: region=0, ep=182, variant=l2, map=selected_region
    → 处理 5 帧...
    → 批次进度: 1/1 (已处理 5/5 帧, 当前批耗时: 6.31s, 平均: 6.31s)
    ✓ 所有批次完成: 总耗时 6.31s, 平均 6.31s/批
    → 批量处理 45 帧 (共6批)...
    → 批次进度: 5/6 (已处理 40/45 帧, 当前批耗时: 9.49s, 平均: 9.44s)
    → 批次进度: 6/6 (已处理 45/45 帧, 当前批耗时: 5.82s, 平均: 8.84s)
    ✓ 所有批次完成: 总耗时 53.02s, 平均 8.84s/批
[099/112] adaptive: region=0, ep=189, variant=l2, map=selected_region
    → 处理 5 帧...
    → 批次进度: 1/1 (已处理 5/5 帧, 当前批耗时: 5.81s, 平均: 5.81s)
    ✓ 所有批次完成: 总耗时 5.81s, 平均 5.81s/批
    → 批量处理 57 帧 (共8批)...
    → 批次进度: 5/8 (已处理 40/57 帧, 当前批耗时: 9.33s, 平均: 9.45s)
    → 批次进度: 8/8 (已处理 57/57 帧, 当前批耗时: 1.19s, 平均: 8.42s)
    ✓ 所有批次完成: 总耗时 67.33s, 平均 8.42s/批
[100/112] adaptive: region=0, ep=171, variant=l2, map=selected_region
    → 处理 5 帧...
    → 批次进度: 1/1 (已处理 5/5 帧, 当前批耗时: 5.88s, 平均: 5.88s)
    ✓ 所有批次完成: 总耗时 5.88s, 平均 5.88s/批
    → 批量处理 45 帧 (共6批)...
    → 批次进度: 5/6 (已处理 40/45 帧, 当前批耗时: 9.47s, 平均: 9.38s)
    → 批次进度: 6/6 (已处理 45/45 帧, 当前批耗时: 5.91s, 平均: 8.80s)
    ✓ 所有批次完成: 总耗时 52.81s, 平均 8.80s/批
[101/112] adaptive: region=0, ep=187, variant=l2, map=selected_region
    → 处理 5 帧...
    → 批次进度: 1/1 (已处理 5/5 帧, 当前批耗时: 5.84s, 平均: 5.84s)
    ✓ 所有批次完成: 总耗时 5.84s, 平均 5.84s/批
    → 批量处理 65 帧 (共9批)...
    → 批次进度: 5/9 (已处理 40/65 帧, 当前批耗时: 9.32s, 平均: 9.31s)
    → 批次进度: 9/9 (已处理 65/65 帧, 当前批耗时: 1.18s, 平均: 8.45s)
    ✓ 所有批次完成: 总耗时 76.02s, 平均 8.45s/批
[102/112] adaptive: region=6, ep=11, variant=l2, map=selected_region
    → 处理 5 帧...
    → 批次进度: 1/1 (已处理 5/5 帧, 当前批耗时: 5.83s, 平均: 5.83s)
    ✓ 所有批次完成: 总耗时 5.83s, 平均 5.83s/批
    → 批量处理 67 帧 (共9批)...
    → 批次进度: 5/9 (已处理 40/67 帧, 当前批耗时: 9.35s, 平均: 9.33s)
    → 批次进度: 9/9 (已处理 67/67 帧, 当前批耗时: 3.50s, 平均: 8.69s)
    ✓ 所有批次完成: 总耗时 78.22s, 平均 8.69s/批
[103/112] adaptive: region=6, ep=271, variant=l2, map=selected_region
    → 处理 5 帧...
    → 批次进度: 1/1 (已处理 5/5 帧, 当前批耗时: 5.77s, 平均: 5.77s)
    ✓ 所有批次完成: 总耗时 5.77s, 平均 5.77s/批
    → 批量处理 57 帧 (共8批)...
    → 批次进度: 5/8 (已处理 40/57 帧, 当前批耗时: 9.17s, 平均: 9.22s)
    → 批次进度: 8/8 (已处理 57/57 帧, 当前批耗时: 1.17s, 平均: 8.21s)
    ✓ 所有批次完成: 总耗时 65.64s, 平均 8.21s/批
[104/112] adaptive: region=6, ep=29, variant=l2, map=selected_region
    → 处理 5 帧...
    → 批次进度: 1/1 (已处理 5/5 帧, 当前批耗时: 5.92s, 平均: 5.92s)
    ✓ 所有批次完成: 总耗时 5.92s, 平均 5.92s/批
    → 批量处理 47 帧 (共6批)...
    → 批次进度: 5/6 (已处理 40/47 帧, 当前批耗时: 9.54s, 平均: 9.47s)
    → 批次进度: 6/6 (已处理 47/47 帧, 当前批耗时: 8.17s, 平均: 9.26s)
    ✓ 所有批次完成: 总耗时 55.53s, 平均 9.26s/批
[105/112] adaptive: region=6, ep=33, variant=l2, map=selected_region
    → 处理 5 帧...
    → 批次进度: 1/1 (已处理 5/5 帧, 当前批耗时: 5.86s, 平均: 5.86s)
    ✓ 所有批次完成: 总耗时 5.86s, 平均 5.86s/批
    → 批量处理 52 帧 (共7批)...
    → 批次进度: 5/7 (已处理 40/52 帧, 当前批耗时: 9.39s, 平均: 9.38s)
    → 批次进度: 7/7 (已处理 52/52 帧, 当前批耗时: 4.72s, 平均: 8.72s)
    ✓ 所有批次完成: 总耗时 61.05s, 平均 8.72s/批
[106/112] adaptive: region=6, ep=12, variant=l2, map=selected_region
    → 处理 5 帧...
    → 批次进度: 1/1 (已处理 5/5 帧, 当前批耗时: 8.72s, 平均: 8.72s)
    ✓ 所有批次完成: 总耗时 8.72s, 平均 8.72s/批
    → 批量处理 62 帧 (共8批)...
    → 批次进度: 5/8 (已处理 40/62 帧, 当前批耗时: 9.27s, 平均: 10.49s)
    → 批次进度: 8/8 (已处理 62/62 帧, 当前批耗时: 6.95s, 平均: 9.73s)
    ✓ 所有批次完成: 总耗时 77.87s, 平均 9.73s/批
[107/112] adaptive: region=6, ep=14, variant=l2, map=selected_region
    → 处理 5 帧...
    → 批次进度: 1/1 (已处理 5/5 帧, 当前批耗时: 5.85s, 平均: 5.85s)
    ✓ 所有批次完成: 总耗时 5.85s, 平均 5.85s/批
    → 批量处理 67 帧 (共9批)...
    → 批次进度: 5/9 (已处理 40/67 帧, 当前批耗时: 9.37s, 平均: 9.39s)
    → 批次进度: 9/9 (已处理 67/67 帧, 当前批耗时: 3.51s, 平均: 8.73s)
    ✓ 所有批次完成: 总耗时 78.59s, 平均 8.73s/批
[108/112] adaptive: region=6, ep=238, variant=l2, map=selected_region
    → 处理 5 帧...
    → 批次进度: 1/1 (已处理 5/5 帧, 当前批耗时: 5.82s, 平均: 5.82s)
    ✓ 所有批次完成: 总耗时 5.82s, 平均 5.82s/批
    → 批量处理 48 帧 (共6批)...
    → 批次进度: 5/6 (已处理 40/48 帧, 当前批耗时: 9.47s, 平均: 9.31s)
    → 批次进度: 6/6 (已处理 48/48 帧, 当前批耗时: 9.36s, 平均: 9.32s)
    ✓ 所有批次完成: 总耗时 55.93s, 平均 9.32s/批
[109/112] adaptive: region=6, ep=26, variant=l2, map=selected_region
    → 处理 5 帧...
    → 批次进度: 1/1 (已处理 5/5 帧, 当前批耗时: 5.81s, 平均: 5.81s)
    ✓ 所有批次完成: 总耗时 5.81s, 平均 5.81s/批
    → 批量处理 63 帧 (共8批)...
    → 批次进度: 5/8 (已处理 40/63 帧, 当前批耗时: 9.22s, 平均: 9.20s)
    → 批次进度: 8/8 (已处理 63/63 帧, 当前批耗时: 8.10s, 平均: 9.10s)
    ✓ 所有批次完成: 总耗时 72.79s, 平均 9.10s/批
[110/112] adaptive: region=6, ep=6, variant=l2, map=selected_region
    → 处理 5 帧...
    → 批次进度: 1/1 (已处理 5/5 帧, 当前批耗时: 5.77s, 平均: 5.77s)
    ✓ 所有批次完成: 总耗时 5.77s, 平均 5.77s/批
    → 批量处理 47 帧 (共6批)...
    → 批次进度: 5/6 (已处理 40/47 帧, 当前批耗时: 9.28s, 平均: 9.24s)
    → 批次进度: 6/6 (已处理 47/47 帧, 当前批耗时: 8.13s, 平均: 9.06s)
    ✓ 所有批次完成: 总耗时 54.34s, 平均 9.06s/批
[111/112] adaptive: region=6, ep=30, variant=l2, map=selected_region
    → 处理 5 帧...
    → 批次进度: 1/1 (已处理 5/5 帧, 当前批耗时: 5.78s, 平均: 5.78s)
    ✓ 所有批次完成: 总耗时 5.78s, 平均 5.78s/批
    → 批量处理 68 帧 (共9批)...
    → 批次进度: 5/9 (已处理 40/68 帧, 当前批耗时: 9.39s, 平均: 9.33s)
    → 批次进度: 9/9 (已处理 68/68 帧, 当前批耗时: 4.63s, 平均: 8.81s)
    ✓ 所有批次完成: 总耗时 79.31s, 平均 8.81s/批
[112/112] adaptive: region=6, ep=256, variant=l2, map=selected_region
============================================================================
selection written to: /data/zhonglinye/jun/lerobot/personal/work2/our_v7/outputs/our_v7_robomme_l2_full_112x3_seed42/selection/MoveCube_easy/selected_episodes_v7.json
selected=112
regions=40
initial=8
adaptive=104
raw visual cache=/data/zhonglinye/jun/lerobot/personal/work2/our_v7/shared_raw_embeddings/MoveCube_easy/smolvlm_raw_first5_wrist20_70_v1_1593f4a11d0b
causal validation: PASS
============================================================================

=== V7 selecting PatternLock_medium (robomme) ===
============================================================================
Our-V7 paper-faithful causal demonstration acquisition
benchmark=robomme
dataset=PatternLock_medium
budget=112
visual_variant=l2
ablation=full
configuration source: episode_initial_states.json -> initial_configuration
configuration fields: movable_objects/randomized_targets/articulations/task_config (scene_state excluded)
configuration normalization: task-relevant admissible-support bounds
KMeans init: deterministic centroid-nearest + farthest-point traversal
B0 init: deterministic centroid-nearest + farthest-point traversal
priority: g_k + minmax(u_visual) + minmax(u_action)
============================================================================
/data/zhonglinye/application/miniconda3/envs/lb_server/lib/python3.12/site-packages/sklearn/base.py:1403: ConvergenceWarning: Number of distinct clusters (16) found smaller than n_clusters (40). Possibly due to duplicate points in X.
  return fit_method(estimator, *args, **kwargs)
Traceback (most recent call last):
  File "/data/zhonglinye/jun/lerobot/personal/work2/our_v7/experiments/select_episodes_v7.py", line 125, in <module>
    main()
  File "/data/zhonglinye/jun/lerobot/personal/work2/our_v7/experiments/select_episodes_v7.py", line 92, in main
    planner = planner_cls(
              ^^^^^^^^^^^^
  File "/data/zhonglinye/jun/lerobot/personal/work2/our_v7/core/robomme_planner.py", line 118, in __init__
    self.regions, self.episode_to_region, self.kmeans_init_episode_ids = self._build_regions()
                                                                         ^^^^^^^^^^^^^^^^^^^^^
  File "/data/zhonglinye/jun/lerobot/personal/work2/our_v7/core/planner.py", line 264, in _build_regions
    raise RuntimeError(f"Deterministic KMeans produced empty region {rid}")
RuntimeError: Deterministic KMeans produced empty region 16
