MiniVLA Experiment: random_200_seed42_disassemblev3corner_minivla_random
Dataset: disassemble-v3_corner
GPU: 0
Start time: 2026-09-09 16:58:20

Stage 1: Episode Selection (random)

Episode Selection (CACHED)
Subset file already exists: /data/zhonglinye/jun/lerobot/personal/work2/differentvlm/minivla/experiments/random_200_seed42_disassemblev3corner_minivla_random/subsets/random_200_seed42.json
Stage 1 complete: 0.0s

Stage 2: MiniVLA Training

Running MiniVLA Training
Output directory exists but no checkpoints found, starting fresh training
Experiment name: random_200_seed42_disassemblev3corner_minivla_random
Selected episodes: 200
Episode indices: [0,1,3,4,5,12,13,14,15,16,17,20,21,22,23,24,27,28,32,33,35,36,39,40,41,42,44,46,47,49,50,51,52,54,56,57,58,61,63,67,70,71,73,76,78,79,80,81,82,83,87,91,92,95,98,101,107,108,110,111,112,114,116,117,119,121,124,125,126,128,129,134,135,136,137,138,140,142,145,148,150,153,155,160,161,163,166,168,172,174,176,181,183,185,186,187,189,193,194,195,196,197,199,202,204,205,206,208,210,212,214,215,216,219,222,223,224,229,232,233,234,235,236,237,239,245,252,254,255,256,258,260,261,265,270,272,273,274,275,279,282,285,286,287,288,290,291,295,296,299,301,302,303,306,308,309,310,311,312,314,316,317,319,321,323,325,327,332,337,340,342,346,348,353,357,359,360,361,363,365,366,368,371,375,377,379,381,383,384,387,388,389,390,391,392,394,395,396,398,399]
Dataset root: personal/work2/dataset_view/disassemble-v3_corner
Output dir: /data/zhonglinye/jun/lerobot/personal/work2/differentvlm/minivla/experiments/random_200_seed42_disassemblev3corner_minivla_random/checkpoints
Training log: /data/zhonglinye/jun/lerobot/personal/work2/differentvlm/minivla/experiments/random_200_seed42_disassemblev3corner_minivla_random/logs/random_200_seed42_disassemblev3corner_minivla_random_training.log
VQ model path: Stanford-ILIAD/pretrain_vq
Steps: 20000
Batch size: 4
GPU: 0
Dataset name: disassemble-v3_corner
Extracted task name: disassemble-v3

Running: lerobot-train ...
Output dir: /data/zhonglinye/jun/lerobot/personal/work2/differentvlm/minivla/experiments/random_200_seed42_disassemblev3corner_minivla_random/checkpoints
Log file: /data/zhonglinye/jun/lerobot/personal/work2/differentvlm/minivla/experiments/random_200_seed42_disassemblev3corner_minivla_random/logs/random_200_seed42_disassemblev3corner_minivla_random_training.log
MiniVLA Experiment: random_200_seed42_disassemblev3corner_minivla_random
Dataset: disassemble-v3_corner
GPU: 0
Start time: 2026-09-09 17:01:55

Stage 1: Episode Selection (random)

Episode Selection (CACHED)
Subset file already exists: /data/zhonglinye/jun/lerobot/personal/work2/differentvlm/minivla/experiments/random_200_seed42_disassemblev3corner_minivla_random/subsets/random_200_seed42.json
Stage 1 complete: 0.0s

Stage 2: MiniVLA Training

Running MiniVLA Training
Experiment name: random_200_seed42_disassemblev3corner_minivla_random
Selected episodes: 200
Episode indices: [0,1,3,4,5,12,13,14,15,16,17,20,21,22,23,24,27,28,32,33,35,36,39,40,41,42,44,46,47,49,50,51,52,54,56,57,58,61,63,67,70,71,73,76,78,79,80,81,82,83,87,91,92,95,98,101,107,108,110,111,112,114,116,117,119,121,124,125,126,128,129,134,135,136,137,138,140,142,145,148,150,153,155,160,161,163,166,168,172,174,176,181,183,185,186,187,189,193,194,195,196,197,199,202,204,205,206,208,210,212,214,215,216,219,222,223,224,229,232,233,234,235,236,237,239,245,252,254,255,256,258,260,261,265,270,272,273,274,275,279,282,285,286,287,288,290,291,295,296,299,301,302,303,306,308,309,310,311,312,314,316,317,319,321,323,325,327,332,337,340,342,346,348,353,357,359,360,361,363,365,366,368,371,375,377,379,381,383,384,387,388,389,390,391,392,394,395,396,398,399]
Dataset root: personal/work2/dataset_view/disassemble-v3_corner
Output dir: /data/zhonglinye/jun/lerobot/personal/work2/differentvlm/minivla/experiments/random_200_seed42_disassemblev3corner_minivla_random/checkpoints
Training log: /data/zhonglinye/jun/lerobot/personal/work2/differentvlm/minivla/experiments/random_200_seed42_disassemblev3corner_minivla_random/logs/random_200_seed42_disassemblev3corner_minivla_random_training.log
VQ model path: Stanford-ILIAD/pretrain_vq
Steps: 20000
Batch size: 4
GPU: 0
Dataset name: disassemble-v3_corner
Extracted task name: disassemble-v3

Running: lerobot-train ...
Output dir: /data/zhonglinye/jun/lerobot/personal/work2/differentvlm/minivla/experiments/random_200_seed42_disassemblev3corner_minivla_random/checkpoints
Log file: /data/zhonglinye/jun/lerobot/personal/work2/differentvlm/minivla/experiments/random_200_seed42_disassemblev3corner_minivla_random/logs/random_200_seed42_disassemblev3corner_minivla_random_training.log
WARNING: Training exited with code 1
Check log: /data/zhonglinye/jun/lerobot/personal/work2/differentvlm/minivla/experiments/random_200_seed42_disassemblev3corner_minivla_random/logs/random_200_seed42_disassemblev3corner_minivla_random_training.log

Training complete.
Checkpoint dir: /data/zhonglinye/jun/lerobot/personal/work2/differentvlm/minivla/experiments/random_200_seed42_disassemblev3corner_minivla_random/checkpoints/checkpoints
Stage 2 complete: 16143.7s

Stage 3: Evaluation (all checkpoints)

Found 1 checkpoints to evaluate:
  step_020000: /data/zhonglinye/jun/lerobot/personal/work2/differentvlm/minivla/experiments/random_200_seed42_disassemblev3corner_minivla_random/checkpoints/checkpoints/020000/pretrained_model

Running Evaluation for checkpoint step_020000
Checkpoint: /data/zhonglinye/jun/lerobot/personal/work2/differentvlm/minivla/experiments/random_200_seed42_disassemblev3corner_minivla_random/checkpoints/checkpoints/020000/pretrained_model
N episodes: 200
Seed: 42
GPU: 0

Running: lerobot-eval ...
Eval log: /data/zhonglinye/jun/lerobot/personal/work2/differentvlm/minivla/experiments/random_200_seed42_disassemblev3corner_minivla_random/logs/random_200_seed42_disassemblev3corner_minivla_random_eval_step_020000.log
WARNING: Eval exited with code 1

Eval results for step_020000:
  pc_success: -1
  pc_grasp_success: -1
  parse_status: failed

Results saved to: /data/zhonglinye/jun/lerobot/personal/work2/differentvlm/minivla/experiments/random_200_seed42_disassemblev3corner_minivla_random/eval_results/eval_results_step_020000.json

Eval Summary
  step_020000: pc_success=-1, pc_grasp_success=-1

Summary saved to: /data/zhonglinye/jun/lerobot/personal/work2/differentvlm/minivla/experiments/random_200_seed42_disassemblev3corner_minivla_random/eval_results/eval_summary.json
Stage 3 complete: 65.5s

Experiment summary saved to: /data/zhonglinye/jun/lerobot/personal/work2/differentvlm/minivla/experiments/random_200_seed42_disassemblev3corner_minivla_random/experiment_summary.json
MiniVLA Experiment Complete
Total time: 4.50 hours (270.2 minutes)
Summary: /data/zhonglinye/jun/lerobot/personal/work2/differentvlm/minivla/experiments/random_200_seed42_disassemblev3corner_minivla_random/experiment_summary.json
pc_success: -1
pc_grasp_success: -1
