nohup: 忽略输入
================================================================================
12k Corner 7-Model Attention Analysis Aggregation
================================================================================

  Output directory: /data/zhonglinye/jun/lerobot/personal/work2/attention_fig/analysis_12k_corner

[1/9] Loading model metadata from model_configs_12k_corner.py...
  Loaded 7 model metadata entries from model_configs_12k_corner.py

[2/9] Aggregating attention metrics...
  Scanning attention_summary.csv files...
  Saved /data/zhonglinye/jun/lerobot/personal/work2/attention_fig/analysis_12k_corner/attention_aggregate.csv with 21 rows

[3/9] Aggregating phase reach statistics...
  Scanning rollout metadata for phase reach...
  Saved /data/zhonglinye/jun/lerobot/personal/work2/attention_fig/analysis_12k_corner/phase_reach_aggregate.csv with 28 rows

[4/9] Aggregating heatmap statistics...
  Scanning heatmap npz files...
  Saved /data/zhonglinye/jun/lerobot/personal/work2/attention_fig/analysis_12k_corner/heatmap_statistics.csv with 63 rows

[5/9] Aggregating inference trace...
  Scanning inference trace data from per-seed directories...
  Saved /data/zhonglinye/jun/lerobot/personal/work2/attention_fig/analysis_12k_corner/inference_trace_aggregate.csv with 210 rows

[6/9] Aggregating pairwise action divergence...
  Scanning pairwise divergence CSVs...
  Saved /data/zhonglinye/jun/lerobot/personal/work2/attention_fig/analysis_12k_corner/pairwise_action_divergence_aggregate.csv with 210 rows

[7/9] Aggregating velocity statistics...
  Computing velocity statistics from inference trace...
  Saved /data/zhonglinye/jun/lerobot/personal/work2/attention_fig/analysis_12k_corner/velocity_statistics.csv with 7 rows

[8/9] Writing model performance metadata...
  Saved /data/zhonglinye/jun/lerobot/personal/work2/attention_fig/analysis_12k_corner/model_performance_metadata.csv with 7 rows

[9/9] Generating summary report...
  Generating summary report...
  Saved /data/zhonglinye/jun/lerobot/personal/work2/attention_fig/analysis_12k_corner/analysis_12k_corner_summary.md

================================================================================
DONE. All outputs saved to:
  /data/zhonglinye/jun/lerobot/personal/work2/attention_fig/analysis_12k_corner
================================================================================
