2026-09-12 16:55:08 [INFO] ============================================================
2026-09-12 16:55:08 [INFO] Distribution Analysis started for task: Disassemble-v3
2026-09-12 16:55:08 [INFO] Selection budget: 112
2026-09-12 16:55:08 [INFO] ============================================================
2026-09-12 16:55:08 [INFO] Auto-resolved dir: /data/zhonglinye/jun/lerobot/personal/work2/duibi/deminf_112_seed42_disassemble-v3_corner
2026-09-12 16:55:08 [INFO] Found subset JSON: /data/zhonglinye/jun/lerobot/personal/work2/duibi/deminf_112_seed42_disassemble-v3_corner/subsets/deminf_112_seed42.json
2026-09-12 16:55:08 [INFO] Dataset dir: /data/zhonglinye/jun/lerobot/personal/work2/dataset_view/disassemble-v3_corner
2026-09-12 16:55:08 [INFO] Candidate pool: /data/zhonglinye/jun/lerobot/personal/work2/dataset_view/disassemble-v3_corner/episode_initial_states.json
2026-09-12 16:55:08 [INFO] Visual embeddings: /data/zhonglinye/jun/lerobot/personal/work2/shared_embeddings/pick_place_disassemble-v3_corner/smolvlm2-500m_last-hidden-tokenmean_global-first5_wrist-20to70_temporal-mean_pca32_v1
2026-09-12 16:55:08 [INFO] Action descriptors: /data/zhonglinye/jun/lerobot/personal/work2/action_descriptors/pick_place_disassemble-v3_corner
2026-09-12 16:55:08 [INFO] Ours selection: /data/zhonglinye/jun/lerobot/personal/work2/differentvlm/experiments/tinyvla_s_disassemble-v3_corner/results/v5_selection_output/subsets/our_v5_112_seed42.json
2026-09-12 16:55:08 [INFO] Random selection: /data/zhonglinye/jun/lerobot/personal/work2/differentvlm/minivla/experiments/random_200_seed42_disassemblev3corner_minivla_random/subsets/random_200_seed42.json
2026-09-12 16:55:08 [INFO] DemInf selection: /data/zhonglinye/jun/lerobot/personal/work2/duibi/deminf_112_seed42_disassemble-v3_corner/subsets/deminf_112_seed42.json
2026-09-12 16:55:08 [INFO] Loaded 400 candidate pool episodes from episode_initial_states.json
2026-09-12 16:55:08 [INFO] Loading episode data (rand_vec, visual embedding, action descriptor)...
2026-09-12 16:55:08 [INFO] Episodes with complete data (rand_vec+visual+action): 400 / 400
2026-09-12 16:55:08 [INFO] Loaded 200 indices from random_200_seed42.json (key=selected_episode_indices)
2026-09-12 16:55:08 [INFO] Loaded 112 indices from our_v5_112_seed42.json (key=selected_episode_indices)
2026-09-12 16:55:08 [INFO] Loaded 112 indices from deminf_112_seed42.json (key=selected_episode_indices)
2026-09-12 16:55:08 [INFO] Candidate pool size: 400
2026-09-12 16:55:08 [INFO] Raw random subset size: 200
2026-09-12 16:55:08 [INFO] Raw ours subset size: 112
2026-09-12 16:55:08 [INFO] Raw DemInf subset size: 112
2026-09-12 16:55:08 [INFO] Applying selection budget: 112
2026-09-12 16:55:08 [INFO] Random (budget=112): 112 episodes
2026-09-12 16:55:08 [INFO] Ours (budget=112): 112 episodes
2026-09-12 16:55:08 [INFO] DemInf (budget=112): 112 episodes
2026-09-12 16:55:08 [INFO] Building rand_vec regions via KMeans (auxiliary)...
2026-09-12 16:55:08 [INFO] Created 40 configuration regions
2026-09-12 16:55:08 [INFO] ==================================================
2026-09-12 16:55:08 [INFO] Starting multi-view configuration space visualization
2026-09-12 16:55:08 [INFO] ==================================================
2026-09-12 16:55:08 [INFO] rand_vec dimension: 6
2026-09-12 16:55:09 [INFO] Saved: personal/work2/distribution_analysis/results/raw_configuration_dim3_dim1.png
2026-09-12 16:55:11 [INFO] Saved: personal/work2/distribution_analysis/results/raw_configuration_dim1_dim4.png
2026-09-12 16:55:12 [INFO] Saved: personal/work2/distribution_analysis/results/raw_configuration_dim3_dim4.png
2026-09-12 16:55:12 [INFO] PCA explained variance ratio: [0.23948729 0.1874494  0.17702857]
2026-09-12 16:55:13 [INFO] Saved: personal/work2/distribution_analysis/results/pca_PC1_PC2.png
2026-09-12 16:55:17 [INFO] Saved: personal/work2/distribution_analysis/results/pca_PC1_PC3.png
2026-09-12 16:55:18 [INFO] Saved: personal/work2/distribution_analysis/results/pca_PC2_PC3.png
2026-09-12 16:55:18 [INFO] Density visualization PCA explained variance: [0.23948729 0.1874494 ]
2026-09-12 16:55:20 [INFO] Saved: personal/work2/distribution_analysis/results/density_configuration_distribution.png
2026-09-12 16:55:20 [INFO] UMAP visualization skipped: umap-learn not installed. Install with: pip install umap-learn
2026-09-12 16:55:20 [INFO] Multi-view visualization complete
2026-09-12 16:55:20 [INFO] Computing distribution statistics...
2026-09-12 16:55:20 [INFO] Distribution statistics computed:
2026-09-12 16:55:20 [INFO]   random: {'method': 'random', 'selection_budget': 112, 'coverage_ratio': 0.95, 'entropy': 3.4499, 'nearest_neighbor_distance': 0.0275, 'pairwise_configuration_distance': 0.1179, 'visual_diversity': 1.8823, 'action_diversity': 6.5431, 'js_divergence': 0.213, 'emd_distance': 1.5089}
2026-09-12 16:55:20 [INFO]   deminf: {'method': 'deminf', 'selection_budget': 112, 'coverage_ratio': 0.75, 'entropy': 3.2011, 'nearest_neighbor_distance': 0.0237, 'pairwise_configuration_distance': 0.106, 'visual_diversity': 1.222, 'action_diversity': 3.3806, 'js_divergence': 0.3032, 'emd_distance': 2.0418}
2026-09-12 16:55:20 [INFO]   ours: {'method': 'ours', 'selection_budget': 112, 'coverage_ratio': 1.0, 'entropy': 3.643, 'nearest_neighbor_distance': 0.0268, 'pairwise_configuration_distance': 0.1224, 'visual_diversity': 1.7595, 'action_diversity': 5.569, 'js_divergence': 0.0553, 'emd_distance': 0.1414}
2026-09-12 16:55:20 [INFO] Statistics JSON saved: personal/work2/distribution_analysis/results/statistics.json
2026-09-12 16:55:20 [INFO] Statistics CSV saved: personal/work2/distribution_analysis/results/statistics.csv
2026-09-12 16:55:20 [INFO] Computing region coverage (auxiliary)...
2026-09-12 16:55:20 [INFO] Region coverage comparison figure saved
2026-09-12 16:55:20 [INFO] Region coverage CSV saved: personal/work2/distribution_analysis/results/region_coverage.csv
2026-09-12 16:55:20 [INFO] ============================================================
2026-09-12 16:55:20 [INFO] Analysis complete! All results saved to: personal/work2/distribution_analysis/results
2026-09-12 16:55:20 [INFO] ============================================================
