nohup: 忽略输入
[2026年 09月 08日 星期二 00:48:10 CST] 开始等待5小时...
[2026年 09月 08日 星期二 05:48:10 CST] 等待结束，开始监控GPU3显存使用情况...
[2026年 09月 08日 星期二 05:48:10 CST] GPU3当前显存使用: 1172MiB
[2026年 09月 08日 星期二 05:48:10 CST] GPU3显存使用(1172MiB)已小于5000MiB，开始执行任务...

CondaError: Run 'conda init' before 'conda activate'

personal/work2/differentvlm/minivla/scripts/run_tmux_minivla.sh: 行 1: za#!/bin/bash: 没有那个文件或目录
  MiniVLA Experiment Launcher
  GPU:            3
  Dataset:        disassemble-v3_corner
  Num Episodes:   112
  Seed:           42
  Selection Mode: random
  Tmux Session:   minivla_disassemble-v3_corner_gpu3
  Log File:       /data/zhonglinye/jun/lerobot/personal/work2/differentvlm/minivla/logs/disassemble-v3_corner_gpu3/experiment.log
  Project Root:   /data/zhonglinye/jun/lerobot

Starting experiment in tmux session: minivla_disassemble-v3_corner_gpu3
To attach: tmux attach -t minivla_disassemble-v3_corner_gpu3
To detach: Ctrl+B, then D
To kill:   tmux kill-session -t minivla_disassemble-v3_corner_gpu3

Experiment started successfully!
Monitor with: tmux attach -t minivla_disassemble-v3_corner_gpu3
Or watch log: tail -f /data/zhonglinye/jun/lerobot/personal/work2/differentvlm/minivla/logs/disassemble-v3_corner_gpu3/experiment.log
[2026年 09月 08日 星期二 05:48:11 CST] 任务执行完毕，停止监控。
[2026年 09月 08日 星期二 05:48:11 CST] 监控脚本执行完成。
